Archive member included to satisfy reference by file (symbol)

c:/Users/elhyd/AppData/Roaming/Code/User/globalStorage/bmd.stm32-for-vscode/@xpack-dev-tools/arm-none-eabi-gcc/14.2.1-1.1.1/.content/bin/../lib/gcc/arm-none-eabi/14.2.1/../../../../arm-none-eabi/lib/thumb/v7e-m+fp/hard\libc_nano.a(libc_a-atexit.o)
                              c:/Users/elhyd/AppData/Roaming/Code/User/globalStorage/bmd.stm32-for-vscode/@xpack-dev-tools/arm-none-eabi-gcc/14.2.1-1.1.1/.content/bin/../lib/gcc/arm-none-eabi/14.2.1/../../../../arm-none-eabi/lib/thumb/v7e-m+fp/hard/crt0.o (atexit)
c:/Users/elhyd/AppData/Roaming/Code/User/globalStorage/bmd.stm32-for-vscode/@xpack-dev-tools/arm-none-eabi-gcc/14.2.1-1.1.1/.content/bin/../lib/gcc/arm-none-eabi/14.2.1/../../../../arm-none-eabi/lib/thumb/v7e-m+fp/hard\libc_nano.a(libc_a-exit.o)
                              c:/Users/elhyd/AppData/Roaming/Code/User/globalStorage/bmd.stm32-for-vscode/@xpack-dev-tools/arm-none-eabi-gcc/14.2.1-1.1.1/.content/bin/../lib/gcc/arm-none-eabi/14.2.1/../../../../arm-none-eabi/lib/thumb/v7e-m+fp/hard/crt0.o (exit)
c:/Users/elhyd/AppData/Roaming/Code/User/globalStorage/bmd.stm32-for-vscode/@xpack-dev-tools/arm-none-eabi-gcc/14.2.1-1.1.1/.content/bin/../lib/gcc/arm-none-eabi/14.2.1/../../../../arm-none-eabi/lib/thumb/v7e-m+fp/hard\libc_nano.a(libc_a-rand.o)
                              build/debug/SimonGame.o (srand)
c:/Users/elhyd/AppData/Roaming/Code/User/globalStorage/bmd.stm32-for-vscode/@xpack-dev-tools/arm-none-eabi-gcc/14.2.1-1.1.1/.content/bin/../lib/gcc/arm-none-eabi/14.2.1/../../../../arm-none-eabi/lib/thumb/v7e-m+fp/hard\libc_nano.a(libc_a-findfp.o)
                              c:/Users/elhyd/AppData/Roaming/Code/User/globalStorage/bmd.stm32-for-vscode/@xpack-dev-tools/arm-none-eabi-gcc/14.2.1-1.1.1/.content/bin/../lib/gcc/arm-none-eabi/14.2.1/../../../../arm-none-eabi/lib/thumb/v7e-m+fp/hard\libc_nano.a(libc_a-exit.o) (__stdio_exit_handler)
c:/Users/elhyd/AppData/Roaming/Code/User/globalStorage/bmd.stm32-for-vscode/@xpack-dev-tools/arm-none-eabi-gcc/14.2.1-1.1.1/.content/bin/../lib/gcc/arm-none-eabi/14.2.1/../../../../arm-none-eabi/lib/thumb/v7e-m+fp/hard\libc_nano.a(libc_a-fwalk.o)
                              c:/Users/elhyd/AppData/Roaming/Code/User/globalStorage/bmd.stm32-for-vscode/@xpack-dev-tools/arm-none-eabi-gcc/14.2.1-1.1.1/.content/bin/../lib/gcc/arm-none-eabi/14.2.1/../../../../arm-none-eabi/lib/thumb/v7e-m+fp/hard\libc_nano.a(libc_a-findfp.o) (_fwalk_sglue)
c:/Users/elhyd/AppData/Roaming/Code/User/globalStorage/bmd.stm32-for-vscode/@xpack-dev-tools/arm-none-eabi-gcc/14.2.1-1.1.1/.content/bin/../lib/gcc/arm-none-eabi/14.2.1/../../../../arm-none-eabi/lib/thumb/v7e-m+fp/hard\libc_nano.a(libc_a-snprintf.o)
                              build/debug/SimonGame.o (snprintf)
c:/Users/elhyd/AppData/Roaming/Code/User/globalStorage/bmd.stm32-for-vscode/@xpack-dev-tools/arm-none-eabi-gcc/14.2.1-1.1.1/.content/bin/../lib/gcc/arm-none-eabi/14.2.1/../../../../arm-none-eabi/lib/thumb/v7e-m+fp/hard\libc_nano.a(libc_a-stdio.o)
                              c:/Users/elhyd/AppData/Roaming/Code/User/globalStorage/bmd.stm32-for-vscode/@xpack-dev-tools/arm-none-eabi-gcc/14.2.1-1.1.1/.content/bin/../lib/gcc/arm-none-eabi/14.2.1/../../../../arm-none-eabi/lib/thumb/v7e-m+fp/hard\libc_nano.a(libc_a-findfp.o) (__sread)
c:/Users/elhyd/AppData/Roaming/Code/User/globalStorage/bmd.stm32-for-vscode/@xpack-dev-tools/arm-none-eabi-gcc/14.2.1-1.1.1/.content/bin/../lib/gcc/arm-none-eabi/14.2.1/../../../../arm-none-eabi/lib/thumb/v7e-m+fp/hard\libc_nano.a(libc_a-memset.o)
                              c:/Users/elhyd/AppData/Roaming/Code/User/globalStorage/bmd.stm32-for-vscode/@xpack-dev-tools/arm-none-eabi-gcc/14.2.1-1.1.1/.content/bin/../lib/gcc/arm-none-eabi/14.2.1/../../../../arm-none-eabi/lib/thumb/v7e-m+fp/hard/crt0.o (memset)
c:/Users/elhyd/AppData/Roaming/Code/User/globalStorage/bmd.stm32-for-vscode/@xpack-dev-tools/arm-none-eabi-gcc/14.2.1-1.1.1/.content/bin/../lib/gcc/arm-none-eabi/14.2.1/../../../../arm-none-eabi/lib/thumb/v7e-m+fp/hard\libc_nano.a(libc_a-closer.o)
                              c:/Users/elhyd/AppData/Roaming/Code/User/globalStorage/bmd.stm32-for-vscode/@xpack-dev-tools/arm-none-eabi-gcc/14.2.1-1.1.1/.content/bin/../lib/gcc/arm-none-eabi/14.2.1/../../../../arm-none-eabi/lib/thumb/v7e-m+fp/hard\libc_nano.a(libc_a-stdio.o) (_close_r)
c:/Users/elhyd/AppData/Roaming/Code/User/globalStorage/bmd.stm32-for-vscode/@xpack-dev-tools/arm-none-eabi-gcc/14.2.1-1.1.1/.content/bin/../lib/gcc/arm-none-eabi/14.2.1/../../../../arm-none-eabi/lib/thumb/v7e-m+fp/hard\libc_nano.a(libc_a-reent.o)
                              c:/Users/elhyd/AppData/Roaming/Code/User/globalStorage/bmd.stm32-for-vscode/@xpack-dev-tools/arm-none-eabi-gcc/14.2.1-1.1.1/.content/bin/../lib/gcc/arm-none-eabi/14.2.1/../../../../arm-none-eabi/lib/thumb/v7e-m+fp/hard\libc_nano.a(libc_a-closer.o) (errno)
[...]
Memory Configuration

Name             Origin             Length             Attributes
FLASH            0x08000000         0x00080000         xr
RAM1             0x20000008         0x0002fff8         xrw
RAM_SHARED       0x20030000         0x00002800         xrw
*default*        0x00000000         0xffffffff

Linker script and memory map

LOAD c:/Users/elhyd/AppData/Roaming/Code/User/globalStorage/bmd.stm32-for-vscode/@xpack-dev-tools/arm-none-eabi-gcc/14.2.1-1.1.1/.content/bin/../lib/gcc/arm-none-eabi/14.2.1/thumb/v7e-m+fp/hard/crti.o
LOAD c:/Users/elhyd/AppData/Roaming/Code/User/globalStorage/bmd.stm32-for-vscode/@xpack-dev-tools/arm-none-eabi-gcc/14.2.1-1.1.1/.content/bin/../lib/gcc/arm-none-eabi/14.2.1/thumb/v7e-m+fp/hard/crtbegin.o
LOAD c:/Users/elhyd/AppData/Roaming/Code/User/globalStorage/bmd.stm32-for-vscode/@xpack-dev-tools/arm-none-eabi-gcc/14.2.1-1.1.1/.content/bin/../lib/gcc/arm-none-eabi/14.2.1/../../../../arm-none-eabi/lib/thumb/v7e-m+fp/hard/crt0.o
LOAD build/debug/SimonGame.o
LOAD build/debug/adc.o
LOAD build/debug/gpio.o
LOAD build/debug/joystick.o
LOAD build/debug/lcd1602.o
LOAD build/debug/main.o
LOAD build/debug/stm32wbxx_hal.o
LOAD build/debug/stm32wbxx_hal_adc.o
LOAD build/debug/stm32wbxx_hal_adc_ex.o
LOAD build/debug/stm32wbxx_hal_cortex.o
LOAD build/debug/stm32wbxx_hal_dma.o
LOAD build/debug/stm32wbxx_hal_dma_ex.o
LOAD build/debug/stm32wbxx_hal_exti.o
LOAD build/debug/stm32wbxx_hal_flash.o
LOAD build/debug/stm32wbxx_hal_flash_ex.o
LOAD build/debug/stm32wbxx_hal_gpio.o
LOAD build/debug/stm32wbxx_hal_hsem.o
LOAD build/debug/stm32wbxx_hal_msp.o
LOAD build/debug/stm32wbxx_hal_pwr.o
LOAD build/debug/stm32wbxx_hal_pwr_ex.o
LOAD build/debug/stm32wbxx_hal_rcc.o
LOAD build/debug/stm32wbxx_hal_rcc_ex.o
LOAD build/debug/stm32wbxx_hal_tim.o
LOAD build/debug/stm32wbxx_hal_tim_ex.o
LOAD build/debug/stm32wbxx_hal_uart.o
LOAD build/debug/stm32wbxx_hal_uart_ex.o
LOAD build/debug/stm32wbxx_it.o
LOAD build/debug/stm32wbxx_ll_adc.o
LOAD build/debug/stm32wbxx_ll_rcc.o
LOAD build/debug/syscalls.o
LOAD build/debug/sysmem.o
LOAD build/debug/system_stm32wbxx.o
LOAD build/debug/tim.o
LOAD build/debug/usart.o
LOAD build/debug/startup_stm32wb55xx_cm4.o
LOAD c:/Users/elhyd/AppData/Roaming/Code/User/globalStorage/bmd.stm32-for-vscode/@xpack-dev-tools/arm-none-eabi-gcc/14.2.1-1.1.1/.content/bin/../lib/gcc/arm-none-eabi/14.2.1/../../../../arm-none-eabi/lib/thumb/v7e-m+fp/hard\libc_nano.a
LOAD c:/Users/elhyd/AppData/Roaming/Code/User/globalStorage/bmd.stm32-for-vscode/@xpack-dev-tools/arm-none-eabi-gcc/14.2.1-1.1.1/.content/bin/../lib/gcc/arm-none-eabi/14.2.1/../../../../arm-none-eabi/lib/thumb/v7e-m+fp/hard\libm.a
LOAD c:/Users/elhyd/AppData/Roaming/Code/User/globalStorage/bmd.stm32-for-vscode/@xpack-dev-tools/arm-none-eabi-gcc/14.2.1-1.1.1/.content/bin/../lib/gcc/arm-none-eabi/14.2.1/../../../../arm-none-eabi/lib/thumb/v7e-m+fp/hard\libnosys.a
START GROUP
LOAD c:/Users/elhyd/AppData/Roaming/Code/User/globalStorage/bmd.stm32-for-vscode/@xpack-dev-tools/arm-none-eabi-gcc/14.2.1-1.1.1/.content/bin/../lib/gcc/arm-none-eabi/14.2.1/thumb/v7e-m+fp/hard\libgcc.a
LOAD c:/Users/elhyd/AppData/Roaming/Code/User/globalStorage/bmd.stm32-for-vscode/@xpack-dev-tools/arm-none-eabi-gcc/14.2.1-1.1.1/.content/bin/../lib/gcc/arm-none-eabi/14.2.1/../../../../arm-none-eabi/lib/thumb/v7e-m+fp/hard\libc_nano.a
END GROUP
START GROUP
LOAD c:/Users/elhyd/AppData/Roaming/Code/User/globalStorage/bmd.stm32-for-vscode/@xpack-dev-tools/arm-none-eabi-gcc/14.2.1-1.1.1/.content/bin/../lib/gcc/arm-none-eabi/14.2.1/thumb/v7e-m+fp/hard\libgcc.a
LOAD c:/Users/elhyd/AppData/Roaming/Code/User/globalStorage/bmd.stm32-for-vscode/@xpack-dev-tools/arm-none-eabi-gcc/14.2.1-1.1.1/.content/bin/../lib/gcc/arm-none-eabi/14.2.1/../../../../arm-none-eabi/lib/thumb/v7e-m+fp/hard\libc_nano.a
END GROUP
LOAD c:/Users/elhyd/AppData/Roaming/Code/User/globalStorage/bmd.stm32-for-vscode/@xpack-dev-tools/arm-none-eabi-gcc/14.2.1-1.1.1/.content/bin/../lib/gcc/arm-none-eabi/14.2.1/thumb/v7e-m+fp/hard/crtend.o
LOAD c:/Users/elhyd/AppData/Roaming/Code/User/globalStorage/bmd.stm32-for-vscode/@xpack-dev-tools/arm-none-eabi-gcc/14.2.1-1.1.1/.content/bin/../lib/gcc/arm-none-eabi/14.2.1/thumb/v7e-m+fp/hard/crtn.o
                0x20030000                        _estack = 0x20030000
                0x00000200                        _Min_Heap_Size = 0x200
                0x00000400                        _Min_Stack_Size = 0x400

.isr_vector     0x08000000      0x13c
                0x08000000                        . = ALIGN (0x4)
 *(.isr_vector)
 .isr_vector    0x08000000      0x13c build/debug/startup_stm32wb55xx_cm4.o
                0x08000000                g_pfnVectors
                0x0800013c                        . = ALIGN (0x4)

.text           0x08000140     0x5508
                0x08000140                        . = ALIGN (0x4)
 *(.text)
 .text          0x08000140       0x10 c:/Users/elhyd/AppData/Roaming/Code/User/globalStorage/bmd.stm32-for-vscode/@xpack-dev-tools/arm-none-eabi-gcc/14.2.1-1.1.1/.content/bin/../lib/gcc/arm-none-eabi/14.2.1/../../../../arm-none-eabi/lib/thumb/v7e-m+fp/hard\libc_nano.a(libc_a-strlen.o)
                0x08000140                strlen
 .text          0x08000150       0xa0 c:/Users/elhyd/AppData/Roaming/Code/User/globalStorage/bmd.stm32-for-vscode/@xpack-dev-tools/arm-none-eabi-gcc/14.2.1-1.1.1/.content/bin/../lib/gcc/arm-none-eabi/14.2.1/../../../../arm-none-eabi/lib/thumb/v7e-m+fp/hard\libc_nano.a(libc_a-memchr.o)
                0x08000150                memchr
 .text          0x080001f0       0x30 c:/Users/elhyd/AppData/Roaming/Code/User/globalStorage/bmd.stm32-for-vscode/@xpack-dev-tools/arm-none-eabi-gcc/14.2.1-1.1.1/.content/bin/../lib/gcc/arm-none-eabi/14.2.1/thumb/v7e-m+fp/hard\libgcc.a(_aeabi_uldivmod.o)
                0x080001f0                __aeabi_uldivmod
 .text          0x08000220        0x4 c:/Users/elhyd/AppData/Roaming/Code/User/globalStorage/bmd.stm32-for-vscode/@xpack-dev-tools/arm-none-eabi-gcc/14.2.1-1.1.1/.content/bin/../lib/gcc/arm-none-eabi/14.2.1/thumb/v7e-m+fp/hard\libgcc.a(_dvmd_tls.o)
                0x08000220                __aeabi_idiv0
                0x08000220                __aeabi_ldiv0
 *(.text*)
 .text.__do_global_dtors_aux
                0x08000224       0x24 c:/Users/elhyd/AppData/Roaming/Code/User/globalStorage/bmd.stm32-for-vscode/@xpack-dev-tools/arm-none-eabi-gcc/14.2.1-1.1.1/.content/bin/../lib/gcc/arm-none-eabi/14.2.1/thumb/v7e-m+fp/hard/crtbegin.o
 .text.frame_dummy
                0x08000248       0x1c c:/Users/elhyd/AppData/Roaming/Code/User/globalStorage/bmd.stm32-for-vscode/@xpack-dev-tools/arm-none-eabi-gcc/14.2.1-1.1.1/.content/bin/../lib/gcc/arm-none-eabi/14.2.1/thumb/v7e-m+fp/hard/crtbegin.o
 .text.Game_Init
                0x08000264       0x12 build/debug/SimonGame.o
                0x08000264                Game_Init
 .text.displayOnLCD
                0x08000276       0x2c build/debug/SimonGame.o
                0x08000276                displayOnLCD
 .text.compareSequences
                0x080002a2       0x74 build/debug/SimonGame.o
                0x080002a2                compareSequences
 *fill*         0x08000316        0x2 
 .text.computerTurn
                0x08000318      0x114 build/debug/SimonGame.o
                0x08000318                computerTurn
 .text.debounceButtons
                0x0800042c       0x52 build/debug/SimonGame.o
                0x0800042c                debounceButtons
 *fill*         0x0800047e        0x2 
 .text.getButtonPressed
                0x08000480      0x100 build/debug/SimonGame.o
                0x08000480                getButtonPressed
 .text.playerTurn
                0x08000580       0x3c build/debug/SimonGame.o
                0x08000580                playerTurn
 .text.Game_Run
                0x080005bc      0x528 build/debug/SimonGame.o
                0x080005bc                Game_Run
 .text.HAL_TIM_PeriodElapsedCallback
                0x08000ae4       0x60 build/debug/SimonGame.o
                0x08000ae4                HAL_TIM_PeriodElapsedCallback
 .text.MX_ADC1_Init
                0x08000b44       0x84 build/debug/adc.o
                0x08000b44                MX_ADC1_Init
 .text.HAL_ADC_MspInit
                0x08000bc8       0x9c build/debug/adc.o
                0x08000bc8                HAL_ADC_MspInit
 .text.MX_GPIO_Init
                0x08000c64      0x148 build/debug/gpio.o
                0x08000c64                MX_GPIO_Init
 .text.Read_ADC_Channel
                0x08000dac       0x56 build/debug/joystick.o
 .text.Joystick_Init
                0x08000e02       0x12 build/debug/joystick.o
                0x08000e02                Joystick_Init
 .text.Joystick_Calibrate
                0x08000e14       0x28 build/debug/joystick.o
                0x08000e14                Joystick_Calibrate
 .text.Joystick_GetDirection
                0x08000e3c       0x2c build/debug/joystick.o
                0x08000e3c                Joystick_GetDirection
 .text.Joystick_ReadXY
                0x08000e68       0x1c build/debug/joystick.o
                0x08000e68                Joystick_ReadXY
 .text.Joystick_Pressed
                0x08000e84       0x2c build/debug/joystick.o
                0x08000e84                Joystick_Pressed
 .text.Delay_us
                0x08000eb0       0x14 build/debug/lcd1602.o
                0x08000eb0                Delay_us
 .text.Delay_ms
                0x08000ec4        0x8 build/debug/lcd1602.o
                0x08000ec4                Delay_ms
 .text.LCD_strobe
                0x08000ecc       0x28 build/debug/lcd1602.o
                0x08000ecc                LCD_strobe
 .text.LCD_send_4bit
                0x08000ef4       0x40 build/debug/lcd1602.o
                0x08000ef4                LCD_send_4bit
 .text.LCD_cmd_4bit
                0x08000f34       0x24 build/debug/lcd1602.o
                0x08000f34                LCD_cmd_4bit
 .text.LCD_data_4bit
                0x08000f58       0x30 build/debug/lcd1602.o
                0x08000f58                LCD_data_4bit
 .text.LCD_GotoXY
                0x08000f88       0x14 build/debug/lcd1602.o
                0x08000f88                LCD_GotoXY
 .text.LCD_Init
                0x08000f9c       0x40 build/debug/lcd1602.o
                0x08000f9c                LCD_Init
 .text.LCD_Cls  0x08000fdc       0x1c build/debug/lcd1602.o
                0x08000fdc                LCD_Cls
 .text.LCD_Print
                0x08000ff8       0x14 build/debug/lcd1602.o
                0x08000ff8                LCD_Print
 .text.Error_Handler
                0x0800100c        0x4 build/debug/main.o
                0x0800100c                Error_Handler
 .text.SystemClock_Config
                0x08001010       0xa2 build/debug/main.o
                0x08001010                SystemClock_Config
 .text.PeriphCommonClock_Config
                0x080010b2       0x24 build/debug/main.o
                0x080010b2                PeriphCommonClock_Config
 *fill*         0x080010d6        0x2 
 .text.main     0x080010d8       0x74 build/debug/main.o
                0x080010d8                main
 .text.HAL_InitTick
                0x0800114c       0x50 build/debug/stm32wbxx_hal.o
                0x0800114c                HAL_InitTick
 .text.HAL_Init
                0x0800119c       0x2c build/debug/stm32wbxx_hal.o
                0x0800119c                HAL_Init
 .text.HAL_IncTick
                0x080011c8       0x18 build/debug/stm32wbxx_hal.o
                0x080011c8                HAL_IncTick
 .text.HAL_GetTick
                0x080011e0        0xc build/debug/stm32wbxx_hal.o
                0x080011e0                HAL_GetTick
 .text.HAL_GetTickPrio
                0x080011ec        0xc build/debug/stm32wbxx_hal.o
                0x080011ec                HAL_GetTickPrio
 .text.HAL_Delay
                0x080011f8       0x28 build/debug/stm32wbxx_hal.o
                0x080011f8                HAL_Delay
 .text.LL_ADC_REG_SetSequencerRanks
                0x08001220       0x30 build/debug/stm32wbxx_hal_adc.o
 .text.LL_ADC_SetChannelSamplingTime
                0x08001250       0x2c build/debug/stm32wbxx_hal_adc.o
 .text.HAL_ADC_Init
                0x0800127c      0x1d8 build/debug/stm32wbxx_hal_adc.o
                0x0800127c                HAL_ADC_Init
 .text.HAL_ADC_PollForConversion
                0x08001454       0xb4 build/debug/stm32wbxx_hal_adc.o
                0x08001454                HAL_ADC_PollForConversion
 .text.HAL_ADC_GetValue
                0x08001508        0x6 build/debug/stm32wbxx_hal_adc.o
                0x08001508                HAL_ADC_GetValue
 *fill*         0x0800150e        0x2 
 .text.HAL_ADC_ConfigChannel
                0x08001510      0x42c build/debug/stm32wbxx_hal_adc.o
                0x08001510                HAL_ADC_ConfigChannel
 .text.ADC_ConversionStop
                0x0800193c      0x104 build/debug/stm32wbxx_hal_adc.o
                0x0800193c                ADC_ConversionStop
 .text.ADC_Enable
                0x08001a40       0xd0 build/debug/stm32wbxx_hal_adc.o
                0x08001a40                ADC_Enable
 .text.HAL_ADC_Start
                0x08001b10       0x78 build/debug/stm32wbxx_hal_adc.o
                0x08001b10                HAL_ADC_Start
 .text.ADC_Disable
                0x08001b88       0x94 build/debug/stm32wbxx_hal_adc.o
                0x08001b88                ADC_Disable
 .text.HAL_ADC_Stop
                0x08001c1c       0x42 build/debug/stm32wbxx_hal_adc.o
                0x08001c1c                HAL_ADC_Stop
 *fill*         0x08001c5e        0x2 
 .text.__NVIC_EnableIRQ
                0x08001c60       0x1c build/debug/stm32wbxx_hal_cortex.o
 .text.__NVIC_SetPriority
                0x08001c7c       0x28 build/debug/stm32wbxx_hal_cortex.o
 .text.NVIC_EncodePriority
                0x08001ca4       0x3e build/debug/stm32wbxx_hal_cortex.o
 *fill*         0x08001ce2        0x2 
 .text.HAL_NVIC_SetPriorityGrouping
                0x08001ce4       0x24 build/debug/stm32wbxx_hal_cortex.o
                0x08001ce4                HAL_NVIC_SetPriorityGrouping
 .text.HAL_NVIC_SetPriority
                0x08001d08       0x20 build/debug/stm32wbxx_hal_cortex.o
                0x08001d08                HAL_NVIC_SetPriority
 .text.HAL_NVIC_EnableIRQ
                0x08001d28        0x8 build/debug/stm32wbxx_hal_cortex.o
                0x08001d28                HAL_NVIC_EnableIRQ
 .text.HAL_SYSTICK_Config
                0x08001d30       0x28 build/debug/stm32wbxx_hal_cortex.o
                0x08001d30                HAL_SYSTICK_Config
 .text.HAL_GPIO_Init
                0x08001d58      0x1b4 build/debug/stm32wbxx_hal_gpio.o
                0x08001d58                HAL_GPIO_Init
 .text.HAL_GPIO_ReadPin
                0x08001f0c        0xe build/debug/stm32wbxx_hal_gpio.o
                0x08001f0c                HAL_GPIO_ReadPin
 .text.HAL_GPIO_WritePin
                0x08001f1a        0xa build/debug/stm32wbxx_hal_gpio.o
                0x08001f1a                HAL_GPIO_WritePin
 .text.HAL_MspInit
                0x08001f24        0x2 build/debug/stm32wbxx_hal_msp.o
                0x08001f24                HAL_MspInit
 *fill*         0x08001f26        0x2 
 .text.HAL_PWR_EnableBkUpAccess
                0x08001f28       0x10 build/debug/stm32wbxx_hal_pwr.o
                0x08001f28                HAL_PWR_EnableBkUpAccess
 .text.HAL_PWREx_GetVoltageRange
                0x08001f38       0x10 build/debug/stm32wbxx_hal_pwr_ex.o
                0x08001f38                HAL_PWREx_GetVoltageRange
 .text.RCC_SetFlashLatency
                0x08001f48       0xc0 build/debug/stm32wbxx_hal_rcc.o
 .text.RCC_SetFlashLatencyFromMSIRange
                0x08002008       0x4c build/debug/stm32wbxx_hal_rcc.o
 .text.HAL_RCC_GetSysClockFreq
                0x08002054       0xc0 build/debug/stm32wbxx_hal_rcc.o
                0x08002054                HAL_RCC_GetSysClockFreq
 .text.HAL_RCC_GetHCLKFreq
                0x08002114       0x20 build/debug/stm32wbxx_hal_rcc.o
                0x08002114                HAL_RCC_GetHCLKFreq
 .text.HAL_RCC_OscConfig
                0x08002134      0x718 build/debug/stm32wbxx_hal_rcc.o
                0x08002134                HAL_RCC_OscConfig
 .text.HAL_RCC_ClockConfig
                0x0800284c      0x264 build/debug/stm32wbxx_hal_rcc.o
                0x0800284c                HAL_RCC_ClockConfig
 .text.HAL_RCC_GetPCLK1Freq
                0x08002ab0       0x24 build/debug/stm32wbxx_hal_rcc.o
                0x08002ab0                HAL_RCC_GetPCLK1Freq
 .text.HAL_RCC_GetPCLK2Freq
                0x08002ad4       0x24 build/debug/stm32wbxx_hal_rcc.o
                0x08002ad4                HAL_RCC_GetPCLK2Freq
 .text.LL_RCC_SetI2CClockSource
                0x08002af8       0x20 build/debug/stm32wbxx_hal_rcc_ex.o
 .text.RCCEx_PLLSAI1_ConfigNP
                0x08002b18       0x8e build/debug/stm32wbxx_hal_rcc_ex.o
 .text.RCCEx_PLLSAI1_ConfigNQ
                0x08002ba6       0x8e build/debug/stm32wbxx_hal_rcc_ex.o
 .text.RCCEx_PLLSAI1_ConfigNR
                0x08002c34       0x8e build/debug/stm32wbxx_hal_rcc_ex.o
 .text.HAL_RCCEx_PeriphCLKConfig
                0x08002cc2      0x2f2 build/debug/stm32wbxx_hal_rcc_ex.o
                0x08002cc2                HAL_RCCEx_PeriphCLKConfig
 .text.TIM_TI1_ConfigInputStage
                0x08002fb4       0x26 build/debug/stm32wbxx_hal_tim.o
 .text.TIM_TI2_ConfigInputStage
                0x08002fda       0x28 build/debug/stm32wbxx_hal_tim.o
 .text.TIM_ITRx_SetConfig
                0x08003002       0x14 build/debug/stm32wbxx_hal_tim.o
 *fill*         0x08003016        0x2 
 .text.HAL_TIM_Base_Start
                0x08003018       0x58 build/debug/stm32wbxx_hal_tim.o
                0x08003018                HAL_TIM_Base_Start
 .text.HAL_TIM_Base_Start_IT
                0x08003070       0x64 build/debug/stm32wbxx_hal_tim.o
                0x08003070                HAL_TIM_Base_Start_IT
 .text.HAL_TIM_OC_DelayElapsedCallback
                0x080030d4        0x2 build/debug/stm32wbxx_hal_tim.o
                0x080030d4                HAL_TIM_OC_DelayElapsedCallback
 .text.HAL_TIM_IC_CaptureCallback
                0x080030d6        0x2 build/debug/stm32wbxx_hal_tim.o
                0x080030d6                HAL_TIM_IC_CaptureCallback
 .text.HAL_TIM_PWM_PulseFinishedCallback
                0x080030d8        0x2 build/debug/stm32wbxx_hal_tim.o
                0x080030d8                HAL_TIM_PWM_PulseFinishedCallback
 .text.HAL_TIM_TriggerCallback
                0x080030da        0x2 build/debug/stm32wbxx_hal_tim.o
                0x080030da                HAL_TIM_TriggerCallback
 .text.HAL_TIM_IRQHandler
                0x080030dc      0x17a build/debug/stm32wbxx_hal_tim.o
                0x080030dc                HAL_TIM_IRQHandler
 *fill*         0x08003256        0x2 
 .text.TIM_Base_SetConfig
                0x08003258       0x78 build/debug/stm32wbxx_hal_tim.o
                0x08003258                TIM_Base_SetConfig
 .text.HAL_TIM_Base_Init
                0x080032d0       0x60 build/debug/stm32wbxx_hal_tim.o
                0x080032d0                HAL_TIM_Base_Init
 .text.TIM_ETR_SetConfig
                0x08003330       0x1a build/debug/stm32wbxx_hal_tim.o
                0x08003330                TIM_ETR_SetConfig
 *fill*         0x0800334a        0x2 
 .text.HAL_TIM_ConfigClockSource
                0x0800334c      0x100 build/debug/stm32wbxx_hal_tim.o
                0x0800334c                HAL_TIM_ConfigClockSource
 .text.HAL_TIMEx_MasterConfigSynchronization
                0x0800344c       0x68 build/debug/stm32wbxx_hal_tim_ex.o
                0x0800344c                HAL_TIMEx_MasterConfigSynchronization
 .text.HAL_TIMEx_CommutCallback
                0x080034b4        0x2 build/debug/stm32wbxx_hal_tim_ex.o
                0x080034b4                HAL_TIMEx_CommutCallback
 .text.HAL_TIMEx_BreakCallback
                0x080034b6        0x2 build/debug/stm32wbxx_hal_tim_ex.o
                0x080034b6                HAL_TIMEx_BreakCallback
 .text.HAL_TIMEx_Break2Callback
                0x080034b8        0x2 build/debug/stm32wbxx_hal_tim_ex.o
                0x080034b8                HAL_TIMEx_Break2Callback
 .text.UART_EndRxTransfer
                0x080034ba       0x56 build/debug/stm32wbxx_hal_uart.o
 .text.UART_SetConfig
                0x08003510      0x254 build/debug/stm32wbxx_hal_uart.o
                0x08003510                UART_SetConfig
 .text.UART_AdvFeatureConfig
                0x08003764       0xca build/debug/stm32wbxx_hal_uart.o
                0x08003764                UART_AdvFeatureConfig
 .text.UART_WaitOnFlagUntilTimeout
                0x0800382e       0x9e build/debug/stm32wbxx_hal_uart.o
                0x0800382e                UART_WaitOnFlagUntilTimeout
 .text.HAL_UART_Transmit
                0x080038cc       0xd2 build/debug/stm32wbxx_hal_uart.o
                0x080038cc                HAL_UART_Transmit
 .text.UART_CheckIdleState
                0x0800399e       0xca build/debug/stm32wbxx_hal_uart.o
                0x0800399e                UART_CheckIdleState
 .text.HAL_UART_Init
                0x08003a68       0x66 build/debug/stm32wbxx_hal_uart.o
                0x08003a68                HAL_UART_Init
 *fill*         0x08003ace        0x2 
 .text.UARTEx_SetNbDataToProcess
                0x08003ad0       0x4c build/debug/stm32wbxx_hal_uart_ex.o
 .text.HAL_UARTEx_DisableFifoMode
                0x08003b1c       0x3e build/debug/stm32wbxx_hal_uart_ex.o
                0x08003b1c                HAL_UARTEx_DisableFifoMode
 .text.HAL_UARTEx_SetTxFifoThreshold
                0x08003b5a       0x4a build/debug/stm32wbxx_hal_uart_ex.o
                0x08003b5a                HAL_UARTEx_SetTxFifoThreshold
 .text.HAL_UARTEx_SetRxFifoThreshold
                0x08003ba4       0x4a build/debug/stm32wbxx_hal_uart_ex.o
                0x08003ba4                HAL_UARTEx_SetRxFifoThreshold
 .text.NMI_Handler
                0x08003bee        0x2 build/debug/stm32wbxx_it.o
                0x08003bee                NMI_Handler
 .text.HardFault_Handler
                0x08003bf0        0x2 build/debug/stm32wbxx_it.o
                0x08003bf0                HardFault_Handler
 .text.MemManage_Handler
                0x08003bf2        0x2 build/debug/stm32wbxx_it.o
                0x08003bf2                MemManage_Handler
 .text.BusFault_Handler
                0x08003bf4        0x2 build/debug/stm32wbxx_it.o
                0x08003bf4                BusFault_Handler
 .text.UsageFault_Handler
                0x08003bf6        0x2 build/debug/stm32wbxx_it.o
                0x08003bf6                UsageFault_Handler
 .text.SVC_Handler
                0x08003bf8        0x2 build/debug/stm32wbxx_it.o
                0x08003bf8                SVC_Handler
 .text.DebugMon_Handler
                0x08003bfa        0x2 build/debug/stm32wbxx_it.o
                0x08003bfa                DebugMon_Handler
 .text.PendSV_Handler
                0x08003bfc        0x2 build/debug/stm32wbxx_it.o
                0x08003bfc                PendSV_Handler
 .text.SysTick_Handler
                0x08003bfe        0x8 build/debug/stm32wbxx_it.o
                0x08003bfe                SysTick_Handler
 *fill*         0x08003c06        0x2 
 .text.TIM2_IRQHandler
                0x08003c08       0x10 build/debug/stm32wbxx_it.o
                0x08003c08                TIM2_IRQHandler
 .text._getpid  0x08003c18        0x4 build/debug/syscalls.o
                0x08003c18                _getpid
 .text._kill    0x08003c1c       0x10 build/debug/syscalls.o
                0x08003c1c                _kill
 .text._exit    0x08003c2c        0xc build/debug/syscalls.o
                0x08003c2c                _exit
 .text._read    0x08003c38       0x20 build/debug/syscalls.o
                0x08003c38                _read
 .text._write   0x08003c58       0x1c build/debug/syscalls.o
                0x08003c58                _write
 .text._close   0x08003c74        0x6 build/debug/syscalls.o
                0x08003c74                _close
 .text._fstat   0x08003c7a        0xa build/debug/syscalls.o
                0x08003c7a                _fstat
 .text._isatty  0x08003c84        0x4 build/debug/syscalls.o
                0x08003c84                _isatty
 .text._lseek   0x08003c88        0x4 build/debug/syscalls.o
                0x08003c88                _lseek
 .text._sbrk    0x08003c8c       0x48 build/debug/sysmem.o
                0x08003c8c                _sbrk
 .text.SystemInit
                0x08003cd4       0x64 build/debug/system_stm32wbxx.o
                0x08003cd4                SystemInit
 .text.MX_TIM2_Init
                0x08003d38       0x78 build/debug/tim.o
                0x08003d38                MX_TIM2_Init
 .text.HAL_TIM_Base_MspInit
                0x08003db0       0x3a build/debug/tim.o
                0x08003db0                HAL_TIM_Base_MspInit
 *fill*         0x08003dea        0x2 
 .text.MX_USART1_UART_Init
                0x08003dec       0x68 build/debug/usart.o
                0x08003dec                MX_USART1_UART_Init
 .text.HAL_UART_MspInit
                0x08003e54       0x84 build/debug/usart.o
                0x08003e54                HAL_UART_MspInit
 .text.data_initializers
                0x08003ed8       0x18 build/debug/startup_stm32wb55xx_cm4.o
 .text.Reset_Handler
                0x08003ef0       0x58 build/debug/startup_stm32wb55xx_cm4.o
                0x08003ef0                Reset_Handler
 .text.Default_Handler
                0x08003f48        0x2 build/debug/startup_stm32wb55xx_cm4.o
                0x08003f48                RTC_Alarm_IRQHandler
                0x08003f48                EXTI2_IRQHandler
                0x08003f48                TIM1_CC_IRQHandler
                0x08003f48                TSC_IRQHandler
                0x08003f48                USB_HP_IRQHandler
                0x08003f48                EXTI3_IRQHandler
                0x08003f48                LPTIM2_IRQHandler
                0x08003f48                I2C3_ER_IRQHandler
                0x08003f48                EXTI0_IRQHandler
                0x08003f48                FPU_IRQHandler
                0x08003f48                TIM1_UP_TIM16_IRQHandler
                0x08003f48                AES1_IRQHandler
                0x08003f48                SPI1_IRQHandler
                0x08003f48                PWR_SOTF_BLEACT_802ACT_RFPHASE_IRQHandler
                0x08003f48                DMA2_Channel2_IRQHandler
                0x08003f48                DMA1_Channel4_IRQHandler
                0x08003f48                ADC1_IRQHandler
                0x08003f48                PKA_IRQHandler
                0x08003f48                DMA1_Channel7_IRQHandler
                0x08003f48                LCD_IRQHandler
                0x08003f48                IPCC_C1_TX_IRQHandler
                0x08003f48                DMA2_Channel1_IRQHandler
                0x08003f48                QUADSPI_IRQHandler
                0x08003f48                I2C1_EV_IRQHandler
                0x08003f48                DMAMUX1_OVR_IRQHandler
                0x08003f48                DMA1_Channel6_IRQHandler
                0x08003f48                DMA2_Channel4_IRQHandler
                0x08003f48                RCC_IRQHandler
                0x08003f48                DMA1_Channel1_IRQHandler
                0x08003f48                Default_Handler
                0x08003f48                DMA2_Channel7_IRQHandler
                0x08003f48                EXTI15_10_IRQHandler
                0x08003f48                IPCC_C1_RX_IRQHandler
                0x08003f48                C2SEV_PWR_C2H_IRQHandler
                0x08003f48                AES2_IRQHandler
                0x08003f48                I2C3_EV_IRQHandler
                0x08003f48                EXTI9_5_IRQHandler
                0x08003f48                RTC_WKUP_IRQHandler
                0x08003f48                PVD_PVM_IRQHandler
                0x08003f48                SPI2_IRQHandler
                0x08003f48                DMA2_Channel5_IRQHandler
                0x08003f48                CRS_IRQHandler
                0x08003f48                DMA1_Channel5_IRQHandler
                0x08003f48                USB_LP_IRQHandler
                0x08003f48                EXTI4_IRQHandler
                0x08003f48                RNG_IRQHandler
                0x08003f48                TIM1_TRG_COM_TIM17_IRQHandler
                0x08003f48                TAMP_STAMP_LSECSS_IRQHandler
                0x08003f48                DMA1_Channel3_IRQHandler
                0x08003f48                COMP_IRQHandler
                0x08003f48                HSEM_IRQHandler
                0x08003f48                WWDG_IRQHandler
                0x08003f48                LPUART1_IRQHandler
                0x08003f48                DMA2_Channel6_IRQHandler
                0x08003f48                TIM1_BRK_IRQHandler
                0x08003f48                EXTI1_IRQHandler
                0x08003f48                DMA1_Channel2_IRQHandler
                0x08003f48                FLASH_IRQHandler
                0x08003f48                USART1_IRQHandler
                0x08003f48                I2C1_ER_IRQHandler
                0x08003f48                LPTIM1_IRQHandler
                0x08003f48                SAI1_IRQHandler
                0x08003f48                DMA2_Channel3_IRQHandler
 *fill*         0x08003f4a        0x2 
 .text.srand    0x08003f4c       0x5c c:/Users/elhyd/AppData/Roaming/Code/User/globalStorage/bmd.stm32-for-vscode/@xpack-dev-tools/arm-none-eabi-gcc/14.2.1-1.1.1/.content/bin/../lib/gcc/arm-none-eabi/14.2.1/../../../../arm-none-eabi/lib/thumb/v7e-m+fp/hard\libc_nano.a(libc_a-rand.o)
                0x08003f4c                srand
 .text.rand     0x08003fa8       0x7c c:/Users/elhyd/AppData/Roaming/Code/User/globalStorage/bmd.stm32-for-vscode/@xpack-dev-tools/arm-none-eabi-gcc/14.2.1-1.1.1/.content/bin/../lib/gcc/arm-none-eabi/14.2.1/../../../../arm-none-eabi/lib/thumb/v7e-m+fp/hard\libc_nano.a(libc_a-rand.o)
                0x08003fa8                rand
 .text.std      0x08004024       0x6c c:/Users/elhyd/AppData/Roaming/Code/User/globalStorage/bmd.stm32-for-vscode/@xpack-dev-tools/arm-none-eabi-gcc/14.2.1-1.1.1/.content/bin/../lib/gcc/arm-none-eabi/14.2.1/../../../../arm-none-eabi/lib/thumb/v7e-m+fp/hard\libc_nano.a(libc_a-findfp.o)
 .text.stdio_exit_handler
                0x08004090       0x18 c:/Users/elhyd/AppData/Roaming/Code/User/globalStorage/bmd.stm32-for-vscode/@xpack-dev-tools/arm-none-eabi-gcc/14.2.1-1.1.1/.content/bin/../lib/gcc/arm-none-eabi/14.2.1/../../../../arm-none-eabi/lib/thumb/v7e-m+fp/hard\libc_nano.a(libc_a-findfp.o)
 .text.cleanup_stdio
                0x080040a8       0x40 c:/Users/elhyd/AppData/Roaming/Code/User/globalStorage/bmd.stm32-for-vscode/@xpack-dev-tools/arm-none-eabi-gcc/14.2.1-1.1.1/.content/bin/../lib/gcc/arm-none-eabi/14.2.1/../../../../arm-none-eabi/lib/thumb/v7e-m+fp/hard\libc_nano.a(libc_a-findfp.o)
 .text.global_stdio_init.part.0
                0x080040e8       0x40 c:/Users/elhyd/AppData/Roaming/Code/User/globalStorage/bmd.stm32-for-vscode/@xpack-dev-tools/arm-none-eabi-gcc/14.2.1-1.1.1/.content/bin/../lib/gcc/arm-none-eabi/14.2.1/../../../../arm-none-eabi/lib/thumb/v7e-m+fp/hard\libc_nano.a(libc_a-findfp.o)
 .text.__sfp_lock_acquire
                0x08004128        0xc c:/Users/elhyd/AppData/Roaming/Code/User/globalStorage/bmd.stm32-for-vscode/@xpack-dev-tools/arm-none-eabi-gcc/14.2.1-1.1.1/.content/bin/../lib/gcc/arm-none-eabi/14.2.1/../../../../arm-none-eabi/lib/thumb/v7e-m+fp/hard\libc_nano.a(libc_a-findfp.o)
                0x08004128                __sfp_lock_acquire
 .text.__sfp_lock_release
                0x08004134        0xc c:/Users/elhyd/AppData/Roaming/Code/User/globalStorage/bmd.stm32-for-vscode/@xpack-dev-tools/arm-none-eabi-gcc/14.2.1-1.1.1/.content/bin/../lib/gcc/arm-none-eabi/14.2.1/../../../../arm-none-eabi/lib/thumb/v7e-m+fp/hard\libc_nano.a(libc_a-findfp.o)
                0x08004134                __sfp_lock_release
 .text.__sinit  0x08004140       0x30 c:/Users/elhyd/AppData/Roaming/Code/User/globalStorage/bmd.stm32-for-vscode/@xpack-dev-tools/arm-none-eabi-gcc/14.2.1-1.1.1/.content/bin/../lib/gcc/arm-none-eabi/14.2.1/../../../../arm-none-eabi/lib/thumb/v7e-m+fp/hard\libc_nano.a(libc_a-findfp.o)
                0x08004140                __sinit
 .text._fwalk_sglue
                0x08004170       0x3c c:/Users/elhyd/AppData/Roaming/Code/User/globalStorage/bmd.stm32-for-vscode/@xpack-dev-tools/arm-none-eabi-gcc/14.2.1-1.1.1/.content/bin/../lib/gcc/arm-none-eabi/14.2.1/../../../../arm-none-eabi/lib/thumb/v7e-m+fp/hard\libc_nano.a(libc_a-fwalk.o)
                0x08004170                _fwalk_sglue
 .text.snprintf
                0x080041ac       0x6c c:/Users/elhyd/AppData/Roaming/Code/User/globalStorage/bmd.stm32-for-vscode/@xpack-dev-tools/arm-none-eabi-gcc/14.2.1-1.1.1/.content/bin/../lib/gcc/arm-none-eabi/14.2.1/../../../../arm-none-eabi/lib/thumb/v7e-m+fp/hard\libc_nano.a(libc_a-snprintf.o)
                0x080041ac                sniprintf
                0x080041ac                snprintf
 .text.__sread  0x08004218       0x22 c:/Users/elhyd/AppData/Roaming/Code/User/globalStorage/bmd.stm32-for-vscode/@xpack-dev-tools/arm-none-eabi-gcc/14.2.1-1.1.1/.content/bin/../lib/gcc/arm-none-eabi/14.2.1/../../../../arm-none-eabi/lib/thumb/v7e-m+fp/hard\libc_nano.a(libc_a-stdio.o)
                0x08004218                __sread
 .text.__swrite
                0x0800423a       0x38 c:/Users/elhyd/AppData/Roaming/Code/User/globalStorage/bmd.stm32-for-vscode/@xpack-dev-tools/arm-none-eabi-gcc/14.2.1-1.1.1/.content/bin/../lib/gcc/arm-none-eabi/14.2.1/../../../../arm-none-eabi/lib/thumb/v7e-m+fp/hard\libc_nano.a(libc_a-stdio.o)
                0x0800423a                __swrite
 .text.__sseek  0x08004272       0x26 c:/Users/elhyd/AppData/Roaming/Code/User/globalStorage/bmd.stm32-for-vscode/@xpack-dev-tools/arm-none-eabi-gcc/14.2.1-1.1.1/.content/bin/../lib/gcc/arm-none-eabi/14.2.1/../../../../arm-none-eabi/lib/thumb/v7e-m+fp/hard\libc_nano.a(libc_a-stdio.o)
                0x08004272                __sseek
 .text.__sclose
                0x08004298        0x8 c:/Users/elhyd/AppData/Roaming/Code/User/globalStorage/bmd.stm32-for-vscode/@xpack-dev-tools/arm-none-eabi-gcc/14.2.1-1.1.1/.content/bin/../lib/gcc/arm-none-eabi/14.2.1/../../../../arm-none-eabi/lib/thumb/v7e-m+fp/hard\libc_nano.a(libc_a-stdio.o)
                0x08004298                __sclose
 .text.memset   0x080042a0       0x10 c:/Users/elhyd/AppData/Roaming/Code/User/globalStorage/bmd.stm32-for-vscode/@xpack-dev-tools/arm-none-eabi-gcc/14.2.1-1.1.1/.content/bin/../lib/gcc/arm-none-eabi/14.2.1/../../../../arm-none-eabi/lib/thumb/v7e-m+fp/hard\libc_nano.a(libc_a-memset.o)
                0x080042a0                memset
 .text._close_r
                0x080042b0       0x20 c:/Users/elhyd/AppData/Roaming/Code/User/globalStorage/bmd.stm32-for-vscode/@xpack-dev-tools/arm-none-eabi-gcc/14.2.1-1.1.1/.content/bin/../lib/gcc/arm-none-eabi/14.2.1/../../../../arm-none-eabi/lib/thumb/v7e-m+fp/hard\libc_nano.a(libc_a-closer.o)
                0x080042b0                _close_r
 .text._lseek_r
                0x080042d0       0x24 c:/Users/elhyd/AppData/Roaming/Code/User/globalStorage/bmd.stm32-for-vscode/@xpack-dev-tools/arm-none-eabi-gcc/14.2.1-1.1.1/.content/bin/../lib/gcc/arm-none-eabi/14.2.1/../../../../arm-none-eabi/lib/thumb/v7e-m+fp/hard\libc_nano.a(libc_a-lseekr.o)
                0x080042d0                _lseek_r
 .text._read_r  0x080042f4       0x24 c:/Users/elhyd/AppData/Roaming/Code/User/globalStorage/bmd.stm32-for-vscode/@xpack-dev-tools/arm-none-eabi-gcc/14.2.1-1.1.1/.content/bin/../lib/gcc/arm-none-eabi/14.2.1/../../../../arm-none-eabi/lib/thumb/v7e-m+fp/hard\libc_nano.a(libc_a-readr.o)
                0x080042f4                _read_r
 .text._write_r
                0x08004318       0x24 c:/Users/elhyd/AppData/Roaming/Code/User/globalStorage/bmd.stm32-for-vscode/@xpack-dev-tools/arm-none-eabi-gcc/14.2.1-1.1.1/.content/bin/../lib/gcc/arm-none-eabi/14.2.1/../../../../arm-none-eabi/lib/thumb/v7e-m+fp/hard\libc_nano.a(libc_a-writer.o)
                0x08004318                _write_r
 .text.__errno  0x0800433c        0xc c:/Users/elhyd/AppData/Roaming/Code/User/globalStorage/bmd.stm32-for-vscode/@xpack-dev-tools/arm-none-eabi-gcc/14.2.1-1.1.1/.content/bin/../lib/gcc/arm-none-eabi/14.2.1/../../../../arm-none-eabi/lib/thumb/v7e-m+fp/hard\libc_nano.a(libc_a-errno.o)
                0x0800433c                __errno
 .text.__libc_init_array
                0x08004348       0x48 c:/Users/elhyd/AppData/Roaming/Code/User/globalStorage/bmd.stm32-for-vscode/@xpack-dev-tools/arm-none-eabi-gcc/14.2.1-1.1.1/.content/bin/../lib/gcc/arm-none-eabi/14.2.1/../../../../arm-none-eabi/lib/thumb/v7e-m+fp/hard\libc_nano.a(libc_a-init.o)
                0x08004348                __libc_init_array
 .text.__retarget_lock_init_recursive
                0x08004390        0x2 c:/Users/elhyd/AppData/Roaming/Code/User/globalStorage/bmd.stm32-for-vscode/@xpack-dev-tools/arm-none-eabi-gcc/14.2.1-1.1.1/.content/bin/../lib/gcc/arm-none-eabi/14.2.1/../../../../arm-none-eabi/lib/thumb/v7e-m+fp/hard\libc_nano.a(libc_a-lock.o)
                0x08004390                __retarget_lock_init_recursive
 .text.__retarget_lock_acquire_recursive
                0x08004392        0x2 c:/Users/elhyd/AppData/Roaming/Code/User/globalStorage/bmd.stm32-for-vscode/@xpack-dev-tools/arm-none-eabi-gcc/14.2.1-1.1.1/.content/bin/../lib/gcc/arm-none-eabi/14.2.1/../../../../arm-none-eabi/lib/thumb/v7e-m+fp/hard\libc_nano.a(libc_a-lock.o)
                0x08004392                __retarget_lock_acquire_recursive
 .text.__retarget_lock_release_recursive
                0x08004394        0x2 c:/Users/elhyd/AppData/Roaming/Code/User/globalStorage/bmd.stm32-for-vscode/@xpack-dev-tools/arm-none-eabi-gcc/14.2.1-1.1.1/.content/bin/../lib/gcc/arm-none-eabi/14.2.1/../../../../arm-none-eabi/lib/thumb/v7e-m+fp/hard\libc_nano.a(libc_a-lock.o)
                0x08004394                __retarget_lock_release_recursive
 *fill*         0x08004396        0x2 
 .text.__assert_func
                0x08004398       0x3c c:/Users/elhyd/AppData/Roaming/Code/User/globalStorage/bmd.stm32-for-vscode/@xpack-dev-tools/arm-none-eabi-gcc/14.2.1-1.1.1/.content/bin/../lib/gcc/arm-none-eabi/14.2.1/../../../../arm-none-eabi/lib/thumb/v7e-m+fp/hard\libc_nano.a(libc_a-assert.o)
                0x08004398                __assert_func
 .text._free_r  0x080043d4       0x94 c:/Users/elhyd/AppData/Roaming/Code/User/globalStorage/bmd.stm32-for-vscode/@xpack-dev-tools/arm-none-eabi-gcc/14.2.1-1.1.1/.content/bin/../lib/gcc/arm-none-eabi/14.2.1/../../../../arm-none-eabi/lib/thumb/v7e-m+fp/hard\libc_nano.a(libc_a-freer.o)
                0x080043d4                _free_r
 .text.malloc   0x08004468       0x10 c:/Users/elhyd/AppData/Roaming/Code/User/globalStorage/bmd.stm32-for-vscode/@xpack-dev-tools/arm-none-eabi-gcc/14.2.1-1.1.1/.content/bin/../lib/gcc/arm-none-eabi/14.2.1/../../../../arm-none-eabi/lib/thumb/v7e-m+fp/hard\libc_nano.a(libc_a-malloc.o)
                0x08004468                malloc
 .text.sbrk_aligned
                0x08004478       0x44 c:/Users/elhyd/AppData/Roaming/Code/User/globalStorage/bmd.stm32-for-vscode/@xpack-dev-tools/arm-none-eabi-gcc/14.2.1-1.1.1/.content/bin/../lib/gcc/arm-none-eabi/14.2.1/../../../../arm-none-eabi/lib/thumb/v7e-m+fp/hard\libc_nano.a(libc_a-mallocr.o)
 .text._malloc_r
                0x080044bc      0x100 c:/Users/elhyd/AppData/Roaming/Code/User/globalStorage/bmd.stm32-for-vscode/@xpack-dev-tools/arm-none-eabi-gcc/14.2.1-1.1.1/.content/bin/../lib/gcc/arm-none-eabi/14.2.1/../../../../arm-none-eabi/lib/thumb/v7e-m+fp/hard\libc_nano.a(libc_a-mallocr.o)
                0x080044bc                _malloc_r
 .text.__malloc_lock
                0x080045bc        0xc c:/Users/elhyd/AppData/Roaming/Code/User/globalStorage/bmd.stm32-for-vscode/@xpack-dev-tools/arm-none-eabi-gcc/14.2.1-1.1.1/.content/bin/../lib/gcc/arm-none-eabi/14.2.1/../../../../arm-none-eabi/lib/thumb/v7e-m+fp/hard\libc_nano.a(libc_a-mlock.o)
                0x080045bc                __malloc_lock
 .text.__malloc_unlock
                0x080045c8        0xc c:/Users/elhyd/AppData/Roaming/Code/User/globalStorage/bmd.stm32-for-vscode/@xpack-dev-tools/arm-none-eabi-gcc/14.2.1-1.1.1/.content/bin/../lib/gcc/arm-none-eabi/14.2.1/../../../../arm-none-eabi/lib/thumb/v7e-m+fp/hard\libc_nano.a(libc_a-mlock.o)
                0x080045c8                __malloc_unlock
 .text.__ssputs_r
                0x080045d4       0xc0 c:/Users/elhyd/AppData/Roaming/Code/User/globalStorage/bmd.stm32-for-vscode/@xpack-dev-tools/arm-none-eabi-gcc/14.2.1-1.1.1/.content/bin/../lib/gcc/arm-none-eabi/14.2.1/../../../../arm-none-eabi/lib/thumb/v7e-m+fp/hard\libc_nano.a(libc_a-nano-svfprintf.o)
                0x080045d4                __ssputs_r
 .text._svfprintf_r
                0x08004694      0x1f8 c:/Users/elhyd/AppData/Roaming/Code/User/globalStorage/bmd.stm32-for-vscode/@xpack-dev-tools/arm-none-eabi-gcc/14.2.1-1.1.1/.content/bin/../lib/gcc/arm-none-eabi/14.2.1/../../../../arm-none-eabi/lib/thumb/v7e-m+fp/hard\libc_nano.a(libc_a-nano-svfprintf.o)
                0x08004694                _svfiprintf_r
                0x08004694                _svfprintf_r
 .text._printf_common
                0x0800488c       0xda c:/Users/elhyd/AppData/Roaming/Code/User/globalStorage/bmd.stm32-for-vscode/@xpack-dev-tools/arm-none-eabi-gcc/14.2.1-1.1.1/.content/bin/../lib/gcc/arm-none-eabi/14.2.1/../../../../arm-none-eabi/lib/thumb/v7e-m+fp/hard\libc_nano.a(libc_a-nano-vfprintf_i.o)
                0x0800488c                _printf_common
 *fill*         0x08004966        0x2 
 .text._printf_i
                0x08004968      0x240 c:/Users/elhyd/AppData/Roaming/Code/User/globalStorage/bmd.stm32-for-vscode/@xpack-dev-tools/arm-none-eabi-gcc/14.2.1-1.1.1/.content/bin/../lib/gcc/arm-none-eabi/14.2.1/../../../../arm-none-eabi/lib/thumb/v7e-m+fp/hard\libc_nano.a(libc_a-nano-vfprintf_i.o)
                0x08004968                _printf_i
 .text.__sflush_r
                0x08004ba8      0x104 c:/Users/elhyd/AppData/Roaming/Code/User/globalStorage/bmd.stm32-for-vscode/@xpack-dev-tools/arm-none-eabi-gcc/14.2.1-1.1.1/.content/bin/../lib/gcc/arm-none-eabi/14.2.1/../../../../arm-none-eabi/lib/thumb/v7e-m+fp/hard\libc_nano.a(libc_a-fflush.o)
                0x08004ba8                __sflush_r
 .text._fflush_r
                0x08004cac       0x50 c:/Users/elhyd/AppData/Roaming/Code/User/globalStorage/bmd.stm32-for-vscode/@xpack-dev-tools/arm-none-eabi-gcc/14.2.1-1.1.1/.content/bin/../lib/gcc/arm-none-eabi/14.2.1/../../../../arm-none-eabi/lib/thumb/v7e-m+fp/hard\libc_nano.a(libc_a-fflush.o)
                0x08004cac                _fflush_r
 .text.fprintf  0x08004cfc       0x24 c:/Users/elhyd/AppData/Roaming/Code/User/globalStorage/bmd.stm32-for-vscode/@xpack-dev-tools/arm-none-eabi-gcc/14.2.1-1.1.1/.content/bin/../lib/gcc/arm-none-eabi/14.2.1/../../../../arm-none-eabi/lib/thumb/v7e-m+fp/hard\libc_nano.a(libc_a-fprintf.o)
                0x08004cfc                fiprintf
                0x08004cfc                fprintf
 .text.memmove  0x08004d20       0x32 c:/Users/elhyd/AppData/Roaming/Code/User/globalStorage/bmd.stm32-for-vscode/@xpack-dev-tools/arm-none-eabi-gcc/14.2.1-1.1.1/.content/bin/../lib/gcc/arm-none-eabi/14.2.1/../../../../arm-none-eabi/lib/thumb/v7e-m+fp/hard\libc_nano.a(libc_a-memmove.o)
                0x08004d20                memmove
 *fill*         0x08004d52        0x2 
 .text._sbrk_r  0x08004d54       0x20 c:/Users/elhyd/AppData/Roaming/Code/User/globalStorage/bmd.stm32-for-vscode/@xpack-dev-tools/arm-none-eabi-gcc/14.2.1-1.1.1/.content/bin/../lib/gcc/arm-none-eabi/14.2.1/../../../../arm-none-eabi/lib/thumb/v7e-m+fp/hard\libc_nano.a(libc_a-sbrkr.o)
                0x08004d54                _sbrk_r
 .text.memcpy   0x08004d74       0x1c c:/Users/elhyd/AppData/Roaming/Code/User/globalStorage/bmd.stm32-for-vscode/@xpack-dev-tools/arm-none-eabi-gcc/14.2.1-1.1.1/.content/bin/../lib/gcc/arm-none-eabi/14.2.1/../../../../arm-none-eabi/lib/thumb/v7e-m+fp/hard\libc_nano.a(libc_a-memcpy-stub.o)
                0x08004d74                memcpy
 .text.abort    0x08004d90        0xe c:/Users/elhyd/AppData/Roaming/Code/User/globalStorage/bmd.stm32-for-vscode/@xpack-dev-tools/arm-none-eabi-gcc/14.2.1-1.1.1/.content/bin/../lib/gcc/arm-none-eabi/14.2.1/../../../../arm-none-eabi/lib/thumb/v7e-m+fp/hard\libc_nano.a(libc_a-abort.o)
                0x08004d90                abort
 .text._realloc_r
                0x08004d9e       0x5c c:/Users/elhyd/AppData/Roaming/Code/User/globalStorage/bmd.stm32-for-vscode/@xpack-dev-tools/arm-none-eabi-gcc/14.2.1-1.1.1/.content/bin/../lib/gcc/arm-none-eabi/14.2.1/../../../../arm-none-eabi/lib/thumb/v7e-m+fp/hard\libc_nano.a(libc_a-reallocr.o)
                0x08004d9e                _realloc_r
 .text.__sfputc_r
                0x08004dfa       0x2e c:/Users/elhyd/AppData/Roaming/Code/User/globalStorage/bmd.stm32-for-vscode/@xpack-dev-tools/arm-none-eabi-gcc/14.2.1-1.1.1/.content/bin/../lib/gcc/arm-none-eabi/14.2.1/../../../../arm-none-eabi/lib/thumb/v7e-m+fp/hard\libc_nano.a(libc_a-nano-vfprintf.o)
 .text.__sfputs_r
                0x08004e28       0x24 c:/Users/elhyd/AppData/Roaming/Code/User/globalStorage/bmd.stm32-for-vscode/@xpack-dev-tools/arm-none-eabi-gcc/14.2.1-1.1.1/.content/bin/../lib/gcc/arm-none-eabi/14.2.1/../../../../arm-none-eabi/lib/thumb/v7e-m+fp/hard\libc_nano.a(libc_a-nano-vfprintf.o)
                0x08004e28                __sfputs_r
 .text._vfprintf_r
                0x08004e4c      0x230 c:/Users/elhyd/AppData/Roaming/Code/User/globalStorage/bmd.stm32-for-vscode/@xpack-dev-tools/arm-none-eabi-gcc/14.2.1-1.1.1/.content/bin/../lib/gcc/arm-none-eabi/14.2.1/../../../../arm-none-eabi/lib/thumb/v7e-m+fp/hard\libc_nano.a(libc_a-nano-vfprintf.o)
                0x08004e4c                _vfprintf_r
                0x08004e4c                _vfiprintf_r
 .text.__swbuf_r
                0x0800507c       0x7c c:/Users/elhyd/AppData/Roaming/Code/User/globalStorage/bmd.stm32-for-vscode/@xpack-dev-tools/arm-none-eabi-gcc/14.2.1-1.1.1/.content/bin/../lib/gcc/arm-none-eabi/14.2.1/../../../../arm-none-eabi/lib/thumb/v7e-m+fp/hard\libc_nano.a(libc_a-wbuf.o)
                0x0800507c                __swbuf_r
 .text.__swsetup_r
                0x080050f8       0xa8 c:/Users/elhyd/AppData/Roaming/Code/User/globalStorage/bmd.stm32-for-vscode/@xpack-dev-tools/arm-none-eabi-gcc/14.2.1-1.1.1/.content/bin/../lib/gcc/arm-none-eabi/14.2.1/../../../../arm-none-eabi/lib/thumb/v7e-m+fp/hard\libc_nano.a(libc_a-wsetup.o)
                0x080050f8                __swsetup_r
 .text._raise_r
                0x080051a0       0x50 c:/Users/elhyd/AppData/Roaming/Code/User/globalStorage/bmd.stm32-for-vscode/@xpack-dev-tools/arm-none-eabi-gcc/14.2.1-1.1.1/.content/bin/../lib/gcc/arm-none-eabi/14.2.1/../../../../arm-none-eabi/lib/thumb/v7e-m+fp/hard\libc_nano.a(libc_a-signal.o)
                0x080051a0                _raise_r
 .text.raise    0x080051f0       0x10 c:/Users/elhyd/AppData/Roaming/Code/User/globalStorage/bmd.stm32-for-vscode/@xpack-dev-tools/arm-none-eabi-gcc/14.2.1-1.1.1/.content/bin/../lib/gcc/arm-none-eabi/14.2.1/../../../../arm-none-eabi/lib/thumb/v7e-m+fp/hard\libc_nano.a(libc_a-signal.o)
                0x080051f0                raise
 .text._kill_r  0x08005200       0x24 c:/Users/elhyd/AppData/Roaming/Code/User/globalStorage/bmd.stm32-for-vscode/@xpack-dev-tools/arm-none-eabi-gcc/14.2.1-1.1.1/.content/bin/../lib/gcc/arm-none-eabi/14.2.1/../../../../arm-none-eabi/lib/thumb/v7e-m+fp/hard\libc_nano.a(libc_a-signalr.o)
                0x08005200                _kill_r
 .text._getpid_r
                0x08005224        0x4 c:/Users/elhyd/AppData/Roaming/Code/User/globalStorage/bmd.stm32-for-vscode/@xpack-dev-tools/arm-none-eabi-gcc/14.2.1-1.1.1/.content/bin/../lib/gcc/arm-none-eabi/14.2.1/../../../../arm-none-eabi/lib/thumb/v7e-m+fp/hard\libc_nano.a(libc_a-signalr.o)
                0x08005224                _getpid_r
 .text._malloc_usable_size_r
                0x08005228       0x10 c:/Users/elhyd/AppData/Roaming/Code/User/globalStorage/bmd.stm32-for-vscode/@xpack-dev-tools/arm-none-eabi-gcc/14.2.1-1.1.1/.content/bin/../lib/gcc/arm-none-eabi/14.2.1/../../../../arm-none-eabi/lib/thumb/v7e-m+fp/hard\libc_nano.a(libc_a-msizer.o)
                0x08005228                _malloc_usable_size_r
 .text.__swhatbuf_r
                0x08005238       0x48 c:/Users/elhyd/AppData/Roaming/Code/User/globalStorage/bmd.stm32-for-vscode/@xpack-dev-tools/arm-none-eabi-gcc/14.2.1-1.1.1/.content/bin/../lib/gcc/arm-none-eabi/14.2.1/../../../../arm-none-eabi/lib/thumb/v7e-m+fp/hard\libc_nano.a(libc_a-makebuf.o)
                0x08005238                __swhatbuf_r
 .text.__smakebuf_r
                0x08005280       0x72 c:/Users/elhyd/AppData/Roaming/Code/User/globalStorage/bmd.stm32-for-vscode/@xpack-dev-tools/arm-none-eabi-gcc/14.2.1-1.1.1/.content/bin/../lib/gcc/arm-none-eabi/14.2.1/../../../../arm-none-eabi/lib/thumb/v7e-m+fp/hard\libc_nano.a(libc_a-makebuf.o)
                0x08005280                __smakebuf_r
 *fill*         0x080052f2        0x2 
 .text._fstat_r
                0x080052f4       0x24 c:/Users/elhyd/AppData/Roaming/Code/User/globalStorage/bmd.stm32-for-vscode/@xpack-dev-tools/arm-none-eabi-gcc/14.2.1-1.1.1/.content/bin/../lib/gcc/arm-none-eabi/14.2.1/../../../../arm-none-eabi/lib/thumb/v7e-m+fp/hard\libc_nano.a(libc_a-fstatr.o)
                0x080052f4                _fstat_r
 .text._isatty_r
                0x08005318       0x20 c:/Users/elhyd/AppData/Roaming/Code/User/globalStorage/bmd.stm32-for-vscode/@xpack-dev-tools/arm-none-eabi-gcc/14.2.1-1.1.1/.content/bin/../lib/gcc/arm-none-eabi/14.2.1/../../../../arm-none-eabi/lib/thumb/v7e-m+fp/hard\libc_nano.a(libc_a-isattyr.o)
                0x08005318                _isatty_r
 .text.__udivmoddi4
                0x08005338      0x2f8 c:/Users/elhyd/AppData/Roaming/Code/User/globalStorage/bmd.stm32-for-vscode/@xpack-dev-tools/arm-none-eabi-gcc/14.2.1-1.1.1/.content/bin/../lib/gcc/arm-none-eabi/14.2.1/thumb/v7e-m+fp/hard\libgcc.a(_udivmoddi4.o)
                0x08005338                __udivmoddi4
 *(.glue_7)
 .glue_7        0x08005630        0x0 linker stubs
 *(.glue_7t)
 .glue_7t       0x08005630        0x0 linker stubs
 *(.eh_frame)
 .eh_frame      0x08005630        0x0 c:/Users/elhyd/AppData/Roaming/Code/User/globalStorage/bmd.stm32-for-vscode/@xpack-dev-tools/arm-none-eabi-gcc/14.2.1-1.1.1/.content/bin/../lib/gcc/arm-none-eabi/14.2.1/thumb/v7e-m+fp/hard/crtbegin.o
 *(.init)
 .init          0x08005630        0x4 c:/Users/elhyd/AppData/Roaming/Code/User/globalStorage/bmd.stm32-for-vscode/@xpack-dev-tools/arm-none-eabi-gcc/14.2.1-1.1.1/.content/bin/../lib/gcc/arm-none-eabi/14.2.1/thumb/v7e-m+fp/hard/crti.o
                0x08005630                _init
 .init          0x08005634        0x8 c:/Users/elhyd/AppData/Roaming/Code/User/globalStorage/bmd.stm32-for-vscode/@xpack-dev-tools/arm-none-eabi-gcc/14.2.1-1.1.1/.content/bin/../lib/gcc/arm-none-eabi/14.2.1/thumb/v7e-m+fp/hard/crtn.o
 *(.fini)
 .fini          0x0800563c        0x4 c:/Users/elhyd/AppData/Roaming/Code/User/globalStorage/bmd.stm32-for-vscode/@xpack-dev-tools/arm-none-eabi-gcc/14.2.1-1.1.1/.content/bin/../lib/gcc/arm-none-eabi/14.2.1/thumb/v7e-m+fp/hard/crti.o
                0x0800563c                _fini
 .fini          0x08005640        0x8 c:/Users/elhyd/AppData/Roaming/Code/User/globalStorage/bmd.stm32-for-vscode/@xpack-dev-tools/arm-none-eabi-gcc/14.2.1-1.1.1/.content/bin/../lib/gcc/arm-none-eabi/14.2.1/thumb/v7e-m+fp/hard/crtn.o
                0x08005648                        . = ALIGN (0x4)
                0x08005648                        _etext = .

.vfp11_veneer   0x08005648        0x0
 .vfp11_veneer  0x08005648        0x0 linker stubs

.v4_bx          0x08005648        0x0
 .v4_bx         0x08005648        0x0 linker stubs

.iplt           0x08005648        0x0
 .iplt          0x08005648        0x0 c:/Users/elhyd/AppData/Roaming/Code/User/globalStorage/bmd.stm32-for-vscode/@xpack-dev-tools/arm-none-eabi-gcc/14.2.1-1.1.1/.content/bin/../lib/gcc/arm-none-eabi/14.2.1/thumb/v7e-m+fp/hard/crtbegin.o

.rodata         0x08005648      0x374
                0x08005648                        . = ALIGN (0x4)
 *(.rodata)
 .rodata        0x08005648       0x2c build/debug/stm32wbxx_hal_rcc.o
 *(.rodata*)
 .rodata.getButtonPressed.str1.4
                0x08005674      0x176 build/debug/SimonGame.o
                                 0x44 (size before relaxing)
 .rodata.Game_Run.str1.4
                0x080057ea      0x132 build/debug/SimonGame.o
 *fill*         0x080057ea        0x2 
 .rodata.UARTPrescTable
                0x080057ec       0x18 build/debug/stm32wbxx_hal_uart.o
                0x080057ec                UARTPrescTable
 .rodata.denominator.0
                0x08005804        0x8 build/debug/stm32wbxx_hal_uart_ex.o
 .rodata.numerator.1
                0x0800580c        0x8 build/debug/stm32wbxx_hal_uart_ex.o
 .rodata.MSIRangeTable
                0x08005814       0x40 build/debug/system_stm32wbxx.o
                0x08005814                MSIRangeTable
 .rodata.APBPrescTable
                0x08005854       0x20 build/debug/system_stm32wbxx.o
                0x08005854                APBPrescTable
 .rodata.AHBPrescTable
                0x08005874       0x40 build/debug/system_stm32wbxx.o
                0x08005874                AHBPrescTable
 .rodata.srand.str1.1
                0x080058b4      0x108 c:/Users/elhyd/AppData/Roaming/Code/User/globalStorage/bmd.stm32-for-vscode/@xpack-dev-tools/arm-none-eabi-gcc/14.2.1-1.1.1/.content/bin/../lib/gcc/arm-none-eabi/14.2.1/../../../../arm-none-eabi/lib/thumb/v7e-m+fp/hard\libc_nano.a(libc_a-rand.o)
                                 0x99 (size before relaxing)
 .rodata.__assert_func.str1.1
                0x080059bc       0x3d c:/Users/elhyd/AppData/Roaming/Code/User/globalStorage/bmd.stm32-for-vscode/@xpack-dev-tools/arm-none-eabi-gcc/14.2.1-1.1.1/.content/bin/../lib/gcc/arm-none-eabi/14.2.1/../../../../arm-none-eabi/lib/thumb/v7e-m+fp/hard\libc_nano.a(libc_a-assert.o)
 .rodata._svfprintf_r.str1.1
                0x080059bc       0x11 c:/Users/elhyd/AppData/Roaming/Code/User/globalStorage/bmd.stm32-for-vscode/@xpack-dev-tools/arm-none-eabi-gcc/14.2.1-1.1.1/.content/bin/../lib/gcc/arm-none-eabi/14.2.1/../../../../arm-none-eabi/lib/thumb/v7e-m+fp/hard\libc_nano.a(libc_a-nano-svfprintf.o)
 .rodata._printf_i.str1.1
                0x080059bc       0x22 c:/Users/elhyd/AppData/Roaming/Code/User/globalStorage/bmd.stm32-for-vscode/@xpack-dev-tools/arm-none-eabi-gcc/14.2.1-1.1.1/.content/bin/../lib/gcc/arm-none-eabi/14.2.1/../../../../arm-none-eabi/lib/thumb/v7e-m+fp/hard\libc_nano.a(libc_a-nano-vfprintf_i.o)
 .rodata._vfprintf_r.str1.1
                0x080059bc       0x11 c:/Users/elhyd/AppData/Roaming/Code/User/globalStorage/bmd.stm32-for-vscode/@xpack-dev-tools/arm-none-eabi-gcc/14.2.1-1.1.1/.content/bin/../lib/gcc/arm-none-eabi/14.2.1/../../../../arm-none-eabi/lib/thumb/v7e-m+fp/hard\libc_nano.a(libc_a-nano-vfprintf.o)
                0x080059fc                        . = ALIGN (0x4)

.ARM.extab
 *(.ARM.extab* .gnu.linkonce.armextab.*)

.ARM            0x080059bc        0x8
                0x080059bc                        __exidx_start = .
 *(.ARM.exidx*)
 .ARM.exidx     0x080059bc        0x8 c:/Users/elhyd/AppData/Roaming/Code/User/globalStorage/bmd.stm32-for-vscode/@xpack-dev-tools/arm-none-eabi-gcc/14.2.1-1.1.1/.content/bin/../lib/gcc/arm-none-eabi/14.2.1/../../../../arm-none-eabi/lib/thumb/v7e-m+fp/hard\libc_nano.a(libc_a-strlen.o)
 .ARM.exidx     0x080059c4        0x0 c:/Users/elhyd/AppData/Roaming/Code/User/globalStorage/bmd.stm32-for-vscode/@xpack-dev-tools/arm-none-eabi-gcc/14.2.1-1.1.1/.content/bin/../lib/gcc/arm-none-eabi/14.2.1/../../../../arm-none-eabi/lib/thumb/v7e-m+fp/hard\libc_nano.a(libc_a-memchr.o)
                                  0x8 (size before relaxing)
 .ARM.exidx.text.__udivmoddi4
                0x080059c4        0x0 c:/Users/elhyd/AppData/Roaming/Code/User/globalStorage/bmd.stm32-for-vscode/@xpack-dev-tools/arm-none-eabi-gcc/14.2.1-1.1.1/.content/bin/../lib/gcc/arm-none-eabi/14.2.1/thumb/v7e-m+fp/hard\libgcc.a(_udivmoddi4.o)
                                  0x8 (size before relaxing)
                0x080059c4                        __exidx_end = .

.preinit_array  0x080059c4        0x0
                0x080059c4                        PROVIDE (__preinit_array_start = .)
 *(.preinit_array*)
                0x080059c4                        PROVIDE (__preinit_array_end = .)

.init_array     0x080059c4        0x4
                0x080059c4                        PROVIDE (__init_array_start = .)
 *(SORT_BY_NAME(.init_array.*))
 *(.init_array*)
 .init_array    0x080059c4        0x4 c:/Users/elhyd/AppData/Roaming/Code/User/globalStorage/bmd.stm32-for-vscode/@xpack-dev-tools/arm-none-eabi-gcc/14.2.1-1.1.1/.content/bin/../lib/gcc/arm-none-eabi/14.2.1/thumb/v7e-m+fp/hard/crtbegin.o
                0x080059c8                        PROVIDE (__init_array_end = .)

.fini_array     0x080059c8        0x4
                0x080059c8                        PROVIDE (__fini_array_start = .)
 *(SORT_BY_NAME(.fini_array.*))
 *(.fini_array*)
 .fini_array    0x080059c8        0x4 c:/Users/elhyd/AppData/Roaming/Code/User/globalStorage/bmd.stm32-for-vscode/@xpack-dev-tools/arm-none-eabi-gcc/14.2.1-1.1.1/.content/bin/../lib/gcc/arm-none-eabi/14.2.1/thumb/v7e-m+fp/hard/crtbegin.o
                0x080059cc                        PROVIDE (__fini_array_end = .)
                0x080059cc                        _sidata = LOADADDR (.data)

.rel.dyn        0x080059cc        0x0
 .rel.iplt      0x080059cc        0x0 c:/Users/elhyd/AppData/Roaming/Code/User/globalStorage/bmd.stm32-for-vscode/@xpack-dev-tools/arm-none-eabi-gcc/14.2.1-1.1.1/.content/bin/../lib/gcc/arm-none-eabi/14.2.1/thumb/v7e-m+fp/hard/crtbegin.o

.data           0x20000008       0x98 load address 0x080059cc
                0x20000008                        . = ALIGN (0x4)
                0x20000008                        _sdata = .
 *(.data)
 *(.data*)
 .data.greenButton
                0x20000008        0xc build/debug/SimonGame.o
 .data.yellowButton
                0x20000014        0xc build/debug/SimonGame.o
 .data.blueButton
                0x20000020        0xc build/debug/SimonGame.o
 .data.redButton
                0x2000002c        0xc build/debug/SimonGame.o
 .data.uwTickFreq
                0x20000038        0x1 build/debug/stm32wbxx_hal.o
                0x20000038                uwTickFreq
 *fill*         0x20000039        0x3 
 .data.uwTickPrio
                0x2000003c        0x4 build/debug/stm32wbxx_hal.o
                0x2000003c                uwTickPrio
 .data.SystemCoreClock
                0x20000040        0x4 build/debug/system_stm32wbxx.o
                0x20000040                SystemCoreClock
 .data.__sglue  0x20000044        0xc c:/Users/elhyd/AppData/Roaming/Code/User/globalStorage/bmd.stm32-for-vscode/@xpack-dev-tools/arm-none-eabi-gcc/14.2.1-1.1.1/.content/bin/../lib/gcc/arm-none-eabi/14.2.1/../../../../arm-none-eabi/lib/thumb/v7e-m+fp/hard\libc_nano.a(libc_a-findfp.o)
                0x20000044                __sglue
 .data._impure_ptr
                0x20000050        0x4 c:/Users/elhyd/AppData/Roaming/Code/User/globalStorage/bmd.stm32-for-vscode/@xpack-dev-tools/arm-none-eabi-gcc/14.2.1-1.1.1/.content/bin/../lib/gcc/arm-none-eabi/14.2.1/../../../../arm-none-eabi/lib/thumb/v7e-m+fp/hard\libc_nano.a(libc_a-impure.o)
                0x20000050                _impure_ptr
 .data._impure_data
                0x20000054       0x4c c:/Users/elhyd/AppData/Roaming/Code/User/globalStorage/bmd.stm32-for-vscode/@xpack-dev-tools/arm-none-eabi-gcc/14.2.1-1.1.1/.content/bin/../lib/gcc/arm-none-eabi/14.2.1/../../../../arm-none-eabi/lib/thumb/v7e-m+fp/hard\libc_nano.a(libc_a-impure.o)
                0x20000054                _impure_data
                0x200000a0                        . = ALIGN (0x4)

.igot.plt       0x200000a0        0x0 load address 0x08005a64
 .igot.plt      0x200000a0        0x0 c:/Users/elhyd/AppData/Roaming/Code/User/globalStorage/bmd.stm32-for-vscode/@xpack-dev-tools/arm-none-eabi-gcc/14.2.1-1.1.1/.content/bin/../lib/gcc/arm-none-eabi/14.2.1/thumb/v7e-m+fp/hard/crtbegin.o

.tdata          0x200000a0        0x0 load address 0x08005a64
 *(.tdata .tdata.* .gnu.linkonce.td.*)
                0x200000a0                        . = ALIGN (0x4)
                0x200000a0                        _edata = .
                [!provide]                        PROVIDE (__data_end = .)
                [!provide]                        PROVIDE (__tdata_end = .)
                [!provide]                        PROVIDE (__tdata_start = ADDR (.tdata))
                [!provide]                        PROVIDE (__tdata_size = (__tdata_end - __tdata_start))
                [!provide]                        PROVIDE (__data_start = ADDR (.data))
                [!provide]                        PROVIDE (__data_size = (__data_end - __data_start))
                [!provide]                        PROVIDE (__tdata_source = LOADADDR (.tdata))
                [!provide]                        PROVIDE (__tdata_source_end = (LOADADDR (.tdata) + SIZEOF (.tdata)))
                [!provide]                        PROVIDE (__tdata_source_size = (__tdata_source_end - __tdata_source))
                [!provide]                        PROVIDE (__data_source = LOADADDR (.data))
                [!provide]                        PROVIDE (__data_source_end = __tdata_source_end)
                [!provide]                        PROVIDE (__data_source_size = (__data_source_end - __data_source))

.tbss           0x200000a0        0x0 load address 0x08005a64
                0x200000a0                        _sbss = .
                0x200000a0                        __bss_start__ = _sbss
 *(.tbss .tbss.*)
                0x200000a0                        . = ALIGN (0x4)
                [!provide]                        PROVIDE (__tbss_end = .)
                [!provide]                        PROVIDE (__tbss_start = ADDR (.tbss))
                [!provide]                        PROVIDE (__tbss_size = (__tbss_end - __tbss_start))
                [!provide]                        PROVIDE (__tbss_offset = (ADDR (.tbss) - ADDR (.tdata)))
                [!provide]                        PROVIDE (__tls_base = __tdata_start)
                [!provide]                        PROVIDE (__tls_end = __tbss_end)
                [!provide]                        PROVIDE (__tls_size = (__tls_end - __tls_base))
                [!provide]                        PROVIDE (__tls_align = MAX (ALIGNOF (.tdata), ALIGNOF (.tbss)))
                [!provide]                        PROVIDE (__tls_size_align = (((__tls_size + __tls_align) - 0x1) & ~ ((__tls_align - 0x1))))
                [!provide]                        PROVIDE (__arm32_tls_tcb_offset = MAX (0x8, __tls_align))
                [!provide]                        PROVIDE (__arm64_tls_tcb_offset = MAX (0x10, __tls_align))

.bss            0x200000a0      0x4f8 load address 0x08005a64
 *(.bss)
 *(.bss*)
 .bss.completed.1
                0x200000a0        0x1 c:/Users/elhyd/AppData/Roaming/Code/User/globalStorage/bmd.stm32-for-vscode/@xpack-dev-tools/arm-none-eabi-gcc/14.2.1-1.1.1/.content/bin/../lib/gcc/arm-none-eabi/14.2.1/thumb/v7e-m+fp/hard/crtbegin.o
 *fill*         0x200000a1        0x3 
 .bss.object.0  0x200000a4       0x18 c:/Users/elhyd/AppData/Roaming/Code/User/globalStorage/bmd.stm32-for-vscode/@xpack-dev-tools/arm-none-eabi-gcc/14.2.1-1.1.1/.content/bin/../lib/gcc/arm-none-eabi/14.2.1/thumb/v7e-m+fp/hard/crtbegin.o
 .bss.msg.0     0x200000bc      0x1f4 build/debug/SimonGame.o
 .bss.lastDirection.1
                0x200002b0        0x1 build/debug/SimonGame.o
 *fill*         0x200002b1        0x3 
 .bss.directionDelay.2
                0x200002b4        0x4 build/debug/SimonGame.o
 .bss.direction.3
                0x200002b8        0x1 build/debug/SimonGame.o
 *fill*         0x200002b9        0x3 
 .bss.lineTwo   0x200002bc       0x11 build/debug/SimonGame.o
 *fill*         0x200002cd        0x3 
 .bss.lineOne   0x200002d0       0x11 build/debug/SimonGame.o
 *fill*         0x200002e1        0x3 
 .bss.buttonTimer
                0x200002e4        0x4 build/debug/SimonGame.o
 .bss.hadc1     0x200002e8       0x64 build/debug/adc.o
                0x200002e8                hadc1
 .bss.centerX   0x2000034c        0x2 build/debug/joystick.o
 *fill*         0x2000034e        0x2 
 .bss.joystick  0x20000350       0x14 build/debug/main.o
                0x20000350                joystick
 .bss.uwTick    0x20000364        0x4 build/debug/stm32wbxx_hal.o
                0x20000364                uwTick
 .bss.__sbrk_heap_end
                0x20000368        0x4 build/debug/sysmem.o
 .bss.htim2     0x2000036c       0x4c build/debug/tim.o
                0x2000036c                htim2
 .bss.huart1    0x200003b8       0x94 build/debug/usart.o
                0x200003b8                huart1
 .bss.__sf      0x2000044c      0x138 c:/Users/elhyd/AppData/Roaming/Code/User/globalStorage/bmd.stm32-for-vscode/@xpack-dev-tools/arm-none-eabi-gcc/14.2.1-1.1.1/.content/bin/../lib/gcc/arm-none-eabi/14.2.1/../../../../arm-none-eabi/lib/thumb/v7e-m+fp/hard\libc_nano.a(libc_a-findfp.o)
                0x2000044c                __sf
 .bss.__stdio_exit_handler
                0x20000584        0x4 c:/Users/elhyd/AppData/Roaming/Code/User/globalStorage/bmd.stm32-for-vscode/@xpack-dev-tools/arm-none-eabi-gcc/14.2.1-1.1.1/.content/bin/../lib/gcc/arm-none-eabi/14.2.1/../../../../arm-none-eabi/lib/thumb/v7e-m+fp/hard\libc_nano.a(libc_a-findfp.o)
                0x20000584                __stdio_exit_handler
 .bss.errno     0x20000588        0x4 c:/Users/elhyd/AppData/Roaming/Code/User/globalStorage/bmd.stm32-for-vscode/@xpack-dev-tools/arm-none-eabi-gcc/14.2.1-1.1.1/.content/bin/../lib/gcc/arm-none-eabi/14.2.1/../../../../arm-none-eabi/lib/thumb/v7e-m+fp/hard\libc_nano.a(libc_a-reent.o)
                0x20000588                errno
 .bss.__lock___malloc_recursive_mutex
                0x2000058c        0x1 c:/Users/elhyd/AppData/Roaming/Code/User/globalStorage/bmd.stm32-for-vscode/@xpack-dev-tools/arm-none-eabi-gcc/14.2.1-1.1.1/.content/bin/../lib/gcc/arm-none-eabi/14.2.1/../../../../arm-none-eabi/lib/thumb/v7e-m+fp/hard\libc_nano.a(libc_a-lock.o)
                0x2000058c                __lock___malloc_recursive_mutex
 .bss.__lock___sfp_recursive_mutex
                0x2000058d        0x1 c:/Users/elhyd/AppData/Roaming/Code/User/globalStorage/bmd.stm32-for-vscode/@xpack-dev-tools/arm-none-eabi-gcc/14.2.1-1.1.1/.content/bin/../lib/gcc/arm-none-eabi/14.2.1/../../../../arm-none-eabi/lib/thumb/v7e-m+fp/hard\libc_nano.a(libc_a-lock.o)
                0x2000058d                __lock___sfp_recursive_mutex
 *fill*         0x2000058e        0x2 
 .bss.__malloc_sbrk_start
                0x20000590        0x4 c:/Users/elhyd/AppData/Roaming/Code/User/globalStorage/bmd.stm32-for-vscode/@xpack-dev-tools/arm-none-eabi-gcc/14.2.1-1.1.1/.content/bin/../lib/gcc/arm-none-eabi/14.2.1/../../../../arm-none-eabi/lib/thumb/v7e-m+fp/hard\libc_nano.a(libc_a-mallocr.o)
                0x20000590                __malloc_sbrk_start
 .bss.__malloc_free_list
                0x20000594        0x4 c:/Users/elhyd/AppData/Roaming/Code/User/globalStorage/bmd.stm32-for-vscode/@xpack-dev-tools/arm-none-eabi-gcc/14.2.1-1.1.1/.content/bin/../lib/gcc/arm-none-eabi/14.2.1/../../../../arm-none-eabi/lib/thumb/v7e-m+fp/hard\libc_nano.a(libc_a-mallocr.o)
                0x20000594                __malloc_free_list
 *(COMMON)
                0x20000598                        . = ALIGN (0x4)
                0x20000598                        _ebss = .
                0x20000598                        __bss_end__ = _ebss
                [!provide]                        PROVIDE (__bss_end = .)
                [!provide]                        PROVIDE (__non_tls_bss_start = ADDR (.bss))
                [!provide]                        PROVIDE (__bss_start = __tbss_start)
                [!provide]                        PROVIDE (__bss_size = (__bss_end - __bss_start))

._user_heap_stack
                0x20000598      0x600 load address 0x08005a64
                0x20000598                        . = ALIGN (0x8)
                [!provide]                        PROVIDE (end = .)
                0x20000598                        PROVIDE (_end = .)
                0x20000798                        . = (. + _Min_Heap_Size)
 *fill*         0x20000598      0x200 
                0x20000b98                        . = (. + _Min_Stack_Size)
 *fill*         0x20000798      0x400 
                0x20000b98                        . = ALIGN (0x8)

/DISCARD/
 libc.a:*(*)
 libm.a:*(*)
 libgcc.a:*(*)

.ARM.attributes
                0x00000000       0x30
 *(.ARM.attributes)
 .ARM.attributes
                0x00000000       0x22 c:/Users/elhyd/AppData/Roaming/Code/User/globalStorage/bmd.stm32-for-vscode/@xpack-dev-tools/arm-none-eabi-gcc/14.2.1-1.1.1/.content/bin/../lib/gcc/arm-none-eabi/14.2.1/thumb/v7e-m+fp/hard/crti.o
 .ARM.attributes
                0x00000022       0x34 c:/Users/elhyd/AppData/Roaming/Code/User/globalStorage/bmd.stm32-for-vscode/@xpack-dev-tools/arm-none-eabi-gcc/14.2.1-1.1.1/.content/bin/../lib/gcc/arm-none-eabi/14.2.1/thumb/v7e-m+fp/hard/crtbegin.o
 .ARM.attributes
                0x00000056       0x34 build/debug/SimonGame.o
 .ARM.attributes
                0x0000008a       0x34 build/debug/adc.o
 .ARM.attributes
                0x000000be       0x34 build/debug/gpio.o
 .ARM.attributes
                0x000000f2       0x34 build/debug/joystick.o
 .ARM.attributes
                0x00000126       0x34 build/debug/lcd1602.o
 .ARM.attributes
                0x0000015a       0x34 build/debug/main.o
 .ARM.attributes
                0x0000018e       0x34 build/debug/stm32wbxx_hal.o
 .ARM.attributes
                0x000001c2       0x34 build/debug/stm32wbxx_hal_adc.o
 .ARM.attributes
                0x000001f6       0x34 build/debug/stm32wbxx_hal_cortex.o
 .ARM.attributes
                0x0000022a       0x34 build/debug/stm32wbxx_hal_gpio.o
 .ARM.attributes
                0x0000025e       0x34 build/debug/stm32wbxx_hal_msp.o
 .ARM.attributes
                0x00000292       0x34 build/debug/stm32wbxx_hal_pwr.o
 .ARM.attributes
                0x000002c6       0x34 build/debug/stm32wbxx_hal_pwr_ex.o
 .ARM.attributes
                0x000002fa       0x34 build/debug/stm32wbxx_hal_rcc.o
 .ARM.attributes
                0x0000032e       0x34 build/debug/stm32wbxx_hal_rcc_ex.o
 .ARM.attributes
                0x00000362       0x34 build/debug/stm32wbxx_hal_tim.o
 .ARM.attributes
                0x00000396       0x34 build/debug/stm32wbxx_hal_tim_ex.o
 .ARM.attributes
                0x000003ca       0x34 build/debug/stm32wbxx_hal_uart.o
 .ARM.attributes
                0x000003fe       0x34 build/debug/stm32wbxx_hal_uart_ex.o
 .ARM.attributes
                0x00000432       0x34 build/debug/stm32wbxx_it.o
 .ARM.attributes
                0x00000466       0x34 build/debug/syscalls.o
 .ARM.attributes
                0x0000049a       0x34 build/debug/sysmem.o
 .ARM.attributes
                0x000004ce       0x34 build/debug/system_stm32wbxx.o
 .ARM.attributes
                0x00000502       0x34 build/debug/tim.o
 .ARM.attributes
                0x00000536       0x34 build/debug/usart.o
 .ARM.attributes
                0x0000056a       0x21 build/debug/startup_stm32wb55xx_cm4.o
 .ARM.attributes
                0x0000058b       0x34 c:/Users/elhyd/AppData/Roaming/Code/User/globalStorage/bmd.stm32-for-vscode/@xpack-dev-tools/arm-none-eabi-gcc/14.2.1-1.1.1/.content/bin/../lib/gcc/arm-none-eabi/14.2.1/../../../../arm-none-eabi/lib/thumb/v7e-m+fp/hard\libc_nano.a(libc_a-rand.o)
 .ARM.attributes
                0x000005bf       0x34 c:/Users/elhyd/AppData/Roaming/Code/User/globalStorage/bmd.stm32-for-vscode/@xpack-dev-tools/arm-none-eabi-gcc/14.2.1-1.1.1/.content/bin/../lib/gcc/arm-none-eabi/14.2.1/../../../../arm-none-eabi/lib/thumb/v7e-m+fp/hard\libc_nano.a(libc_a-findfp.o)
 .ARM.attributes
                0x000005f3       0x34 c:/Users/elhyd/AppData/Roaming/Code/User/globalStorage/bmd.stm32-for-vscode/@xpack-dev-tools/arm-none-eabi-gcc/14.2.1-1.1.1/.content/bin/../lib/gcc/arm-none-eabi/14.2.1/../../../../arm-none-eabi/lib/thumb/v7e-m+fp/hard\libc_nano.a(libc_a-fwalk.o)
 .ARM.attributes
                0x00000627       0x34 c:/Users/elhyd/AppData/Roaming/Code/User/globalStorage/bmd.stm32-for-vscode/@xpack-dev-tools/arm-none-eabi-gcc/14.2.1-1.1.1/.content/bin/../lib/gcc/arm-none-eabi/14.2.1/../../../../arm-none-eabi/lib/thumb/v7e-m+fp/hard\libc_nano.a(libc_a-snprintf.o)
 .ARM.attributes
                0x0000065b       0x34 c:/Users/elhyd/AppData/Roaming/Code/User/globalStorage/bmd.stm32-for-vscode/@xpack-dev-tools/arm-none-eabi-gcc/14.2.1-1.1.1/.content/bin/../lib/gcc/arm-none-eabi/14.2.1/../../../../arm-none-eabi/lib/thumb/v7e-m+fp/hard\libc_nano.a(libc_a-stdio.o)
 .ARM.attributes
                0x0000068f       0x34 c:/Users/elhyd/AppData/Roaming/Code/User/globalStorage/bmd.stm32-for-vscode/@xpack-dev-tools/arm-none-eabi-gcc/14.2.1-1.1.1/.content/bin/../lib/gcc/arm-none-eabi/14.2.1/../../../../arm-none-eabi/lib/thumb/v7e-m+fp/hard\libc_nano.a(libc_a-memset.o)
 .ARM.attributes
                0x000006c3       0x34 c:/Users/elhyd/AppData/Roaming/Code/User/globalStorage/bmd.stm32-for-vscode/@xpack-dev-tools/arm-none-eabi-gcc/14.2.1-1.1.1/.content/bin/../lib/gcc/arm-none-eabi/14.2.1/../../../../arm-none-eabi/lib/thumb/v7e-m+fp/hard\libc_nano.a(libc_a-closer.o)
 .ARM.attributes
                0x000006f7       0x34 c:/Users/elhyd/AppData/Roaming/Code/User/globalStorage/bmd.stm32-for-vscode/@xpack-dev-tools/arm-none-eabi-gcc/14.2.1-1.1.1/.content/bin/../lib/gcc/arm-none-eabi/14.2.1/../../../../arm-none-eabi/lib/thumb/v7e-m+fp/hard\libc_nano.a(libc_a-reent.o)
 .ARM.attributes
                0x0000072b       0x34 c:/Users/elhyd/AppData/Roaming/Code/User/globalStorage/bmd.stm32-for-vscode/@xpack-dev-tools/arm-none-eabi-gcc/14.2.1-1.1.1/.content/bin/../lib/gcc/arm-none-eabi/14.2.1/../../../../arm-none-eabi/lib/thumb/v7e-m+fp/hard\libc_nano.a(libc_a-impure.o)
 .ARM.attributes
                0x0000075f       0x34 c:/Users/elhyd/AppData/Roaming/Code/User/globalStorage/bmd.stm32-for-vscode/@xpack-dev-tools/arm-none-eabi-gcc/14.2.1-1.1.1/.content/bin/../lib/gcc/arm-none-eabi/14.2.1/../../../../arm-none-eabi/lib/thumb/v7e-m+fp/hard\libc_nano.a(libc_a-lseekr.o)
 .ARM.attributes
                0x00000793       0x34 c:/Users/elhyd/AppData/Roaming/Code/User/globalStorage/bmd.stm32-for-vscode/@xpack-dev-tools/arm-none-eabi-gcc/14.2.1-1.1.1/.content/bin/../lib/gcc/arm-none-eabi/14.2.1/../../../../arm-none-eabi/lib/thumb/v7e-m+fp/hard\libc_nano.a(libc_a-readr.o)
 .ARM.attributes
                0x000007c7       0x34 c:/Users/elhyd/AppData/Roaming/Code/User/globalStorage/bmd.stm32-for-vscode/@xpack-dev-tools/arm-none-eabi-gcc/14.2.1-1.1.1/.content/bin/../lib/gcc/arm-none-eabi/14.2.1/../../../../arm-none-eabi/lib/thumb/v7e-m+fp/hard\libc_nano.a(libc_a-writer.o)
 .ARM.attributes
                0x000007fb       0x34 c:/Users/elhyd/AppData/Roaming/Code/User/globalStorage/bmd.stm32-for-vscode/@xpack-dev-tools/arm-none-eabi-gcc/14.2.1-1.1.1/.content/bin/../lib/gcc/arm-none-eabi/14.2.1/../../../../arm-none-eabi/lib/thumb/v7e-m+fp/hard\libc_nano.a(libc_a-errno.o)
 .ARM.attributes
                0x0000082f       0x34 c:/Users/elhyd/AppData/Roaming/Code/User/globalStorage/bmd.stm32-for-vscode/@xpack-dev-tools/arm-none-eabi-gcc/14.2.1-1.1.1/.content/bin/../lib/gcc/arm-none-eabi/14.2.1/../../../../arm-none-eabi/lib/thumb/v7e-m+fp/hard\libc_nano.a(libc_a-init.o)
 .ARM.attributes
                0x00000863       0x34 c:/Users/elhyd/AppData/Roaming/Code/User/globalStorage/bmd.stm32-for-vscode/@xpack-dev-tools/arm-none-eabi-gcc/14.2.1-1.1.1/.content/bin/../lib/gcc/arm-none-eabi/14.2.1/../../../../arm-none-eabi/lib/thumb/v7e-m+fp/hard\libc_nano.a(libc_a-lock.o)
 .ARM.attributes
                0x00000897       0x17 c:/Users/elhyd/AppData/Roaming/Code/User/globalStorage/bmd.stm32-for-vscode/@xpack-dev-tools/arm-none-eabi-gcc/14.2.1-1.1.1/.content/bin/../lib/gcc/arm-none-eabi/14.2.1/../../../../arm-none-eabi/lib/thumb/v7e-m+fp/hard\libc_nano.a(libc_a-strlen.o)
 .ARM.attributes
                0x000008ae       0x34 c:/Users/elhyd/AppData/Roaming/Code/User/globalStorage/bmd.stm32-for-vscode/@xpack-dev-tools/arm-none-eabi-gcc/14.2.1-1.1.1/.content/bin/../lib/gcc/arm-none-eabi/14.2.1/../../../../arm-none-eabi/lib/thumb/v7e-m+fp/hard\libc_nano.a(libc_a-assert.o)
 .ARM.attributes
                0x000008e2       0x34 c:/Users/elhyd/AppData/Roaming/Code/User/globalStorage/bmd.stm32-for-vscode/@xpack-dev-tools/arm-none-eabi-gcc/14.2.1-1.1.1/.content/bin/../lib/gcc/arm-none-eabi/14.2.1/../../../../arm-none-eabi/lib/thumb/v7e-m+fp/hard\libc_nano.a(libc_a-freer.o)
 .ARM.attributes
                0x00000916       0x34 c:/Users/elhyd/AppData/Roaming/Code/User/globalStorage/bmd.stm32-for-vscode/@xpack-dev-tools/arm-none-eabi-gcc/14.2.1-1.1.1/.content/bin/../lib/gcc/arm-none-eabi/14.2.1/../../../../arm-none-eabi/lib/thumb/v7e-m+fp/hard\libc_nano.a(libc_a-malloc.o)
 .ARM.attributes
                0x0000094a       0x34 c:/Users/elhyd/AppData/Roaming/Code/User/globalStorage/bmd.stm32-for-vscode/@xpack-dev-tools/arm-none-eabi-gcc/14.2.1-1.1.1/.content/bin/../lib/gcc/arm-none-eabi/14.2.1/../../../../arm-none-eabi/lib/thumb/v7e-m+fp/hard\libc_nano.a(libc_a-mallocr.o)
 .ARM.attributes
                0x0000097e       0x34 c:/Users/elhyd/AppData/Roaming/Code/User/globalStorage/bmd.stm32-for-vscode/@xpack-dev-tools/arm-none-eabi-gcc/14.2.1-1.1.1/.content/bin/../lib/gcc/arm-none-eabi/14.2.1/../../../../arm-none-eabi/lib/thumb/v7e-m+fp/hard\libc_nano.a(libc_a-mlock.o)
 .ARM.attributes
                0x000009b2       0x34 c:/Users/elhyd/AppData/Roaming/Code/User/globalStorage/bmd.stm32-for-vscode/@xpack-dev-tools/arm-none-eabi-gcc/14.2.1-1.1.1/.content/bin/../lib/gcc/arm-none-eabi/14.2.1/../../../../arm-none-eabi/lib/thumb/v7e-m+fp/hard\libc_nano.a(libc_a-nano-svfprintf.o)
 .ARM.attributes
                0x000009e6       0x34 c:/Users/elhyd/AppData/Roaming/Code/User/globalStorage/bmd.stm32-for-vscode/@xpack-dev-tools/arm-none-eabi-gcc/14.2.1-1.1.1/.content/bin/../lib/gcc/arm-none-eabi/14.2.1/../../../../arm-none-eabi/lib/thumb/v7e-m+fp/hard\libc_nano.a(libc_a-nano-vfprintf_i.o)
 .ARM.attributes
                0x00000a1a       0x34 c:/Users/elhyd/AppData/Roaming/Code/User/globalStorage/bmd.stm32-for-vscode/@xpack-dev-tools/arm-none-eabi-gcc/14.2.1-1.1.1/.content/bin/../lib/gcc/arm-none-eabi/14.2.1/../../../../arm-none-eabi/lib/thumb/v7e-m+fp/hard\libc_nano.a(libc_a-fflush.o)
 .ARM.attributes
                0x00000a4e       0x34 c:/Users/elhyd/AppData/Roaming/Code/User/globalStorage/bmd.stm32-for-vscode/@xpack-dev-tools/arm-none-eabi-gcc/14.2.1-1.1.1/.content/bin/../lib/gcc/arm-none-eabi/14.2.1/../../../../arm-none-eabi/lib/thumb/v7e-m+fp/hard\libc_nano.a(libc_a-fprintf.o)
 .ARM.attributes
                0x00000a82       0x34 c:/Users/elhyd/AppData/Roaming/Code/User/globalStorage/bmd.stm32-for-vscode/@xpack-dev-tools/arm-none-eabi-gcc/14.2.1-1.1.1/.content/bin/../lib/gcc/arm-none-eabi/14.2.1/../../../../arm-none-eabi/lib/thumb/v7e-m+fp/hard\libc_nano.a(libc_a-memmove.o)
 .ARM.attributes
                0x00000ab6       0x34 c:/Users/elhyd/AppData/Roaming/Code/User/globalStorage/bmd.stm32-for-vscode/@xpack-dev-tools/arm-none-eabi-gcc/14.2.1-1.1.1/.content/bin/../lib/gcc/arm-none-eabi/14.2.1/../../../../arm-none-eabi/lib/thumb/v7e-m+fp/hard\libc_nano.a(libc_a-sbrkr.o)
 .ARM.attributes
                0x00000aea       0x1c c:/Users/elhyd/AppData/Roaming/Code/User/globalStorage/bmd.stm32-for-vscode/@xpack-dev-tools/arm-none-eabi-gcc/14.2.1-1.1.1/.content/bin/../lib/gcc/arm-none-eabi/14.2.1/../../../../arm-none-eabi/lib/thumb/v7e-m+fp/hard\libc_nano.a(libc_a-memchr.o)
 .ARM.attributes
                0x00000b06       0x34 c:/Users/elhyd/AppData/Roaming/Code/User/globalStorage/bmd.stm32-for-vscode/@xpack-dev-tools/arm-none-eabi-gcc/14.2.1-1.1.1/.content/bin/../lib/gcc/arm-none-eabi/14.2.1/../../../../arm-none-eabi/lib/thumb/v7e-m+fp/hard\libc_nano.a(libc_a-memcpy-stub.o)
 .ARM.attributes
                0x00000b3a       0x34 c:/Users/elhyd/AppData/Roaming/Code/User/globalStorage/bmd.stm32-for-vscode/@xpack-dev-tools/arm-none-eabi-gcc/14.2.1-1.1.1/.content/bin/../lib/gcc/arm-none-eabi/14.2.1/../../../../arm-none-eabi/lib/thumb/v7e-m+fp/hard\libc_nano.a(libc_a-abort.o)
 .ARM.attributes
                0x00000b6e       0x34 c:/Users/elhyd/AppData/Roaming/Code/User/globalStorage/bmd.stm32-for-vscode/@xpack-dev-tools/arm-none-eabi-gcc/14.2.1-1.1.1/.content/bin/../lib/gcc/arm-none-eabi/14.2.1/../../../../arm-none-eabi/lib/thumb/v7e-m+fp/hard\libc_nano.a(libc_a-reallocr.o)
 .ARM.attributes
                0x00000ba2       0x34 c:/Users/elhyd/AppData/Roaming/Code/User/globalStorage/bmd.stm32-for-vscode/@xpack-dev-tools/arm-none-eabi-gcc/14.2.1-1.1.1/.content/bin/../lib/gcc/arm-none-eabi/14.2.1/../../../../arm-none-eabi/lib/thumb/v7e-m+fp/hard\libc_nano.a(libc_a-nano-vfprintf.o)
 .ARM.attributes
                0x00000bd6       0x34 c:/Users/elhyd/AppData/Roaming/Code/User/globalStorage/bmd.stm32-for-vscode/@xpack-dev-tools/arm-none-eabi-gcc/14.2.1-1.1.1/.content/bin/../lib/gcc/arm-none-eabi/14.2.1/../../../../arm-none-eabi/lib/thumb/v7e-m+fp/hard\libc_nano.a(libc_a-wbuf.o)
 .ARM.attributes
                0x00000c0a       0x34 c:/Users/elhyd/AppData/Roaming/Code/User/globalStorage/bmd.stm32-for-vscode/@xpack-dev-tools/arm-none-eabi-gcc/14.2.1-1.1.1/.content/bin/../lib/gcc/arm-none-eabi/14.2.1/../../../../arm-none-eabi/lib/thumb/v7e-m+fp/hard\libc_nano.a(libc_a-wsetup.o)
 .ARM.attributes
                0x00000c3e       0x34 c:/Users/elhyd/AppData/Roaming/Code/User/globalStorage/bmd.stm32-for-vscode/@xpack-dev-tools/arm-none-eabi-gcc/14.2.1-1.1.1/.content/bin/../lib/gcc/arm-none-eabi/14.2.1/../../../../arm-none-eabi/lib/thumb/v7e-m+fp/hard\libc_nano.a(libc_a-signal.o)
 .ARM.attributes
                0x00000c72       0x34 c:/Users/elhyd/AppData/Roaming/Code/User/globalStorage/bmd.stm32-for-vscode/@xpack-dev-tools/arm-none-eabi-gcc/14.2.1-1.1.1/.content/bin/../lib/gcc/arm-none-eabi/14.2.1/../../../../arm-none-eabi/lib/thumb/v7e-m+fp/hard\libc_nano.a(libc_a-signalr.o)
 .ARM.attributes
                0x00000ca6       0x34 c:/Users/elhyd/AppData/Roaming/Code/User/globalStorage/bmd.stm32-for-vscode/@xpack-dev-tools/arm-none-eabi-gcc/14.2.1-1.1.1/.content/bin/../lib/gcc/arm-none-eabi/14.2.1/../../../../arm-none-eabi/lib/thumb/v7e-m+fp/hard\libc_nano.a(libc_a-msizer.o)
 .ARM.attributes
                0x00000cda       0x34 c:/Users/elhyd/AppData/Roaming/Code/User/globalStorage/bmd.stm32-for-vscode/@xpack-dev-tools/arm-none-eabi-gcc/14.2.1-1.1.1/.content/bin/../lib/gcc/arm-none-eabi/14.2.1/../../../../arm-none-eabi/lib/thumb/v7e-m+fp/hard\libc_nano.a(libc_a-makebuf.o)
 .ARM.attributes
                0x00000d0e       0x34 c:/Users/elhyd/AppData/Roaming/Code/User/globalStorage/bmd.stm32-for-vscode/@xpack-dev-tools/arm-none-eabi-gcc/14.2.1-1.1.1/.content/bin/../lib/gcc/arm-none-eabi/14.2.1/../../../../arm-none-eabi/lib/thumb/v7e-m+fp/hard\libc_nano.a(libc_a-fstatr.o)
 .ARM.attributes
                0x00000d42       0x34 c:/Users/elhyd/AppData/Roaming/Code/User/globalStorage/bmd.stm32-for-vscode/@xpack-dev-tools/arm-none-eabi-gcc/14.2.1-1.1.1/.content/bin/../lib/gcc/arm-none-eabi/14.2.1/../../../../arm-none-eabi/lib/thumb/v7e-m+fp/hard\libc_nano.a(libc_a-isattyr.o)
 .ARM.attributes
                0x00000d76       0x22 c:/Users/elhyd/AppData/Roaming/Code/User/globalStorage/bmd.stm32-for-vscode/@xpack-dev-tools/arm-none-eabi-gcc/14.2.1-1.1.1/.content/bin/../lib/gcc/arm-none-eabi/14.2.1/thumb/v7e-m+fp/hard\libgcc.a(_aeabi_uldivmod.o)
 .ARM.attributes
                0x00000d98       0x34 c:/Users/elhyd/AppData/Roaming/Code/User/globalStorage/bmd.stm32-for-vscode/@xpack-dev-tools/arm-none-eabi-gcc/14.2.1-1.1.1/.content/bin/../lib/gcc/arm-none-eabi/14.2.1/thumb/v7e-m+fp/hard\libgcc.a(_udivmoddi4.o)
 .ARM.attributes
                0x00000dcc       0x22 c:/Users/elhyd/AppData/Roaming/Code/User/globalStorage/bmd.stm32-for-vscode/@xpack-dev-tools/arm-none-eabi-gcc/14.2.1-1.1.1/.content/bin/../lib/gcc/arm-none-eabi/14.2.1/thumb/v7e-m+fp/hard\libgcc.a(_dvmd_tls.o)
 .ARM.attributes
                0x00000dee       0x22 c:/Users/elhyd/AppData/Roaming/Code/User/globalStorage/bmd.stm32-for-vscode/@xpack-dev-tools/arm-none-eabi-gcc/14.2.1-1.1.1/.content/bin/../lib/gcc/arm-none-eabi/14.2.1/thumb/v7e-m+fp/hard/crtn.o

MAPPING_TABLE
 *(MAPPING_TABLE)

MB_MEM1
 *(MB_MEM1)
                0x08005a64                        _siMB_MEM2 = LOADADDR (.MB_MEM2)

.MB_MEM2        0x20030000        0x0 load address 0x08005a64
                0x20030000                        _sMB_MEM2 = .
 *(MB_MEM2)
                0x20030000                        _eMB_MEM2 = .
OUTPUT(build/debug/lcd+joystick.elf elf32-littlearm)
LOAD linker stubs

.comment        0x00000000       0x39
 .comment       0x00000000       0x39 c:/Users/elhyd/AppData/Roaming/Code/User/globalStorage/bmd.stm32-for-vscode/@xpack-dev-tools/arm-none-eabi-gcc/14.2.1-1.1.1/.content/bin/../lib/gcc/arm-none-eabi/14.2.1/thumb/v7e-m+fp/hard/crtbegin.o
                                 0x3a (size before relaxing)
 .comment       0x00000039       0x3a build/debug/SimonGame.o
 .comment       0x00000039       0x3a build/debug/adc.o
 .comment       0x00000039       0x3a build/debug/gpio.o
 .comment       0x00000039       0x3a build/debug/joystick.o
 .comment       0x00000039       0x3a build/debug/lcd1602.o
 .comment       0x00000039       0x3a build/debug/main.o
 .comment       0x00000039       0x3a build/debug/stm32wbxx_hal.o
 .comment       0x00000039       0x3a build/debug/stm32wbxx_hal_adc.o
 .comment       0x00000039       0x3a build/debug/stm32wbxx_hal_cortex.o
 .comment       0x00000039       0x3a build/debug/stm32wbxx_hal_gpio.o
 .comment       0x00000039       0x3a build/debug/stm32wbxx_hal_msp.o
 .comment       0x00000039       0x3a build/debug/stm32wbxx_hal_pwr.o
 .comment       0x00000039       0x3a build/debug/stm32wbxx_hal_pwr_ex.o
 .comment       0x00000039       0x3a build/debug/stm32wbxx_hal_rcc.o
 .comment       0x00000039       0x3a build/debug/stm32wbxx_hal_rcc_ex.o
 .comment       0x00000039       0x3a build/debug/stm32wbxx_hal_tim.o
 .comment       0x00000039       0x3a build/debug/stm32wbxx_hal_tim_ex.o
 .comment       0x00000039       0x3a build/debug/stm32wbxx_hal_uart.o
 .comment       0x00000039       0x3a build/debug/stm32wbxx_hal_uart_ex.o
 .comment       0x00000039       0x3a build/debug/stm32wbxx_it.o
 .comment       0x00000039       0x3a build/debug/syscalls.o
 .comment       0x00000039       0x3a build/debug/sysmem.o
 .comment       0x00000039       0x3a build/debug/system_stm32wbxx.o
 .comment       0x00000039       0x3a build/debug/tim.o
 .comment       0x00000039       0x3a build/debug/usart.o
 .comment       0x00000039       0x3a c:/Users/elhyd/AppData/Roaming/Code/User/globalStorage/bmd.stm32-for-vscode/@xpack-dev-tools/arm-none-eabi-gcc/14.2.1-1.1.1/.content/bin/../lib/gcc/arm-none-eabi/14.2.1/../../../../arm-none-eabi/lib/thumb/v7e-m+fp/hard\libc_nano.a(libc_a-rand.o)
 .comment       0x00000039       0x3a c:/Users/elhyd/AppData/Roaming/Code/User/globalStorage/bmd.stm32-for-vscode/@xpack-dev-tools/arm-none-eabi-gcc/14.2.1-1.1.1/.content/bin/../lib/gcc/arm-none-eabi/14.2.1/../../../../arm-none-eabi/lib/thumb/v7e-m+fp/hard\libc_nano.a(libc_a-findfp.o)
 .comment       0x00000039       0x3a c:/Users/elhyd/AppData/Roaming/Code/User/globalStorage/bmd.stm32-for-vscode/@xpack-dev-tools/arm-none-eabi-gcc/14.2.1-1.1.1/.content/bin/../lib/gcc/arm-none-eabi/14.2.1/../../../../arm-none-eabi/lib/thumb/v7e-m+fp/hard\libc_nano.a(libc_a-fwalk.o)
 .comment       0x00000039       0x3a c:/Users/elhyd/AppData/Roaming/Code/User/globalStorage/bmd.stm32-for-vscode/@xpack-dev-tools/arm-none-eabi-gcc/14.2.1-1.1.1/.content/bin/../lib/gcc/arm-none-eabi/14.2.1/../../../../arm-none-eabi/lib/thumb/v7e-m+fp/hard\libc_nano.a(libc_a-snprintf.o)
 .comment       0x00000039       0x3a c:/Users/elhyd/AppData/Roaming/Code/User/globalStorage/bmd.stm32-for-vscode/@xpack-dev-tools/arm-none-eabi-gcc/14.2.1-1.1.1/.content/bin/../lib/gcc/arm-none-eabi/14.2.1/../../../../arm-none-eabi/lib/thumb/v7e-m+fp/hard\libc_nano.a(libc_a-stdio.o)
 .comment       0x00000039       0x3a c:/Users/elhyd/AppData/Roaming/Code/User/globalStorage/bmd.stm32-for-vscode/@xpack-dev-tools/arm-none-eabi-gcc/14.2.1-1.1.1/.content/bin/../lib/gcc/arm-none-eabi/14.2.1/../../../../arm-none-eabi/lib/thumb/v7e-m+fp/hard\libc_nano.a(libc_a-memset.o)
 .comment       0x00000039       0x3a c:/Users/elhyd/AppData/Roaming/Code/User/globalStorage/bmd.stm32-for-vscode/@xpack-dev-tools/arm-none-eabi-gcc/14.2.1-1.1.1/.content/bin/../lib/gcc/arm-none-eabi/14.2.1/../../../../arm-none-eabi/lib/thumb/v7e-m+fp/hard\libc_nano.a(libc_a-closer.o)
 .comment       0x00000039       0x3a c:/Users/elhyd/AppData/Roaming/Code/User/globalStorage/bmd.stm32-for-vscode/@xpack-dev-tools/arm-none-eabi-gcc/14.2.1-1.1.1/.content/bin/../lib/gcc/arm-none-eabi/14.2.1/../../../../arm-none-eabi/lib/thumb/v7e-m+fp/hard\libc_nano.a(libc_a-reent.o)
 .comment       0x00000039       0x3a c:/Users/elhyd/AppData/Roaming/Code/User/globalStorage/bmd.stm32-for-vscode/@xpack-dev-tools/arm-none-eabi-gcc/14.2.1-1.1.1/.content/bin/../lib/gcc/arm-none-eabi/14.2.1/../../../../arm-none-eabi/lib/thumb/v7e-m+fp/hard\libc_nano.a(libc_a-impure.o)
 .comment       0x00000039       0x3a c:/Users/elhyd/AppData/Roaming/Code/User/globalStorage/bmd.stm32-for-vscode/@xpack-dev-tools/arm-none-eabi-gcc/14.2.1-1.1.1/.content/bin/../lib/gcc/arm-none-eabi/14.2.1/../../../../arm-none-eabi/lib/thumb/v7e-m+fp/hard\libc_nano.a(libc_a-lseekr.o)
 .comment       0x00000039       0x3a c:/Users/elhyd/AppData/Roaming/Code/User/globalStorage/bmd.stm32-for-vscode/@xpack-dev-tools/arm-none-eabi-gcc/14.2.1-1.1.1/.content/bin/../lib/gcc/arm-none-eabi/14.2.1/../../../../arm-none-eabi/lib/thumb/v7e-m+fp/hard\libc_nano.a(libc_a-readr.o)
 .comment       0x00000039       0x3a c:/Users/elhyd/AppData/Roaming/Code/User/globalStorage/bmd.stm32-for-vscode/@xpack-dev-tools/arm-none-eabi-gcc/14.2.1-1.1.1/.content/bin/../lib/gcc/arm-none-eabi/14.2.1/../../../../arm-none-eabi/lib/thumb/v7e-m+fp/hard\libc_nano.a(libc_a-writer.o)
 .comment       0x00000039       0x3a c:/Users/elhyd/AppData/Roaming/Code/User/globalStorage/bmd.stm32-for-vscode/@xpack-dev-tools/arm-none-eabi-gcc/14.2.1-1.1.1/.content/bin/../lib/gcc/arm-none-eabi/14.2.1/../../../../arm-none-eabi/lib/thumb/v7e-m+fp/hard\libc_nano.a(libc_a-errno.o)
 .comment       0x00000039       0x3a c:/Users/elhyd/AppData/Roaming/Code/User/globalStorage/bmd.stm32-for-vscode/@xpack-dev-tools/arm-none-eabi-gcc/14.2.1-1.1.1/.content/bin/../lib/gcc/arm-none-eabi/14.2.1/../../../../arm-none-eabi/lib/thumb/v7e-m+fp/hard\libc_nano.a(libc_a-init.o)
 .comment       0x00000039       0x3a c:/Users/elhyd/AppData/Roaming/Code/User/globalStorage/bmd.stm32-for-vscode/@xpack-dev-tools/arm-none-eabi-gcc/14.2.1-1.1.1/.content/bin/../lib/gcc/arm-none-eabi/14.2.1/../../../../arm-none-eabi/lib/thumb/v7e-m+fp/hard\libc_nano.a(libc_a-lock.o)
 .comment       0x00000039       0x3a c:/Users/elhyd/AppData/Roaming/Code/User/globalStorage/bmd.stm32-for-vscode/@xpack-dev-tools/arm-none-eabi-gcc/14.2.1-1.1.1/.content/bin/../lib/gcc/arm-none-eabi/14.2.1/../../../../arm-none-eabi/lib/thumb/v7e-m+fp/hard\libc_nano.a(libc_a-assert.o)
 .comment       0x00000039       0x3a c:/Users/elhyd/AppData/Roaming/Code/User/globalStorage/bmd.stm32-for-vscode/@xpack-dev-tools/arm-none-eabi-gcc/14.2.1-1.1.1/.content/bin/../lib/gcc/arm-none-eabi/14.2.1/../../../../arm-none-eabi/lib/thumb/v7e-m+fp/hard\libc_nano.a(libc_a-freer.o)
 .comment       0x00000039       0x3a c:/Users/elhyd/AppData/Roaming/Code/User/globalStorage/bmd.stm32-for-vscode/@xpack-dev-tools/arm-none-eabi-gcc/14.2.1-1.1.1/.content/bin/../lib/gcc/arm-none-eabi/14.2.1/../../../../arm-none-eabi/lib/thumb/v7e-m+fp/hard\libc_nano.a(libc_a-malloc.o)
 .comment       0x00000039       0x3a c:/Users/elhyd/AppData/Roaming/Code/User/globalStorage/bmd.stm32-for-vscode/@xpack-dev-tools/arm-none-eabi-gcc/14.2.1-1.1.1/.content/bin/../lib/gcc/arm-none-eabi/14.2.1/../../../../arm-none-eabi/lib/thumb/v7e-m+fp/hard\libc_nano.a(libc_a-mallocr.o)
 .comment       0x00000039       0x3a c:/Users/elhyd/AppData/Roaming/Code/User/globalStorage/bmd.stm32-for-vscode/@xpack-dev-tools/arm-none-eabi-gcc/14.2.1-1.1.1/.content/bin/../lib/gcc/arm-none-eabi/14.2.1/../../../../arm-none-eabi/lib/thumb/v7e-m+fp/hard\libc_nano.a(libc_a-mlock.o)
 .comment       0x00000039       0x3a c:/Users/elhyd/AppData/Roaming/Code/User/globalStorage/bmd.stm32-for-vscode/@xpack-dev-tools/arm-none-eabi-gcc/14.2.1-1.1.1/.content/bin/../lib/gcc/arm-none-eabi/14.2.1/../../../../arm-none-eabi/lib/thumb/v7e-m+fp/hard\libc_nano.a(libc_a-nano-svfprintf.o)
 .comment       0x00000039       0x3a c:/Users/elhyd/AppData/Roaming/Code/User/globalStorage/bmd.stm32-for-vscode/@xpack-dev-tools/arm-none-eabi-gcc/14.2.1-1.1.1/.content/bin/../lib/gcc/arm-none-eabi/14.2.1/../../../../arm-none-eabi/lib/thumb/v7e-m+fp/hard\libc_nano.a(libc_a-nano-vfprintf_i.o)
 .comment       0x00000039       0x3a c:/Users/elhyd/AppData/Roaming/Code/User/globalStorage/bmd.stm32-for-vscode/@xpack-dev-tools/arm-none-eabi-gcc/14.2.1-1.1.1/.content/bin/../lib/gcc/arm-none-eabi/14.2.1/../../../../arm-none-eabi/lib/thumb/v7e-m+fp/hard\libc_nano.a(libc_a-fflush.o)
 .comment       0x00000039       0x3a c:/Users/elhyd/AppData/Roaming/Code/User/globalStorage/bmd.stm32-for-vscode/@xpack-dev-tools/arm-none-eabi-gcc/14.2.1-1.1.1/.content/bin/../lib/gcc/arm-none-eabi/14.2.1/../../../../arm-none-eabi/lib/thumb/v7e-m+fp/hard\libc_nano.a(libc_a-fprintf.o)