Archive member included to satisfy reference by file (symbol)

c:/Users/elhyd/AppData/Roaming/Code/User/globalStorage/bmd.stm32-for-vscode/@xpack-dev-tools/arm-none-eabi-gcc/14.2.1-1.1.1/.content/bin/../lib/gcc/arm-none-eabi/14.2.1/../../../../arm-none-eabi/lib/thumb/v7e-m+fp/hard\libc_nano.a(libc_a-atexit.o)
                              c:/Users/elhyd/AppData/Roaming/Code/User/globalStorage/bmd.stm32-for-vscode/@xpack-dev-tools/arm-none-eabi-gcc/14.2.1-1.1.1/.content/bin/../lib/gcc/arm-none-eabi/14.2.1/../../../../arm-none-eabi/lib/thumb/v7e-m+fp/hard/crt0.o (atexit)
c:/Users/elhyd/AppData/Roaming/Code/User/globalStorage/bmd.stm32-for-vscode/@xpack-dev-tools/arm-none-eabi-gcc/14.2.1-1.1.1/.content/bin/../lib/gcc/arm-none-eabi/14.2.1/../../../../arm-none-eabi/lib/thumb/v7e-m+fp/hard\libc_nano.a(libc_a-exit.o)
                              c:/Users/elhyd/AppData/Roaming/Code/User/globalStorage/bmd.stm32-for-vscode/@xpack-dev-tools/arm-none-eabi-gcc/14.2.1-1.1.1/.content/bin/../lib/gcc/arm-none-eabi/14.2.1/../../../../arm-none-eabi/lib/thumb/v7e-m+fp/hard/crt0.o (exit)
c:/Users/elhyd/AppData/Roaming/Code/User/globalStorage/bmd.stm32-for-vscode/@xpack-dev-tools/arm-none-eabi-gcc/14.2.1-1.1.1/.content/bin/../lib/gcc/arm-none-eabi/14.2.1/../../../../arm-none-eabi/lib/thumb/v7e-m+fp/hard\libc_nano.a(libc_a-rand.o)
                              build/debug/SimonGame.o (srand)
c:/Users/elhyd/AppData/Roaming/Code/User/globalStorage/bmd.stm32-for-vscode/@xpack-dev-tools/arm-none-eabi-gcc/14.2.1-1.1.1/.content/bin/../lib/gcc/arm-none-eabi/14.2.1/../../../../arm-none-eabi/lib/thumb/v7e-m+fp/hard\libc_nano.a(libc_a-findfp.o)
                              c:/Users/elhyd/AppData/Roaming/Code/User/globalStorage/bmd.stm32-for-vscode/@xpack-dev-tools/arm-none-eabi-gcc/14.2.1-1.1.1/.content/bin/../lib/gcc/arm-none-eabi/14.2.1/../../../../arm-none-eabi/lib/thumb/v7e-m+fp/hard\libc_nano.a(libc_a-exit.o) (__stdio_exit_handler)
c:/Users/elhyd/AppData/Roaming/Code/User/globalStorage/bmd.stm32-for-vscode/@xpack-dev-tools/arm-none-eabi-gcc/14.2.1-1.1.1/.content/bin/../lib/gcc/arm-none-eabi/14.2.1/../../../../arm-none-eabi/lib/thumb/v7e-m+fp/hard\libc_nano.a(libc_a-fwalk.o)
                              c:/Users/elhyd/AppData/Roaming/Code/User/globalStorage/bmd.stm32-for-vscode/@xpack-dev-tools/arm-none-eabi-gcc/14.2.1-1.1.1/.content/bin/../lib/gcc/arm-none-eabi/14.2.1/../../../../arm-none-eabi/lib/thumb/v7e-m+fp/hard\libc_nano.a(libc_a-findfp.o) (_fwalk_sglue)
c:/Users/elhyd/AppData/Roaming/Code/User/globalStorage/bmd.stm32-for-vscode/@xpack-dev-tools/arm-none-eabi-gcc/14.2.1-1.1.1/.content/bin/../lib/gcc/arm-none-eabi/14.2.1/../../../../arm-none-eabi/lib/thumb/v7e-m+fp/hard\libc_nano.a(libc_a-snprintf.o)
                              build/debug/SimonGame.o (snprintf)
c:/Users/elhyd/AppData/Roaming/Code/User/globalStorage/bmd.stm32-for-vscode/@xpack-dev-tools/arm-none-eabi-gcc/14.2.1-1.1.1/.content/bin/../lib/gcc/arm-none-eabi/14.2.1/../../../../arm-none-eabi/lib/thumb/v7e-m+fp/hard\libc_nano.a(libc_a-stdio.o)
                              c:/Users/elhyd/AppData/Roaming/Code/User/globalStorage/bmd.stm32-for-vscode/@xpack-dev-tools/arm-none-eabi-gcc/14.2.1-1.1.1/.content/bin/../lib/gcc/arm-none-eabi/14.2.1/../../../../arm-none-eabi/lib/thumb/v7e-m+fp/hard\libc_nano.a(libc_a-findfp.o) (__sread)
c:/Users/elhyd/AppData/Roaming/Code/User/globalStorage/bmd.stm32-for-vscode/@xpack-dev-tools/arm-none-eabi-gcc/14.2.1-1.1.1/.content/bin/../lib/gcc/arm-none-eabi/14.2.1/../../../../arm-none-eabi/lib/thumb/v7e-m+fp/hard\libc_nano.a(libc_a-memset.o)
                              c:/Users/elhyd/AppData/Roaming/Code/User/globalStorage/bmd.stm32-for-vscode/@xpack-dev-tools/arm-none-eabi-gcc/14.2.1-1.1.1/.content/bin/../lib/gcc/arm-none-eabi/14.2.1/../../../../arm-none-eabi/lib/thumb/v7e-m+fp/hard/crt0.o (memset)
c:/Users/elhyd/AppData/Roaming/Code/User/globalStorage/bmd.stm32-for-vscode/@xpack-dev-tools/arm-none-eabi-gcc/14.2.1-1.1.1/.content/bin/../lib/gcc/arm-none-eabi/14.2.1/../../../../arm-none-eabi/lib/thumb/v7e-m+fp/hard\libc_nano.a(libc_a-closer.o)
                              c:/Users/elhyd/AppData/Roaming/Code/User/globalStorage/bmd.stm32-for-vscode/@xpack-dev-tools/arm-none-eabi-gcc/14.2.1-1.1.1/.content/bin/../lib/gcc/arm-none-eabi/14.2.1/../../../../arm-none-eabi/lib/thumb/v7e-m+fp/hard\libc_nano.a(libc_a-stdio.o) (_close_r)
c:/Users/elhyd/AppData/Roaming/Code/User/globalStorage/bmd.stm32-for-vscode/@xpack-dev-tools/arm-none-eabi-gcc/14.2.1-1.1.1/.content/bin/../lib/gcc/arm-none-eabi/14.2.1/../../../../arm-none-eabi/lib/thumb/v7e-m+fp/hard\libc_nano.a(libc_a-reent.o)
                              c:/Users/elhyd/AppData/Roaming/Code/User/globalStorage/bmd.stm32-for-vscode/@xpack-dev-tools/arm-none-eabi-gcc/14.2.1-1.1.1/.content/bin/../lib/gcc/arm-none-eabi/14.2.1/../../../../arm-none-eabi/lib/thumb/v7e-m+fp/hard\libc_nano.a(libc_a-closer.o) (errno)
[...]
Memory Configuration

Name             Origin             Length             Attributes
FLASH            0x08000000         0x00080000         xr
RAM1             0x20000008         0x0002fff8         xrw
RAM_SHARED       0x20030000         0x00002800         xrw
*default*        0x00000000         0xffffffff

Linker script and memory map

LOAD c:/Users/elhyd/AppData/Roaming/Code/User/globalStorage/bmd.stm32-for-vscode/@xpack-dev-tools/arm-none-eabi-gcc/14.2.1-1.1.1/.content/bin/../lib/gcc/arm-none-eabi/14.2.1/thumb/v7e-m+fp/hard/crti.o
LOAD c:/Users/elhyd/AppData/Roaming/Code/User/globalStorage/bmd.stm32-for-vscode/@xpack-dev-tools/arm-none-eabi-gcc/14.2.1-1.1.1/.content/bin/../lib/gcc/arm-none-eabi/14.2.1/thumb/v7e-m+fp/hard/crtbegin.o
LOAD c:/Users/elhyd/AppData/Roaming/Code/User/globalStorage/bmd.stm32-for-vscode/@xpack-dev-tools/arm-none-eabi-gcc/14.2.1-1.1.1/.content/bin/../lib/gcc/arm-none-eabi/14.2.1/../../../../arm-none-eabi/lib/thumb/v7e-m+fp/hard/crt0.o
LOAD build/debug/SimonGame.o
LOAD build/debug/adc.o
LOAD build/debug/gpio.o
LOAD build/debug/joystick.o
LOAD build/debug/lcd1602.o
LOAD build/debug/main.o
LOAD build/debug/stm32wbxx_hal.o
LOAD build/debug/stm32wbxx_hal_adc.o
LOAD build/debug/stm32wbxx_hal_adc_ex.o
LOAD build/debug/stm32wbxx_hal_cortex.o
LOAD build/debug/stm32wbxx_hal_dma.o
LOAD build/debug/stm32wbxx_hal_dma_ex.o
LOAD build/debug/stm32wbxx_hal_exti.o
LOAD build/debug/stm32wbxx_hal_flash.o
LOAD build/debug/stm32wbxx_hal_flash_ex.o
LOAD build/debug/stm32wbxx_hal_gpio.o
LOAD build/debug/stm32wbxx_hal_hsem.o
LOAD build/debug/stm32wbxx_hal_msp.o
LOAD build/debug/stm32wbxx_hal_pwr.o
LOAD build/debug/stm32wbxx_hal_pwr_ex.o
LOAD build/debug/stm32wbxx_hal_rcc.o
LOAD build/debug/stm32wbxx_hal_rcc_ex.o
LOAD build/debug/stm32wbxx_hal_tim.o
LOAD build/debug/stm32wbxx_hal_tim_ex.o
LOAD build/debug/stm32wbxx_hal_uart.o
LOAD build/debug/stm32wbxx_hal_uart_ex.o
LOAD build/debug/stm32wbxx_it.o
LOAD build/debug/stm32wbxx_ll_adc.o
LOAD build/debug/stm32wbxx_ll_rcc.o
LOAD build/debug/syscalls.o
LOAD build/debug/sysmem.o
LOAD build/debug/system_stm32wbxx.o
LOAD build/debug/tim.o
LOAD build/debug/usart.o
LOAD build/debug/startup_stm32wb55xx_cm4.o
LOAD c:/Users/elhyd/AppData/Roaming/Code/User/globalStorage/bmd.stm32-for-vscode/@xpack-dev-tools/arm-none-eabi-gcc/14.2.1-1.1.1/.content/bin/../lib/gcc/arm-none-eabi/14.2.1/../../../../arm-none-eabi/lib/thumb/v7e-m+fp/hard\libc_nano.a
LOAD c:/Users/elhyd/AppData/Roaming/Code/User/globalStorage/bmd.stm32-for-vscode/@xpack-dev-tools/arm-none-eabi-gcc/14.2.1-1.1.1/.content/bin/../lib/gcc/arm-none-eabi/14.2.1/../../../../arm-none-eabi/lib/thumb/v7e-m+fp/hard\libm.a
LOAD c:/Users/elhyd/AppData/Roaming/Code/User/globalStorage/bmd.stm32-for-vscode/@xpack-dev-tools/arm-none-eabi-gcc/14.2.1-1.1.1/.content/bin/../lib/gcc/arm-none-eabi/14.2.1/../../../../arm-none-eabi/lib/thumb/v7e-m+fp/hard\libnosys.a
START GROUP
LOAD c:/Users/elhyd/AppData/Roaming/Code/User/globalStorage/bmd.stm32-for-vscode/@xpack-dev-tools/arm-none-eabi-gcc/14.2.1-1.1.1/.content/bin/../lib/gcc/arm-none-eabi/14.2.1/thumb/v7e-m+fp/hard\libgcc.a
LOAD c:/Users/elhyd/AppData/Roaming/Code/User/globalStorage/bmd.stm32-for-vscode/@xpack-dev-tools/arm-none-eabi-gcc/14.2.1-1.1.1/.content/bin/../lib/gcc/arm-none-eabi/14.2.1/../../../../arm-none-eabi/lib/thumb/v7e-m+fp/hard\libc_nano.a
END GROUP
START GROUP
LOAD c:/Users/elhyd/AppData/Roaming/Code/User/globalStorage/bmd.stm32-for-vscode/@xpack-dev-tools/arm-none-eabi-gcc/14.2.1-1.1.1/.content/bin/../lib/gcc/arm-none-eabi/14.2.1/thumb/v7e-m+fp/hard\libgcc.a
LOAD c:/Users/elhyd/AppData/Roaming/Code/User/globalStorage/bmd.stm32-for-vscode/@xpack-dev-tools/arm-none-eabi-gcc/14.2.1-1.1.1/.content/bin/../lib/gcc/arm-none-eabi/14.2.1/../../../../arm-none-eabi/lib/thumb/v7e-m+fp/hard\libc_nano.a
END GROUP
LOAD c:/Users/elhyd/AppData/Roaming/Code/User/globalStorage/bmd.stm32-for-vscode/@xpack-dev-tools/arm-none-eabi-gcc/14.2.1-1.1.1/.content/bin/../lib/gcc/arm-none-eabi/14.2.1/thumb/v7e-m+fp/hard/crtend.o
LOAD c:/Users/elhyd/AppData/Roaming/Code/User/globalStorage/bmd.stm32-for-vscode/@xpack-dev-tools/arm-none-eabi-gcc/14.2.1-1.1.1/.content/bin/../lib/gcc/arm-none-eabi/14.2.1/thumb/v7e-m+fp/hard/crtn.o
                0x20030000                        _estack = 0x20030000
                0x00000200                        _Min_Heap_Size = 0x200
                0x00000400                        _Min_Stack_Size = 0x400

.isr_vector     0x08000000      0x13c
                0x08000000                        . = ALIGN (0x4)
 *(.isr_vector)
 .isr_vector    0x08000000      0x13c build/debug/startup_stm32wb55xx_cm4.o
                0x08000000                g_pfnVectors
                0x0800013c                        . = ALIGN (0x4)

.text           0x08000140     0x5308
                0x08000140                        . = ALIGN (0x4)
 *(.text)
 .text          0x08000140       0xa0 c:/Users/elhyd/AppData/Roaming/Code/User/globalStorage/bmd.stm32-for-vscode/@xpack-dev-tools/arm-none-eabi-gcc/14.2.1-1.1.1/.content/bin/../lib/gcc/arm-none-eabi/14.2.1/../../../../arm-none-eabi/lib/thumb/v7e-m+fp/hard\libc_nano.a(libc_a-memchr.o)
                0x08000140                memchr
 .text          0x080001e0       0x30 c:/Users/elhyd/AppData/Roaming/Code/User/globalStorage/bmd.stm32-for-vscode/@xpack-dev-tools/arm-none-eabi-gcc/14.2.1-1.1.1/.content/bin/../lib/gcc/arm-none-eabi/14.2.1/thumb/v7e-m+fp/hard\libgcc.a(_aeabi_uldivmod.o)
                0x080001e0                __aeabi_uldivmod
 .text          0x08000210        0x4 c:/Users/elhyd/AppData/Roaming/Code/User/globalStorage/bmd.stm32-for-vscode/@xpack-dev-tools/arm-none-eabi-gcc/14.2.1-1.1.1/.content/bin/../lib/gcc/arm-none-eabi/14.2.1/thumb/v7e-m+fp/hard\libgcc.a(_dvmd_tls.o)
                0x08000210                __aeabi_idiv0
                0x08000210                __aeabi_ldiv0
 *(.text*)
 .text.__do_global_dtors_aux
                0x08000214       0x24 c:/Users/elhyd/AppData/Roaming/Code/User/globalStorage/bmd.stm32-for-vscode/@xpack-dev-tools/arm-none-eabi-gcc/14.2.1-1.1.1/.content/bin/../lib/gcc/arm-none-eabi/14.2.1/thumb/v7e-m+fp/hard/crtbegin.o
 .text.frame_dummy
                0x08000238       0x1c c:/Users/elhyd/AppData/Roaming/Code/User/globalStorage/bmd.stm32-for-vscode/@xpack-dev-tools/arm-none-eabi-gcc/14.2.1-1.1.1/.content/bin/../lib/gcc/arm-none-eabi/14.2.1/thumb/v7e-m+fp/hard/crtbegin.o
 .text.Game_Init
                0x08000254       0x12 build/debug/SimonGame.o
                0x08000254                Game_Init
 .text.displayOnLCD
                0x08000266       0x2c build/debug/SimonGame.o
                0x08000266                displayOnLCD
 .text.debounceButton
                0x08000292       0x28 build/debug/SimonGame.o
                0x08000292                debounceButton
 .text.compareSequences
                0x080002ba       0x4e build/debug/SimonGame.o
                0x080002ba                compareSequences
 .text.computerTurn
                0x08000308       0xdc build/debug/SimonGame.o
                0x08000308                computerTurn
 .text.playerTurn
                0x080003e4       0xec build/debug/SimonGame.o
                0x080003e4                playerTurn
 .text.Game_Run
                0x080004d0      0x4fc build/debug/SimonGame.o
                0x080004d0                Game_Run
 .text.HAL_TIM_PeriodElapsedCallback
                0x080009cc       0x18 build/debug/SimonGame.o
                0x080009cc                HAL_TIM_PeriodElapsedCallback
 .text.MX_ADC1_Init
                0x080009e4       0x84 build/debug/adc.o
                0x080009e4                MX_ADC1_Init
 .text.HAL_ADC_MspInit
                0x08000a68       0x9c build/debug/adc.o
                0x08000a68                HAL_ADC_MspInit
 .text.MX_GPIO_Init
                0x08000b04      0x148 build/debug/gpio.o
                0x08000b04                MX_GPIO_Init
 .text.Read_ADC_Channel
                0x08000c4c       0x56 build/debug/joystick.o
 .text.Joystick_Init
                0x08000ca2       0x12 build/debug/joystick.o
                0x08000ca2                Joystick_Init
 .text.Joystick_Calibrate
                0x08000cb4       0x28 build/debug/joystick.o
                0x08000cb4                Joystick_Calibrate
 .text.Joystick_GetDirection
                0x08000cdc       0x2c build/debug/joystick.o
                0x08000cdc                Joystick_GetDirection
 .text.Joystick_ReadXY
                0x08000d08       0x1c build/debug/joystick.o
                0x08000d08                Joystick_ReadXY
 .text.Joystick_Pressed
                0x08000d24       0x2c build/debug/joystick.o
                0x08000d24                Joystick_Pressed
 .text.Delay_us
                0x08000d50       0x14 build/debug/lcd1602.o
                0x08000d50                Delay_us
 .text.Delay_ms
                0x08000d64        0x8 build/debug/lcd1602.o
                0x08000d64                Delay_ms
 .text.LCD_strobe
                0x08000d6c       0x28 build/debug/lcd1602.o
                0x08000d6c                LCD_strobe
 .text.LCD_send_4bit
                0x08000d94       0x40 build/debug/lcd1602.o
                0x08000d94                LCD_send_4bit
 .text.LCD_cmd_4bit
                0x08000dd4       0x24 build/debug/lcd1602.o
                0x08000dd4                LCD_cmd_4bit
 .text.LCD_data_4bit
                0x08000df8       0x30 build/debug/lcd1602.o
                0x08000df8                LCD_data_4bit
 .text.LCD_GotoXY
                0x08000e28       0x14 build/debug/lcd1602.o
                0x08000e28                LCD_GotoXY
 .text.LCD_Init
                0x08000e3c       0x40 build/debug/lcd1602.o
                0x08000e3c                LCD_Init
 .text.LCD_Cls  0x08000e7c       0x1c build/debug/lcd1602.o
                0x08000e7c                LCD_Cls
 .text.LCD_Print
                0x08000e98       0x14 build/debug/lcd1602.o
                0x08000e98                LCD_Print
 .text.Error_Handler
                0x08000eac        0x4 build/debug/main.o
                0x08000eac                Error_Handler
 .text.SystemClock_Config
                0x08000eb0       0xa2 build/debug/main.o
                0x08000eb0                SystemClock_Config
 .text.PeriphCommonClock_Config
                0x08000f52       0x24 build/debug/main.o
                0x08000f52                PeriphCommonClock_Config
 *fill*         0x08000f76        0x2 
 .text.main     0x08000f78       0x74 build/debug/main.o
                0x08000f78                main
 .text.HAL_InitTick
                0x08000fec       0x50 build/debug/stm32wbxx_hal.o
                0x08000fec                HAL_InitTick
 .text.HAL_Init
                0x0800103c       0x2c build/debug/stm32wbxx_hal.o
                0x0800103c                HAL_Init
 .text.HAL_IncTick
                0x08001068       0x18 build/debug/stm32wbxx_hal.o
                0x08001068                HAL_IncTick
 .text.HAL_GetTick
                0x08001080        0xc build/debug/stm32wbxx_hal.o
                0x08001080                HAL_GetTick
 .text.HAL_GetTickPrio
                0x0800108c        0xc build/debug/stm32wbxx_hal.o
                0x0800108c                HAL_GetTickPrio
 .text.HAL_Delay
                0x08001098       0x28 build/debug/stm32wbxx_hal.o
                0x08001098                HAL_Delay
 .text.LL_ADC_REG_SetSequencerRanks
                0x080010c0       0x30 build/debug/stm32wbxx_hal_adc.o
 .text.LL_ADC_SetChannelSamplingTime
                0x080010f0       0x2c build/debug/stm32wbxx_hal_adc.o
 .text.HAL_ADC_Init
                0x0800111c      0x1d8 build/debug/stm32wbxx_hal_adc.o
                0x0800111c                HAL_ADC_Init
 .text.HAL_ADC_PollForConversion
                0x080012f4       0xb4 build/debug/stm32wbxx_hal_adc.o
                0x080012f4                HAL_ADC_PollForConversion
 .text.HAL_ADC_GetValue
                0x080013a8        0x6 build/debug/stm32wbxx_hal_adc.o
                0x080013a8                HAL_ADC_GetValue
 *fill*         0x080013ae        0x2 
 .text.HAL_ADC_ConfigChannel
                0x080013b0      0x42c build/debug/stm32wbxx_hal_adc.o
                0x080013b0                HAL_ADC_ConfigChannel
 .text.ADC_ConversionStop
                0x080017dc      0x104 build/debug/stm32wbxx_hal_adc.o
                0x080017dc                ADC_ConversionStop
 .text.ADC_Enable
                0x080018e0       0xd0 build/debug/stm32wbxx_hal_adc.o
                0x080018e0                ADC_Enable
 .text.HAL_ADC_Start
                0x080019b0       0x78 build/debug/stm32wbxx_hal_adc.o
                0x080019b0                HAL_ADC_Start
 .text.ADC_Disable
                0x08001a28       0x94 build/debug/stm32wbxx_hal_adc.o
                0x08001a28                ADC_Disable
 .text.HAL_ADC_Stop
                0x08001abc       0x42 build/debug/stm32wbxx_hal_adc.o
                0x08001abc                HAL_ADC_Stop
 *fill*         0x08001afe        0x2 
 .text.__NVIC_EnableIRQ
                0x08001b00       0x1c build/debug/stm32wbxx_hal_cortex.o
 .text.__NVIC_SetPriority
                0x08001b1c       0x28 build/debug/stm32wbxx_hal_cortex.o
 .text.NVIC_EncodePriority
                0x08001b44       0x3e build/debug/stm32wbxx_hal_cortex.o
 *fill*         0x08001b82        0x2 
 .text.HAL_NVIC_SetPriorityGrouping
                0x08001b84       0x24 build/debug/stm32wbxx_hal_cortex.o
                0x08001b84                HAL_NVIC_SetPriorityGrouping
 .text.HAL_NVIC_SetPriority
                0x08001ba8       0x20 build/debug/stm32wbxx_hal_cortex.o
                0x08001ba8                HAL_NVIC_SetPriority
 .text.HAL_NVIC_EnableIRQ
                0x08001bc8        0x8 build/debug/stm32wbxx_hal_cortex.o
                0x08001bc8                HAL_NVIC_EnableIRQ
 .text.HAL_SYSTICK_Config
                0x08001bd0       0x28 build/debug/stm32wbxx_hal_cortex.o
                0x08001bd0                HAL_SYSTICK_Config
 .text.HAL_GPIO_Init
                0x08001bf8      0x1b4 build/debug/stm32wbxx_hal_gpio.o
                0x08001bf8                HAL_GPIO_Init
 .text.HAL_GPIO_ReadPin
                0x08001dac        0xe build/debug/stm32wbxx_hal_gpio.o
                0x08001dac                HAL_GPIO_ReadPin
 .text.HAL_GPIO_WritePin
                0x08001dba        0xa build/debug/stm32wbxx_hal_gpio.o
                0x08001dba                HAL_GPIO_WritePin
 .text.HAL_MspInit
                0x08001dc4        0x2 build/debug/stm32wbxx_hal_msp.o
                0x08001dc4                HAL_MspInit
 *fill*         0x08001dc6        0x2 
 .text.HAL_PWR_EnableBkUpAccess
                0x08001dc8       0x10 build/debug/stm32wbxx_hal_pwr.o
                0x08001dc8                HAL_PWR_EnableBkUpAccess
 .text.HAL_PWREx_GetVoltageRange
                0x08001dd8       0x10 build/debug/stm32wbxx_hal_pwr_ex.o
                0x08001dd8                HAL_PWREx_GetVoltageRange
 .text.RCC_SetFlashLatency
                0x08001de8       0xc0 build/debug/stm32wbxx_hal_rcc.o
 .text.RCC_SetFlashLatencyFromMSIRange
                0x08001ea8       0x4c build/debug/stm32wbxx_hal_rcc.o
 .text.HAL_RCC_GetSysClockFreq
                0x08001ef4       0xc0 build/debug/stm32wbxx_hal_rcc.o
                0x08001ef4                HAL_RCC_GetSysClockFreq
 .text.HAL_RCC_GetHCLKFreq
                0x08001fb4       0x20 build/debug/stm32wbxx_hal_rcc.o
                0x08001fb4                HAL_RCC_GetHCLKFreq
 .text.HAL_RCC_OscConfig
                0x08001fd4      0x718 build/debug/stm32wbxx_hal_rcc.o
                0x08001fd4                HAL_RCC_OscConfig
 .text.HAL_RCC_ClockConfig
                0x080026ec      0x264 build/debug/stm32wbxx_hal_rcc.o
                0x080026ec                HAL_RCC_ClockConfig
 .text.HAL_RCC_GetPCLK1Freq
                0x08002950       0x24 build/debug/stm32wbxx_hal_rcc.o
                0x08002950                HAL_RCC_GetPCLK1Freq
 .text.HAL_RCC_GetPCLK2Freq
                0x08002974       0x24 build/debug/stm32wbxx_hal_rcc.o
                0x08002974                HAL_RCC_GetPCLK2Freq
 .text.LL_RCC_SetI2CClockSource
                0x08002998       0x20 build/debug/stm32wbxx_hal_rcc_ex.o
 .text.RCCEx_PLLSAI1_ConfigNP
                0x080029b8       0x8e build/debug/stm32wbxx_hal_rcc_ex.o
 .text.RCCEx_PLLSAI1_ConfigNQ
                0x08002a46       0x8e build/debug/stm32wbxx_hal_rcc_ex.o
 .text.RCCEx_PLLSAI1_ConfigNR
                0x08002ad4       0x8e build/debug/stm32wbxx_hal_rcc_ex.o
 .text.HAL_RCCEx_PeriphCLKConfig
                0x08002b62      0x2f2 build/debug/stm32wbxx_hal_rcc_ex.o
                0x08002b62                HAL_RCCEx_PeriphCLKConfig
 .text.TIM_TI1_ConfigInputStage
                0x08002e54       0x26 build/debug/stm32wbxx_hal_tim.o
 .text.TIM_TI2_ConfigInputStage
                0x08002e7a       0x28 build/debug/stm32wbxx_hal_tim.o
 .text.TIM_ITRx_SetConfig
                0x08002ea2       0x14 build/debug/stm32wbxx_hal_tim.o
 *fill*         0x08002eb6        0x2 
 .text.HAL_TIM_Base_Start
                0x08002eb8       0x58 build/debug/stm32wbxx_hal_tim.o
                0x08002eb8                HAL_TIM_Base_Start
 .text.HAL_TIM_Base_Start_IT
                0x08002f10       0x64 build/debug/stm32wbxx_hal_tim.o
                0x08002f10                HAL_TIM_Base_Start_IT
 .text.HAL_TIM_Base_Stop_IT
                0x08002f74       0x34 build/debug/stm32wbxx_hal_tim.o
                0x08002f74                HAL_TIM_Base_Stop_IT
 .text.HAL_TIM_OC_DelayElapsedCallback
                0x08002fa8        0x2 build/debug/stm32wbxx_hal_tim.o
                0x08002fa8                HAL_TIM_OC_DelayElapsedCallback
 .text.HAL_TIM_IC_CaptureCallback
                0x08002faa        0x2 build/debug/stm32wbxx_hal_tim.o
                0x08002faa                HAL_TIM_IC_CaptureCallback
 .text.HAL_TIM_PWM_PulseFinishedCallback
                0x08002fac        0x2 build/debug/stm32wbxx_hal_tim.o
                0x08002fac                HAL_TIM_PWM_PulseFinishedCallback
 .text.HAL_TIM_TriggerCallback
                0x08002fae        0x2 build/debug/stm32wbxx_hal_tim.o
                0x08002fae                HAL_TIM_TriggerCallback
 .text.HAL_TIM_IRQHandler
                0x08002fb0      0x17a build/debug/stm32wbxx_hal_tim.o
                0x08002fb0                HAL_TIM_IRQHandler
 *fill*         0x0800312a        0x2 
 .text.TIM_Base_SetConfig
                0x0800312c       0x78 build/debug/stm32wbxx_hal_tim.o
                0x0800312c                TIM_Base_SetConfig
 .text.HAL_TIM_Base_Init
                0x080031a4       0x60 build/debug/stm32wbxx_hal_tim.o
                0x080031a4                HAL_TIM_Base_Init
 .text.TIM_ETR_SetConfig
                0x08003204       0x1a build/debug/stm32wbxx_hal_tim.o
                0x08003204                TIM_ETR_SetConfig
 *fill*         0x0800321e        0x2 
 .text.HAL_TIM_ConfigClockSource
                0x08003220      0x100 build/debug/stm32wbxx_hal_tim.o
                0x08003220                HAL_TIM_ConfigClockSource
 .text.HAL_TIMEx_MasterConfigSynchronization
                0x08003320       0x68 build/debug/stm32wbxx_hal_tim_ex.o
                0x08003320                HAL_TIMEx_MasterConfigSynchronization
 .text.HAL_TIMEx_CommutCallback
                0x08003388        0x2 build/debug/stm32wbxx_hal_tim_ex.o
                0x08003388                HAL_TIMEx_CommutCallback
 .text.HAL_TIMEx_BreakCallback
                0x0800338a        0x2 build/debug/stm32wbxx_hal_tim_ex.o
                0x0800338a                HAL_TIMEx_BreakCallback
 .text.HAL_TIMEx_Break2Callback
                0x0800338c        0x2 build/debug/stm32wbxx_hal_tim_ex.o
                0x0800338c                HAL_TIMEx_Break2Callback
 .text.UART_EndRxTransfer
                0x0800338e       0x56 build/debug/stm32wbxx_hal_uart.o
 .text.UART_SetConfig
                0x080033e4      0x254 build/debug/stm32wbxx_hal_uart.o
                0x080033e4                UART_SetConfig
 .text.UART_AdvFeatureConfig
                0x08003638       0xca build/debug/stm32wbxx_hal_uart.o
                0x08003638                UART_AdvFeatureConfig
 .text.UART_WaitOnFlagUntilTimeout
                0x08003702       0x9e build/debug/stm32wbxx_hal_uart.o
                0x08003702                UART_WaitOnFlagUntilTimeout
 .text.UART_CheckIdleState
                0x080037a0       0xca build/debug/stm32wbxx_hal_uart.o
                0x080037a0                UART_CheckIdleState
 .text.HAL_UART_Init
                0x0800386a       0x66 build/debug/stm32wbxx_hal_uart.o
                0x0800386a                HAL_UART_Init
 .text.UARTEx_SetNbDataToProcess
                0x080038d0       0x4c build/debug/stm32wbxx_hal_uart_ex.o
 .text.HAL_UARTEx_DisableFifoMode
                0x0800391c       0x3e build/debug/stm32wbxx_hal_uart_ex.o
                0x0800391c                HAL_UARTEx_DisableFifoMode
 .text.HAL_UARTEx_SetTxFifoThreshold
                0x0800395a       0x4a build/debug/stm32wbxx_hal_uart_ex.o
                0x0800395a                HAL_UARTEx_SetTxFifoThreshold
 .text.HAL_UARTEx_SetRxFifoThreshold
                0x080039a4       0x4a build/debug/stm32wbxx_hal_uart_ex.o
                0x080039a4                HAL_UARTEx_SetRxFifoThreshold
 .text.NMI_Handler
                0x080039ee        0x2 build/debug/stm32wbxx_it.o
                0x080039ee                NMI_Handler
 .text.HardFault_Handler
                0x080039f0        0x2 build/debug/stm32wbxx_it.o
                0x080039f0                HardFault_Handler
 .text.MemManage_Handler
                0x080039f2        0x2 build/debug/stm32wbxx_it.o
                0x080039f2                MemManage_Handler
 .text.BusFault_Handler
                0x080039f4        0x2 build/debug/stm32wbxx_it.o
                0x080039f4                BusFault_Handler
 .text.UsageFault_Handler
                0x080039f6        0x2 build/debug/stm32wbxx_it.o
                0x080039f6                UsageFault_Handler
 .text.SVC_Handler
                0x080039f8        0x2 build/debug/stm32wbxx_it.o
                0x080039f8                SVC_Handler
 .text.DebugMon_Handler
                0x080039fa        0x2 build/debug/stm32wbxx_it.o
                0x080039fa                DebugMon_Handler
 .text.PendSV_Handler
                0x080039fc        0x2 build/debug/stm32wbxx_it.o
                0x080039fc                PendSV_Handler
 .text.SysTick_Handler
                0x080039fe        0x8 build/debug/stm32wbxx_it.o
                0x080039fe                SysTick_Handler
 *fill*         0x08003a06        0x2 
 .text.TIM2_IRQHandler
                0x08003a08       0x10 build/debug/stm32wbxx_it.o
                0x08003a08                TIM2_IRQHandler
 .text._getpid  0x08003a18        0x4 build/debug/syscalls.o
                0x08003a18                _getpid
 .text._kill    0x08003a1c       0x10 build/debug/syscalls.o
                0x08003a1c                _kill
 .text._exit    0x08003a2c        0xc build/debug/syscalls.o
                0x08003a2c                _exit
 .text._read    0x08003a38       0x20 build/debug/syscalls.o
                0x08003a38                _read
 .text._write   0x08003a58       0x1c build/debug/syscalls.o
                0x08003a58                _write
 .text._close   0x08003a74        0x6 build/debug/syscalls.o
                0x08003a74                _close
 .text._fstat   0x08003a7a        0xa build/debug/syscalls.o
                0x08003a7a                _fstat
 .text._isatty  0x08003a84        0x4 build/debug/syscalls.o
                0x08003a84                _isatty
 .text._lseek   0x08003a88        0x4 build/debug/syscalls.o
                0x08003a88                _lseek
 .text._sbrk    0x08003a8c       0x48 build/debug/sysmem.o
                0x08003a8c                _sbrk
 .text.SystemInit
                0x08003ad4       0x64 build/debug/system_stm32wbxx.o
                0x08003ad4                SystemInit
 .text.MX_TIM2_Init
                0x08003b38       0x78 build/debug/tim.o
                0x08003b38                MX_TIM2_Init
 .text.HAL_TIM_Base_MspInit
                0x08003bb0       0x3a build/debug/tim.o
                0x08003bb0                HAL_TIM_Base_MspInit
 *fill*         0x08003bea        0x2 
 .text.MX_USART1_UART_Init
                0x08003bec       0x68 build/debug/usart.o
                0x08003bec                MX_USART1_UART_Init
 .text.HAL_UART_MspInit
                0x08003c54       0x84 build/debug/usart.o
                0x08003c54                HAL_UART_MspInit
 .text.data_initializers
                0x08003cd8       0x18 build/debug/startup_stm32wb55xx_cm4.o
 .text.Reset_Handler
                0x08003cf0       0x58 build/debug/startup_stm32wb55xx_cm4.o
                0x08003cf0                Reset_Handler
 .text.Default_Handler
                0x08003d48        0x2 build/debug/startup_stm32wb55xx_cm4.o
                0x08003d48                RTC_Alarm_IRQHandler
                0x08003d48                EXTI2_IRQHandler
                0x08003d48                TIM1_CC_IRQHandler
                0x08003d48                TSC_IRQHandler
                0x08003d48                USB_HP_IRQHandler
                0x08003d48                EXTI3_IRQHandler
                0x08003d48                LPTIM2_IRQHandler
                0x08003d48                I2C3_ER_IRQHandler
                0x08003d48                EXTI0_IRQHandler
                0x08003d48                FPU_IRQHandler
                0x08003d48                TIM1_UP_TIM16_IRQHandler
                0x08003d48                AES1_IRQHandler
                0x08003d48                SPI1_IRQHandler
                0x08003d48                PWR_SOTF_BLEACT_802ACT_RFPHASE_IRQHandler
                0x08003d48                DMA2_Channel2_IRQHandler
                0x08003d48                DMA1_Channel4_IRQHandler
                0x08003d48                ADC1_IRQHandler
                0x08003d48                PKA_IRQHandler
                0x08003d48                DMA1_Channel7_IRQHandler
                0x08003d48                LCD_IRQHandler
                0x08003d48                IPCC_C1_TX_IRQHandler
                0x08003d48                DMA2_Channel1_IRQHandler
                0x08003d48                QUADSPI_IRQHandler
                0x08003d48                I2C1_EV_IRQHandler
                0x08003d48                DMAMUX1_OVR_IRQHandler
                0x08003d48                DMA1_Channel6_IRQHandler
                0x08003d48                DMA2_Channel4_IRQHandler
                0x08003d48                RCC_IRQHandler
                0x08003d48                DMA1_Channel1_IRQHandler
                0x08003d48                Default_Handler
                0x08003d48                DMA2_Channel7_IRQHandler
                0x08003d48                EXTI15_10_IRQHandler
                0x08003d48                IPCC_C1_RX_IRQHandler
                0x08003d48                C2SEV_PWR_C2H_IRQHandler
                0x08003d48                AES2_IRQHandler
                0x08003d48                I2C3_EV_IRQHandler
                0x08003d48                EXTI9_5_IRQHandler
                0x08003d48                RTC_WKUP_IRQHandler
                0x08003d48                PVD_PVM_IRQHandler
                0x08003d48                SPI2_IRQHandler
                0x08003d48                DMA2_Channel5_IRQHandler
                0x08003d48                CRS_IRQHandler
                0x08003d48                DMA1_Channel5_IRQHandler
                0x08003d48                USB_LP_IRQHandler
                0x08003d48                EXTI4_IRQHandler
                0x08003d48                RNG_IRQHandler
                0x08003d48                TIM1_TRG_COM_TIM17_IRQHandler
                0x08003d48                TAMP_STAMP_LSECSS_IRQHandler
                0x08003d48                DMA1_Channel3_IRQHandler
                0x08003d48                COMP_IRQHandler
                0x08003d48                HSEM_IRQHandler
                0x08003d48                WWDG_IRQHandler
                0x08003d48                LPUART1_IRQHandler
                0x08003d48                DMA2_Channel6_IRQHandler
                0x08003d48                TIM1_BRK_IRQHandler
                0x08003d48                EXTI1_IRQHandler
                0x08003d48                DMA1_Channel2_IRQHandler
                0x08003d48                FLASH_IRQHandler
                0x08003d48                USART1_IRQHandler
                0x08003d48                I2C1_ER_IRQHandler
                0x08003d48                LPTIM1_IRQHandler
                0x08003d48                SAI1_IRQHandler
                0x08003d48                DMA2_Channel3_IRQHandler
 *fill*         0x08003d4a        0x2 
 .text.srand    0x08003d4c       0x5c c:/Users/elhyd/AppData/Roaming/Code/User/globalStorage/bmd.stm32-for-vscode/@xpack-dev-tools/arm-none-eabi-gcc/14.2.1-1.1.1/.content/bin/../lib/gcc/arm-none-eabi/14.2.1/../../../../arm-none-eabi/lib/thumb/v7e-m+fp/hard\libc_nano.a(libc_a-rand.o)
                0x08003d4c                srand
 .text.rand     0x08003da8       0x7c c:/Users/elhyd/AppData/Roaming/Code/User/globalStorage/bmd.stm32-for-vscode/@xpack-dev-tools/arm-none-eabi-gcc/14.2.1-1.1.1/.content/bin/../lib/gcc/arm-none-eabi/14.2.1/../../../../arm-none-eabi/lib/thumb/v7e-m+fp/hard\libc_nano.a(libc_a-rand.o)
                0x08003da8                rand
 .text.std      0x08003e24       0x6c c:/Users/elhyd/AppData/Roaming/Code/User/globalStorage/bmd.stm32-for-vscode/@xpack-dev-tools/arm-none-eabi-gcc/14.2.1-1.1.1/.content/bin/../lib/gcc/arm-none-eabi/14.2.1/../../../../arm-none-eabi/lib/thumb/v7e-m+fp/hard\libc_nano.a(libc_a-findfp.o)
 .text.stdio_exit_handler
                0x08003e90       0x18 c:/Users/elhyd/AppData/Roaming/Code/User/globalStorage/bmd.stm32-for-vscode/@xpack-dev-tools/arm-none-eabi-gcc/14.2.1-1.1.1/.content/bin/../lib/gcc/arm-none-eabi/14.2.1/../../../../arm-none-eabi/lib/thumb/v7e-m+fp/hard\libc_nano.a(libc_a-findfp.o)
 .text.cleanup_stdio
                0x08003ea8       0x40 c:/Users/elhyd/AppData/Roaming/Code/User/globalStorage/bmd.stm32-for-vscode/@xpack-dev-tools/arm-none-eabi-gcc/14.2.1-1.1.1/.content/bin/../lib/gcc/arm-none-eabi/14.2.1/../../../../arm-none-eabi/lib/thumb/v7e-m+fp/hard\libc_nano.a(libc_a-findfp.o)
 .text.global_stdio_init.part.0
                0x08003ee8       0x40 c:/Users/elhyd/AppData/Roaming/Code/User/globalStorage/bmd.stm32-for-vscode/@xpack-dev-tools/arm-none-eabi-gcc/14.2.1-1.1.1/.content/bin/../lib/gcc/arm-none-eabi/14.2.1/../../../../arm-none-eabi/lib/thumb/v7e-m+fp/hard\libc_nano.a(libc_a-findfp.o)
 .text.__sfp_lock_acquire
                0x08003f28        0xc c:/Users/elhyd/AppData/Roaming/Code/User/globalStorage/bmd.stm32-for-vscode/@xpack-dev-tools/arm-none-eabi-gcc/14.2.1-1.1.1/.content/bin/../lib/gcc/arm-none-eabi/14.2.1/../../../../arm-none-eabi/lib/thumb/v7e-m+fp/hard\libc_nano.a(libc_a-findfp.o)
                0x08003f28                __sfp_lock_acquire
 .text.__sfp_lock_release
                0x08003f34        0xc c:/Users/elhyd/AppData/Roaming/Code/User/globalStorage/bmd.stm32-for-vscode/@xpack-dev-tools/arm-none-eabi-gcc/14.2.1-1.1.1/.content/bin/../lib/gcc/arm-none-eabi/14.2.1/../../../../arm-none-eabi/lib/thumb/v7e-m+fp/hard\libc_nano.a(libc_a-findfp.o)
                0x08003f34                __sfp_lock_release
 .text.__sinit  0x08003f40       0x30 c:/Users/elhyd/AppData/Roaming/Code/User/globalStorage/bmd.stm32-for-vscode/@xpack-dev-tools/arm-none-eabi-gcc/14.2.1-1.1.1/.content/bin/../lib/gcc/arm-none-eabi/14.2.1/../../../../arm-none-eabi/lib/thumb/v7e-m+fp/hard\libc_nano.a(libc_a-findfp.o)
                0x08003f40                __sinit
 .text._fwalk_sglue
                0x08003f70       0x3c c:/Users/elhyd/AppData/Roaming/Code/User/globalStorage/bmd.stm32-for-vscode/@xpack-dev-tools/arm-none-eabi-gcc/14.2.1-1.1.1/.content/bin/../lib/gcc/arm-none-eabi/14.2.1/../../../../arm-none-eabi/lib/thumb/v7e-m+fp/hard\libc_nano.a(libc_a-fwalk.o)
                0x08003f70                _fwalk_sglue
 .text.snprintf
                0x08003fac       0x6c c:/Users/elhyd/AppData/Roaming/Code/User/globalStorage/bmd.stm32-for-vscode/@xpack-dev-tools/arm-none-eabi-gcc/14.2.1-1.1.1/.content/bin/../lib/gcc/arm-none-eabi/14.2.1/../../../../arm-none-eabi/lib/thumb/v7e-m+fp/hard\libc_nano.a(libc_a-snprintf.o)
                0x08003fac                sniprintf
                0x08003fac                snprintf
 .text.__sread  0x08004018       0x22 c:/Users/elhyd/AppData/Roaming/Code/User/globalStorage/bmd.stm32-for-vscode/@xpack-dev-tools/arm-none-eabi-gcc/14.2.1-1.1.1/.content/bin/../lib/gcc/arm-none-eabi/14.2.1/../../../../arm-none-eabi/lib/thumb/v7e-m+fp/hard\libc_nano.a(libc_a-stdio.o)
                0x08004018                __sread
 .text.__swrite
                0x0800403a       0x38 c:/Users/elhyd/AppData/Roaming/Code/User/globalStorage/bmd.stm32-for-vscode/@xpack-dev-tools/arm-none-eabi-gcc/14.2.1-1.1.1/.content/bin/../lib/gcc/arm-none-eabi/14.2.1/../../../../arm-none-eabi/lib/thumb/v7e-m+fp/hard\libc_nano.a(libc_a-stdio.o)
                0x0800403a                __swrite
 .text.__sseek  0x08004072       0x26 c:/Users/elhyd/AppData/Roaming/Code/User/globalStorage/bmd.stm32-for-vscode/@xpack-dev-tools/arm-none-eabi-gcc/14.2.1-1.1.1/.content/bin/../lib/gcc/arm-none-eabi/14.2.1/../../../../arm-none-eabi/lib/thumb/v7e-m+fp/hard\libc_nano.a(libc_a-stdio.o)
                0x08004072                __sseek
 .text.__sclose
                0x08004098        0x8 c:/Users/elhyd/AppData/Roaming/Code/User/globalStorage/bmd.stm32-for-vscode/@xpack-dev-tools/arm-none-eabi-gcc/14.2.1-1.1.1/.content/bin/../lib/gcc/arm-none-eabi/14.2.1/../../../../arm-none-eabi/lib/thumb/v7e-m+fp/hard\libc_nano.a(libc_a-stdio.o)
                0x08004098                __sclose
 .text.memset   0x080040a0       0x10 c:/Users/elhyd/AppData/Roaming/Code/User/globalStorage/bmd.stm32-for-vscode/@xpack-dev-tools/arm-none-eabi-gcc/14.2.1-1.1.1/.content/bin/../lib/gcc/arm-none-eabi/14.2.1/../../../../arm-none-eabi/lib/thumb/v7e-m+fp/hard\libc_nano.a(libc_a-memset.o)
                0x080040a0                memset
 .text._close_r
                0x080040b0       0x20 c:/Users/elhyd/AppData/Roaming/Code/User/globalStorage/bmd.stm32-for-vscode/@xpack-dev-tools/arm-none-eabi-gcc/14.2.1-1.1.1/.content/bin/../lib/gcc/arm-none-eabi/14.2.1/../../../../arm-none-eabi/lib/thumb/v7e-m+fp/hard\libc_nano.a(libc_a-closer.o)
                0x080040b0                _close_r
 .text._lseek_r
                0x080040d0       0x24 c:/Users/elhyd/AppData/Roaming/Code/User/globalStorage/bmd.stm32-for-vscode/@xpack-dev-tools/arm-none-eabi-gcc/14.2.1-1.1.1/.content/bin/../lib/gcc/arm-none-eabi/14.2.1/../../../../arm-none-eabi/lib/thumb/v7e-m+fp/hard\libc_nano.a(libc_a-lseekr.o)
                0x080040d0                _lseek_r
 .text._read_r  0x080040f4       0x24 c:/Users/elhyd/AppData/Roaming/Code/User/globalStorage/bmd.stm32-for-vscode/@xpack-dev-tools/arm-none-eabi-gcc/14.2.1-1.1.1/.content/bin/../lib/gcc/arm-none-eabi/14.2.1/../../../../arm-none-eabi/lib/thumb/v7e-m+fp/hard\libc_nano.a(libc_a-readr.o)
                0x080040f4                _read_r
 .text._write_r
                0x08004118       0x24 c:/Users/elhyd/AppData/Roaming/Code/User/globalStorage/bmd.stm32-for-vscode/@xpack-dev-tools/arm-none-eabi-gcc/14.2.1-1.1.1/.content/bin/../lib/gcc/arm-none-eabi/14.2.1/../../../../arm-none-eabi/lib/thumb/v7e-m+fp/hard\libc_nano.a(libc_a-writer.o)
                0x08004118                _write_r
 .text.__errno  0x0800413c        0xc c:/Users/elhyd/AppData/Roaming/Code/User/globalStorage/bmd.stm32-for-vscode/@xpack-dev-tools/arm-none-eabi-gcc/14.2.1-1.1.1/.content/bin/../lib/gcc/arm-none-eabi/14.2.1/../../../../arm-none-eabi/lib/thumb/v7e-m+fp/hard\libc_nano.a(libc_a-errno.o)
                0x0800413c                __errno
 .text.__libc_init_array
                0x08004148       0x48 c:/Users/elhyd/AppData/Roaming/Code/User/globalStorage/bmd.stm32-for-vscode/@xpack-dev-tools/arm-none-eabi-gcc/14.2.1-1.1.1/.content/bin/../lib/gcc/arm-none-eabi/14.2.1/../../../../arm-none-eabi/lib/thumb/v7e-m+fp/hard\libc_nano.a(libc_a-init.o)
                0x08004148                __libc_init_array
 .text.__retarget_lock_init_recursive
                0x08004190        0x2 c:/Users/elhyd/AppData/Roaming/Code/User/globalStorage/bmd.stm32-for-vscode/@xpack-dev-tools/arm-none-eabi-gcc/14.2.1-1.1.1/.content/bin/../lib/gcc/arm-none-eabi/14.2.1/../../../../arm-none-eabi/lib/thumb/v7e-m+fp/hard\libc_nano.a(libc_a-lock.o)
                0x08004190                __retarget_lock_init_recursive
 .text.__retarget_lock_acquire_recursive
                0x08004192        0x2 c:/Users/elhyd/AppData/Roaming/Code/User/globalStorage/bmd.stm32-for-vscode/@xpack-dev-tools/arm-none-eabi-gcc/14.2.1-1.1.1/.content/bin/../lib/gcc/arm-none-eabi/14.2.1/../../../../arm-none-eabi/lib/thumb/v7e-m+fp/hard\libc_nano.a(libc_a-lock.o)
                0x08004192                __retarget_lock_acquire_recursive
 .text.__retarget_lock_release_recursive
                0x08004194        0x2 c:/Users/elhyd/AppData/Roaming/Code/User/globalStorage/bmd.stm32-for-vscode/@xpack-dev-tools/arm-none-eabi-gcc/14.2.1-1.1.1/.content/bin/../lib/gcc/arm-none-eabi/14.2.1/../../../../arm-none-eabi/lib/thumb/v7e-m+fp/hard\libc_nano.a(libc_a-lock.o)
                0x08004194                __retarget_lock_release_recursive
 *fill*         0x08004196        0x2 
 .text.__assert_func
                0x08004198       0x3c c:/Users/elhyd/AppData/Roaming/Code/User/globalStorage/bmd.stm32-for-vscode/@xpack-dev-tools/arm-none-eabi-gcc/14.2.1-1.1.1/.content/bin/../lib/gcc/arm-none-eabi/14.2.1/../../../../arm-none-eabi/lib/thumb/v7e-m+fp/hard\libc_nano.a(libc_a-assert.o)
                0x08004198                __assert_func
 .text._free_r  0x080041d4       0x94 c:/Users/elhyd/AppData/Roaming/Code/User/globalStorage/bmd.stm32-for-vscode/@xpack-dev-tools/arm-none-eabi-gcc/14.2.1-1.1.1/.content/bin/../lib/gcc/arm-none-eabi/14.2.1/../../../../arm-none-eabi/lib/thumb/v7e-m+fp/hard\libc_nano.a(libc_a-freer.o)
                0x080041d4                _free_r
 .text.malloc   0x08004268       0x10 c:/Users/elhyd/AppData/Roaming/Code/User/globalStorage/bmd.stm32-for-vscode/@xpack-dev-tools/arm-none-eabi-gcc/14.2.1-1.1.1/.content/bin/../lib/gcc/arm-none-eabi/14.2.1/../../../../arm-none-eabi/lib/thumb/v7e-m+fp/hard\libc_nano.a(libc_a-malloc.o)
                0x08004268                malloc
 .text.sbrk_aligned
                0x08004278       0x44 c:/Users/elhyd/AppData/Roaming/Code/User/globalStorage/bmd.stm32-for-vscode/@xpack-dev-tools/arm-none-eabi-gcc/14.2.1-1.1.1/.content/bin/../lib/gcc/arm-none-eabi/14.2.1/../../../../arm-none-eabi/lib/thumb/v7e-m+fp/hard\libc_nano.a(libc_a-mallocr.o)
 .text._malloc_r
                0x080042bc      0x100 c:/Users/elhyd/AppData/Roaming/Code/User/globalStorage/bmd.stm32-for-vscode/@xpack-dev-tools/arm-none-eabi-gcc/14.2.1-1.1.1/.content/bin/../lib/gcc/arm-none-eabi/14.2.1/../../../../arm-none-eabi/lib/thumb/v7e-m+fp/hard\libc_nano.a(libc_a-mallocr.o)
                0x080042bc                _malloc_r
 .text.__malloc_lock
                0x080043bc        0xc c:/Users/elhyd/AppData/Roaming/Code/User/globalStorage/bmd.stm32-for-vscode/@xpack-dev-tools/arm-none-eabi-gcc/14.2.1-1.1.1/.content/bin/../lib/gcc/arm-none-eabi/14.2.1/../../../../arm-none-eabi/lib/thumb/v7e-m+fp/hard\libc_nano.a(libc_a-mlock.o)
                0x080043bc                __malloc_lock
 .text.__malloc_unlock
                0x080043c8        0xc c:/Users/elhyd/AppData/Roaming/Code/User/globalStorage/bmd.stm32-for-vscode/@xpack-dev-tools/arm-none-eabi-gcc/14.2.1-1.1.1/.content/bin/../lib/gcc/arm-none-eabi/14.2.1/../../../../arm-none-eabi/lib/thumb/v7e-m+fp/hard\libc_nano.a(libc_a-mlock.o)
                0x080043c8                __malloc_unlock
 .text.__ssputs_r
                0x080043d4       0xc0 c:/Users/elhyd/AppData/Roaming/Code/User/globalStorage/bmd.stm32-for-vscode/@xpack-dev-tools/arm-none-eabi-gcc/14.2.1-1.1.1/.content/bin/../lib/gcc/arm-none-eabi/14.2.1/../../../../arm-none-eabi/lib/thumb/v7e-m+fp/hard\libc_nano.a(libc_a-nano-svfprintf.o)
                0x080043d4                __ssputs_r
 .text._svfprintf_r
                0x08004494      0x1f8 c:/Users/elhyd/AppData/Roaming/Code/User/globalStorage/bmd.stm32-for-vscode/@xpack-dev-tools/arm-none-eabi-gcc/14.2.1-1.1.1/.content/bin/../lib/gcc/arm-none-eabi/14.2.1/../../../../arm-none-eabi/lib/thumb/v7e-m+fp/hard\libc_nano.a(libc_a-nano-svfprintf.o)
                0x08004494                _svfiprintf_r
                0x08004494                _svfprintf_r
 .text._printf_common
                0x0800468c       0xda c:/Users/elhyd/AppData/Roaming/Code/User/globalStorage/bmd.stm32-for-vscode/@xpack-dev-tools/arm-none-eabi-gcc/14.2.1-1.1.1/.content/bin/../lib/gcc/arm-none-eabi/14.2.1/../../../../arm-none-eabi/lib/thumb/v7e-m+fp/hard\libc_nano.a(libc_a-nano-vfprintf_i.o)
                0x0800468c                _printf_common
 *fill*         0x08004766        0x2 
 .text._printf_i
                0x08004768      0x240 c:/Users/elhyd/AppData/Roaming/Code/User/globalStorage/bmd.stm32-for-vscode/@xpack-dev-tools/arm-none-eabi-gcc/14.2.1-1.1.1/.content/bin/../lib/gcc/arm-none-eabi/14.2.1/../../../../arm-none-eabi/lib/thumb/v7e-m+fp/hard\libc_nano.a(libc_a-nano-vfprintf_i.o)
                0x08004768                _printf_i
 .text.__sflush_r
                0x080049a8      0x104 c:/Users/elhyd/AppData/Roaming/Code/User/globalStorage/bmd.stm32-for-vscode/@xpack-dev-tools/arm-none-eabi-gcc/14.2.1-1.1.1/.content/bin/../lib/gcc/arm-none-eabi/14.2.1/../../../../arm-none-eabi/lib/thumb/v7e-m+fp/hard\libc_nano.a(libc_a-fflush.o)
                0x080049a8                __sflush_r
 .text._fflush_r
                0x08004aac       0x50 c:/Users/elhyd/AppData/Roaming/Code/User/globalStorage/bmd.stm32-for-vscode/@xpack-dev-tools/arm-none-eabi-gcc/14.2.1-1.1.1/.content/bin/../lib/gcc/arm-none-eabi/14.2.1/../../../../arm-none-eabi/lib/thumb/v7e-m+fp/hard\libc_nano.a(libc_a-fflush.o)
                0x08004aac                _fflush_r
 .text.fprintf  0x08004afc       0x24 c:/Users/elhyd/AppData/Roaming/Code/User/globalStorage/bmd.stm32-for-vscode/@xpack-dev-tools/arm-none-eabi-gcc/14.2.1-1.1.1/.content/bin/../lib/gcc/arm-none-eabi/14.2.1/../../../../arm-none-eabi/lib/thumb/v7e-m+fp/hard\libc_nano.a(libc_a-fprintf.o)
                0x08004afc                fiprintf
                0x08004afc                fprintf
 .text.memmove  0x08004b20       0x32 c:/Users/elhyd/AppData/Roaming/Code/User/globalStorage/bmd.stm32-for-vscode/@xpack-dev-tools/arm-none-eabi-gcc/14.2.1-1.1.1/.content/bin/../lib/gcc/arm-none-eabi/14.2.1/../../../../arm-none-eabi/lib/thumb/v7e-m+fp/hard\libc_nano.a(libc_a-memmove.o)
                0x08004b20                memmove
 *fill*         0x08004b52        0x2 
 .text._sbrk_r  0x08004b54       0x20 c:/Users/elhyd/AppData/Roaming/Code/User/globalStorage/bmd.stm32-for-vscode/@xpack-dev-tools/arm-none-eabi-gcc/14.2.1-1.1.1/.content/bin/../lib/gcc/arm-none-eabi/14.2.1/../../../../arm-none-eabi/lib/thumb/v7e-m+fp/hard\libc_nano.a(libc_a-sbrkr.o)
                0x08004b54                _sbrk_r
 .text.memcpy   0x08004b74       0x1c c:/Users/elhyd/AppData/Roaming/Code/User/globalStorage/bmd.stm32-for-vscode/@xpack-dev-tools/arm-none-eabi-gcc/14.2.1-1.1.1/.content/bin/../lib/gcc/arm-none-eabi/14.2.1/../../../../arm-none-eabi/lib/thumb/v7e-m+fp/hard\libc_nano.a(libc_a-memcpy-stub.o)
                0x08004b74                memcpy
 .text.abort    0x08004b90        0xe c:/Users/elhyd/AppData/Roaming/Code/User/globalStorage/bmd.stm32-for-vscode/@xpack-dev-tools/arm-none-eabi-gcc/14.2.1-1.1.1/.content/bin/../lib/gcc/arm-none-eabi/14.2.1/../../../../arm-none-eabi/lib/thumb/v7e-m+fp/hard\libc_nano.a(libc_a-abort.o)
                0x08004b90                abort
 .text._realloc_r
                0x08004b9e       0x5c c:/Users/elhyd/AppData/Roaming/Code/User/globalStorage/bmd.stm32-for-vscode/@xpack-dev-tools/arm-none-eabi-gcc/14.2.1-1.1.1/.content/bin/../lib/gcc/arm-none-eabi/14.2.1/../../../../arm-none-eabi/lib/thumb/v7e-m+fp/hard\libc_nano.a(libc_a-reallocr.o)
                0x08004b9e                _realloc_r
 .text.__sfputc_r
                0x08004bfa       0x2e c:/Users/elhyd/AppData/Roaming/Code/User/globalStorage/bmd.stm32-for-vscode/@xpack-dev-tools/arm-none-eabi-gcc/14.2.1-1.1.1/.content/bin/../lib/gcc/arm-none-eabi/14.2.1/../../../../arm-none-eabi/lib/thumb/v7e-m+fp/hard\libc_nano.a(libc_a-nano-vfprintf.o)
 .text.__sfputs_r
                0x08004c28       0x24 c:/Users/elhyd/AppData/Roaming/Code/User/globalStorage/bmd.stm32-for-vscode/@xpack-dev-tools/arm-none-eabi-gcc/14.2.1-1.1.1/.content/bin/../lib/gcc/arm-none-eabi/14.2.1/../../../../arm-none-eabi/lib/thumb/v7e-m+fp/hard\libc_nano.a(libc_a-nano-vfprintf.o)
                0x08004c28                __sfputs_r
 .text._vfprintf_r
                0x08004c4c      0x230 c:/Users/elhyd/AppData/Roaming/Code/User/globalStorage/bmd.stm32-for-vscode/@xpack-dev-tools/arm-none-eabi-gcc/14.2.1-1.1.1/.content/bin/../lib/gcc/arm-none-eabi/14.2.1/../../../../arm-none-eabi/lib/thumb/v7e-m+fp/hard\libc_nano.a(libc_a-nano-vfprintf.o)
                0x08004c4c                _vfprintf_r
                0x08004c4c                _vfiprintf_r
 .text.__swbuf_r
                0x08004e7c       0x7c c:/Users/elhyd/AppData/Roaming/Code/User/globalStorage/bmd.stm32-for-vscode/@xpack-dev-tools/arm-none-eabi-gcc/14.2.1-1.1.1/.content/bin/../lib/gcc/arm-none-eabi/14.2.1/../../../../arm-none-eabi/lib/thumb/v7e-m+fp/hard\libc_nano.a(libc_a-wbuf.o)
                0x08004e7c                __swbuf_r
 .text.__swsetup_r
                0x08004ef8       0xa8 c:/Users/elhyd/AppData/Roaming/Code/User/globalStorage/bmd.stm32-for-vscode/@xpack-dev-tools/arm-none-eabi-gcc/14.2.1-1.1.1/.content/bin/../lib/gcc/arm-none-eabi/14.2.1/../../../../arm-none-eabi/lib/thumb/v7e-m+fp/hard\libc_nano.a(libc_a-wsetup.o)
                0x08004ef8                __swsetup_r
 .text._raise_r
                0x08004fa0       0x50 c:/Users/elhyd/AppData/Roaming/Code/User/globalStorage/bmd.stm32-for-vscode/@xpack-dev-tools/arm-none-eabi-gcc/14.2.1-1.1.1/.content/bin/../lib/gcc/arm-none-eabi/14.2.1/../../../../arm-none-eabi/lib/thumb/v7e-m+fp/hard\libc_nano.a(libc_a-signal.o)
                0x08004fa0                _raise_r
 .text.raise    0x08004ff0       0x10 c:/Users/elhyd/AppData/Roaming/Code/User/globalStorage/bmd.stm32-for-vscode/@xpack-dev-tools/arm-none-eabi-gcc/14.2.1-1.1.1/.content/bin/../lib/gcc/arm-none-eabi/14.2.1/../../../../arm-none-eabi/lib/thumb/v7e-m+fp/hard\libc_nano.a(libc_a-signal.o)
                0x08004ff0                raise
 .text._kill_r  0x08005000       0x24 c:/Users/elhyd/AppData/Roaming/Code/User/globalStorage/bmd.stm32-for-vscode/@xpack-dev-tools/arm-none-eabi-gcc/14.2.1-1.1.1/.content/bin/../lib/gcc/arm-none-eabi/14.2.1/../../../../arm-none-eabi/lib/thumb/v7e-m+fp/hard\libc_nano.a(libc_a-signalr.o)
                0x08005000                _kill_r
 .text._getpid_r
                0x08005024        0x4 c:/Users/elhyd/AppData/Roaming/Code/User/globalStorage/bmd.stm32-for-vscode/@xpack-dev-tools/arm-none-eabi-gcc/14.2.1-1.1.1/.content/bin/../lib/gcc/arm-none-eabi/14.2.1/../../../../arm-none-eabi/lib/thumb/v7e-m+fp/hard\libc_nano.a(libc_a-signalr.o)
                0x08005024                _getpid_r
 .text._malloc_usable_size_r
                0x08005028       0x10 c:/Users/elhyd/AppData/Roaming/Code/User/globalStorage/bmd.stm32-for-vscode/@xpack-dev-tools/arm-none-eabi-gcc/14.2.1-1.1.1/.content/bin/../lib/gcc/arm-none-eabi/14.2.1/../../../../arm-none-eabi/lib/thumb/v7e-m+fp/hard\libc_nano.a(libc_a-msizer.o)
                0x08005028                _malloc_usable_size_r
 .text.__swhatbuf_r
                0x08005038       0x48 c:/Users/elhyd/AppData/Roaming/Code/User/globalStorage/bmd.stm32-for-vscode/@xpack-dev-tools/arm-none-eabi-gcc/14.2.1-1.1.1/.content/bin/../lib/gcc/arm-none-eabi/14.2.1/../../../../arm-none-eabi/lib/thumb/v7e-m+fp/hard\libc_nano.a(libc_a-makebuf.o)
                0x08005038                __swhatbuf_r
 .text.__smakebuf_r
                0x08005080       0x72 c:/Users/elhyd/AppData/Roaming/Code/User/globalStorage/bmd.stm32-for-vscode/@xpack-dev-tools/arm-none-eabi-gcc/14.2.1-1.1.1/.content/bin/../lib/gcc/arm-none-eabi/14.2.1/../../../../arm-none-eabi/lib/thumb/v7e-m+fp/hard\libc_nano.a(libc_a-makebuf.o)
                0x08005080                __smakebuf_r
 *fill*         0x080050f2        0x2 
 .text._fstat_r
                0x080050f4       0x24 c:/Users/elhyd/AppData/Roaming/Code/User/globalStorage/bmd.stm32-for-vscode/@xpack-dev-tools/arm-none-eabi-gcc/14.2.1-1.1.1/.content/bin/../lib/gcc/arm-none-eabi/14.2.1/../../../../arm-none-eabi/lib/thumb/v7e-m+fp/hard\libc_nano.a(libc_a-fstatr.o)
                0x080050f4                _fstat_r
 .text._isatty_r
                0x08005118       0x20 c:/Users/elhyd/AppData/Roaming/Code/User/globalStorage/bmd.stm32-for-vscode/@xpack-dev-tools/arm-none-eabi-gcc/14.2.1-1.1.1/.content/bin/../lib/gcc/arm-none-eabi/14.2.1/../../../../arm-none-eabi/lib/thumb/v7e-m+fp/hard\libc_nano.a(libc_a-isattyr.o)
                0x08005118                _isatty_r
 .text.__udivmoddi4
                0x08005138      0x2f8 c:/Users/elhyd/AppData/Roaming/Code/User/globalStorage/bmd.stm32-for-vscode/@xpack-dev-tools/arm-none-eabi-gcc/14.2.1-1.1.1/.content/bin/../lib/gcc/arm-none-eabi/14.2.1/thumb/v7e-m+fp/hard\libgcc.a(_udivmoddi4.o)
                0x08005138                __udivmoddi4
 *(.glue_7)
 .glue_7        0x08005430        0x0 linker stubs
 *(.glue_7t)
 .glue_7t       0x08005430        0x0 linker stubs
 *(.eh_frame)
 .eh_frame      0x08005430        0x0 c:/Users/elhyd/AppData/Roaming/Code/User/globalStorage/bmd.stm32-for-vscode/@xpack-dev-tools/arm-none-eabi-gcc/14.2.1-1.1.1/.content/bin/../lib/gcc/arm-none-eabi/14.2.1/thumb/v7e-m+fp/hard/crtbegin.o
 *(.init)
 .init          0x08005430        0x4 c:/Users/elhyd/AppData/Roaming/Code/User/globalStorage/bmd.stm32-for-vscode/@xpack-dev-tools/arm-none-eabi-gcc/14.2.1-1.1.1/.content/bin/../lib/gcc/arm-none-eabi/14.2.1/thumb/v7e-m+fp/hard/crti.o
                0x08005430                _init
 .init          0x08005434        0x8 c:/Users/elhyd/AppData/Roaming/Code/User/globalStorage/bmd.stm32-for-vscode/@xpack-dev-tools/arm-none-eabi-gcc/14.2.1-1.1.1/.content/bin/../lib/gcc/arm-none-eabi/14.2.1/thumb/v7e-m+fp/hard/crtn.o
 *(.fini)
 .fini          0x0800543c        0x4 c:/Users/elhyd/AppData/Roaming/Code/User/globalStorage/bmd.stm32-for-vscode/@xpack-dev-tools/arm-none-eabi-gcc/14.2.1-1.1.1/.content/bin/../lib/gcc/arm-none-eabi/14.2.1/thumb/v7e-m+fp/hard/crti.o
                0x0800543c                _fini
 .fini          0x08005440        0x8 c:/Users/elhyd/AppData/Roaming/Code/User/globalStorage/bmd.stm32-for-vscode/@xpack-dev-tools/arm-none-eabi-gcc/14.2.1-1.1.1/.content/bin/../lib/gcc/arm-none-eabi/14.2.1/thumb/v7e-m+fp/hard/crtn.o
                0x08005448                        . = ALIGN (0x4)
                0x08005448                        _etext = .

.vfp11_veneer   0x08005448        0x0
 .vfp11_veneer  0x08005448        0x0 linker stubs

.v4_bx          0x08005448        0x0
 .v4_bx         0x08005448        0x0 linker stubs

.iplt           0x08005448        0x0
 .iplt          0x08005448        0x0 c:/Users/elhyd/AppData/Roaming/Code/User/globalStorage/bmd.stm32-for-vscode/@xpack-dev-tools/arm-none-eabi-gcc/14.2.1-1.1.1/.content/bin/../lib/gcc/arm-none-eabi/14.2.1/thumb/v7e-m+fp/hard/crtbegin.o

.rodata         0x08005448      0x334
                0x08005448                        . = ALIGN (0x4)
 *(.rodata)
 .rodata        0x08005448       0x2c build/debug/stm32wbxx_hal_rcc.o
 *(.rodata*)
 .rodata.Game_Run.str1.4
                0x08005474      0x136 build/debug/SimonGame.o
                                0x132 (size before relaxing)
 *fill*         0x080055aa        0x2 
 .rodata.UARTPrescTable
                0x080055ac       0x18 build/debug/stm32wbxx_hal_uart.o
                0x080055ac                UARTPrescTable
 .rodata.denominator.0
                0x080055c4        0x8 build/debug/stm32wbxx_hal_uart_ex.o
 .rodata.numerator.1
                0x080055cc        0x8 build/debug/stm32wbxx_hal_uart_ex.o
 .rodata.MSIRangeTable
                0x080055d4       0x40 build/debug/system_stm32wbxx.o
                0x080055d4                MSIRangeTable
 .rodata.APBPrescTable
                0x08005614       0x20 build/debug/system_stm32wbxx.o
                0x08005614                APBPrescTable
 .rodata.AHBPrescTable
                0x08005634       0x40 build/debug/system_stm32wbxx.o
                0x08005634                AHBPrescTable
 .rodata.srand.str1.1
                0x08005674      0x108 c:/Users/elhyd/AppData/Roaming/Code/User/globalStorage/bmd.stm32-for-vscode/@xpack-dev-tools/arm-none-eabi-gcc/14.2.1-1.1.1/.content/bin/../lib/gcc/arm-none-eabi/14.2.1/../../../../arm-none-eabi/lib/thumb/v7e-m+fp/hard\libc_nano.a(libc_a-rand.o)
                                 0x99 (size before relaxing)
 .rodata.__assert_func.str1.1
                0x0800577c       0x3d c:/Users/elhyd/AppData/Roaming/Code/User/globalStorage/bmd.stm32-for-vscode/@xpack-dev-tools/arm-none-eabi-gcc/14.2.1-1.1.1/.content/bin/../lib/gcc/arm-none-eabi/14.2.1/../../../../arm-none-eabi/lib/thumb/v7e-m+fp/hard\libc_nano.a(libc_a-assert.o)
 .rodata._svfprintf_r.str1.1
                0x0800577c       0x11 c:/Users/elhyd/AppData/Roaming/Code/User/globalStorage/bmd.stm32-for-vscode/@xpack-dev-tools/arm-none-eabi-gcc/14.2.1-1.1.1/.content/bin/../lib/gcc/arm-none-eabi/14.2.1/../../../../arm-none-eabi/lib/thumb/v7e-m+fp/hard\libc_nano.a(libc_a-nano-svfprintf.o)
 .rodata._printf_i.str1.1
                0x0800577c       0x22 c:/Users/elhyd/AppData/Roaming/Code/User/globalStorage/bmd.stm32-for-vscode/@xpack-dev-tools/arm-none-eabi-gcc/14.2.1-1.1.1/.content/bin/../lib/gcc/arm-none-eabi/14.2.1/../../../../arm-none-eabi/lib/thumb/v7e-m+fp/hard\libc_nano.a(libc_a-nano-vfprintf_i.o)
 .rodata._vfprintf_r.str1.1
                0x0800577c       0x11 c:/Users/elhyd/AppData/Roaming/Code/User/globalStorage/bmd.stm32-for-vscode/@xpack-dev-tools/arm-none-eabi-gcc/14.2.1-1.1.1/.content/bin/../lib/gcc/arm-none-eabi/14.2.1/../../../../arm-none-eabi/lib/thumb/v7e-m+fp/hard\libc_nano.a(libc_a-nano-vfprintf.o)
                0x080057bc                        . = ALIGN (0x4)

.ARM.extab
 *(.ARM.extab* .gnu.linkonce.armextab.*)

.ARM            0x0800577c        0x8
                0x0800577c                        __exidx_start = .
 *(.ARM.exidx*)
 .ARM.exidx     0x0800577c        0x8 c:/Users/elhyd/AppData/Roaming/Code/User/globalStorage/bmd.stm32-for-vscode/@xpack-dev-tools/arm-none-eabi-gcc/14.2.1-1.1.1/.content/bin/../lib/gcc/arm-none-eabi/14.2.1/../../../../arm-none-eabi/lib/thumb/v7e-m+fp/hard\libc_nano.a(libc_a-memchr.o)
 .ARM.exidx.text.__udivmoddi4
                0x08005784        0x0 c:/Users/elhyd/AppData/Roaming/Code/User/globalStorage/bmd.stm32-for-vscode/@xpack-dev-tools/arm-none-eabi-gcc/14.2.1-1.1.1/.content/bin/../lib/gcc/arm-none-eabi/14.2.1/thumb/v7e-m+fp/hard\libgcc.a(_udivmoddi4.o)
                                  0x8 (size before relaxing)
                0x08005784                        __exidx_end = .

.preinit_array  0x08005784        0x0
                0x08005784                        PROVIDE (__preinit_array_start = .)
 *(.preinit_array*)
                0x08005784                        PROVIDE (__preinit_array_end = .)

.init_array     0x08005784        0x4
                0x08005784                        PROVIDE (__init_array_start = .)
 *(SORT_BY_NAME(.init_array.*))
 *(.init_array*)
 .init_array    0x08005784        0x4 c:/Users/elhyd/AppData/Roaming/Code/User/globalStorage/bmd.stm32-for-vscode/@xpack-dev-tools/arm-none-eabi-gcc/14.2.1-1.1.1/.content/bin/../lib/gcc/arm-none-eabi/14.2.1/thumb/v7e-m+fp/hard/crtbegin.o
                0x08005788                        PROVIDE (__init_array_end = .)

.fini_array     0x08005788        0x4
                0x08005788                        PROVIDE (__fini_array_start = .)
 *(SORT_BY_NAME(.fini_array.*))
 *(.fini_array*)
 .fini_array    0x08005788        0x4 c:/Users/elhyd/AppData/Roaming/Code/User/globalStorage/bmd.stm32-for-vscode/@xpack-dev-tools/arm-none-eabi-gcc/14.2.1-1.1.1/.content/bin/../lib/gcc/arm-none-eabi/14.2.1/thumb/v7e-m+fp/hard/crtbegin.o
                0x0800578c                        PROVIDE (__fini_array_end = .)
                0x0800578c                        _sidata = LOADADDR (.data)

.rel.dyn        0x0800578c        0x0
 .rel.iplt      0x0800578c        0x0 c:/Users/elhyd/AppData/Roaming/Code/User/globalStorage/bmd.stm32-for-vscode/@xpack-dev-tools/arm-none-eabi-gcc/14.2.1-1.1.1/.content/bin/../lib/gcc/arm-none-eabi/14.2.1/thumb/v7e-m+fp/hard/crtbegin.o

.data           0x20000008       0x68 load address 0x0800578c
                0x20000008                        . = ALIGN (0x4)
                0x20000008                        _sdata = .
 *(.data)
 *(.data*)
 .data.uwTickFreq
                0x20000008        0x1 build/debug/stm32wbxx_hal.o
                0x20000008                uwTickFreq
 *fill*         0x20000009        0x3 
 .data.uwTickPrio
                0x2000000c        0x4 build/debug/stm32wbxx_hal.o
                0x2000000c                uwTickPrio
 .data.SystemCoreClock
                0x20000010        0x4 build/debug/system_stm32wbxx.o
                0x20000010                SystemCoreClock
 .data.__sglue  0x20000014        0xc c:/Users/elhyd/AppData/Roaming/Code/User/globalStorage/bmd.stm32-for-vscode/@xpack-dev-tools/arm-none-eabi-gcc/14.2.1-1.1.1/.content/bin/../lib/gcc/arm-none-eabi/14.2.1/../../../../arm-none-eabi/lib/thumb/v7e-m+fp/hard\libc_nano.a(libc_a-findfp.o)
                0x20000014                __sglue
 .data._impure_ptr
                0x20000020        0x4 c:/Users/elhyd/AppData/Roaming/Code/User/globalStorage/bmd.stm32-for-vscode/@xpack-dev-tools/arm-none-eabi-gcc/14.2.1-1.1.1/.content/bin/../lib/gcc/arm-none-eabi/14.2.1/../../../../arm-none-eabi/lib/thumb/v7e-m+fp/hard\libc_nano.a(libc_a-impure.o)
                0x20000020                _impure_ptr
 .data._impure_data
                0x20000024       0x4c c:/Users/elhyd/AppData/Roaming/Code/User/globalStorage/bmd.stm32-for-vscode/@xpack-dev-tools/arm-none-eabi-gcc/14.2.1-1.1.1/.content/bin/../lib/gcc/arm-none-eabi/14.2.1/../../../../arm-none-eabi/lib/thumb/v7e-m+fp/hard\libc_nano.a(libc_a-impure.o)
                0x20000024                _impure_data
                0x20000070                        . = ALIGN (0x4)

.igot.plt       0x20000070        0x0 load address 0x080057f4
 .igot.plt      0x20000070        0x0 c:/Users/elhyd/AppData/Roaming/Code/User/globalStorage/bmd.stm32-for-vscode/@xpack-dev-tools/arm-none-eabi-gcc/14.2.1-1.1.1/.content/bin/../lib/gcc/arm-none-eabi/14.2.1/thumb/v7e-m+fp/hard/crtbegin.o

.tdata          0x20000070        0x0 load address 0x080057f4
 *(.tdata .tdata.* .gnu.linkonce.td.*)
                0x20000070                        . = ALIGN (0x4)
                0x20000070                        _edata = .
                [!provide]                        PROVIDE (__data_end = .)
                [!provide]                        PROVIDE (__tdata_end = .)
                [!provide]                        PROVIDE (__tdata_start = ADDR (.tdata))
                [!provide]                        PROVIDE (__tdata_size = (__tdata_end - __tdata_start))
                [!provide]                        PROVIDE (__data_start = ADDR (.data))
                [!provide]                        PROVIDE (__data_size = (__data_end - __data_start))
                [!provide]                        PROVIDE (__tdata_source = LOADADDR (.tdata))
                [!provide]                        PROVIDE (__tdata_source_end = (LOADADDR (.tdata) + SIZEOF (.tdata)))
                [!provide]                        PROVIDE (__tdata_source_size = (__tdata_source_end - __tdata_source))
                [!provide]                        PROVIDE (__data_source = LOADADDR (.data))
                [!provide]                        PROVIDE (__data_source_end = __tdata_source_end)
                [!provide]                        PROVIDE (__data_source_size = (__data_source_end - __data_source))

.tbss           0x20000070        0x0 load address 0x080057f4
                0x20000070                        _sbss = .
                0x20000070                        __bss_start__ = _sbss
 *(.tbss .tbss.*)
                0x20000070                        . = ALIGN (0x4)
                [!provide]                        PROVIDE (__tbss_end = .)
                [!provide]                        PROVIDE (__tbss_start = ADDR (.tbss))
                [!provide]                        PROVIDE (__tbss_size = (__tbss_end - __tbss_start))
                [!provide]                        PROVIDE (__tbss_offset = (ADDR (.tbss) - ADDR (.tdata)))
                [!provide]                        PROVIDE (__tls_base = __tdata_start)
                [!provide]                        PROVIDE (__tls_end = __tbss_end)
                [!provide]                        PROVIDE (__tls_size = (__tls_end - __tls_base))
                [!provide]                        PROVIDE (__tls_align = MAX (ALIGNOF (.tdata), ALIGNOF (.tbss)))
                [!provide]                        PROVIDE (__tls_size_align = (((__tls_size + __tls_align) - 0x1) & ~ ((__tls_align - 0x1))))
                [!provide]                        PROVIDE (__arm32_tls_tcb_offset = MAX (0x8, __tls_align))
                [!provide]                        PROVIDE (__arm64_tls_tcb_offset = MAX (0x10, __tls_align))

.bss            0x20000070      0x308 load address 0x080057f4
 *(.bss)
 *(.bss*)
 .bss.completed.1
                0x20000070        0x1 c:/Users/elhyd/AppData/Roaming/Code/User/globalStorage/bmd.stm32-for-vscode/@xpack-dev-tools/arm-none-eabi-gcc/14.2.1-1.1.1/.content/bin/../lib/gcc/arm-none-eabi/14.2.1/thumb/v7e-m+fp/hard/crtbegin.o
 *fill*         0x20000071        0x3 
 .bss.object.0  0x20000074       0x18 c:/Users/elhyd/AppData/Roaming/Code/User/globalStorage/bmd.stm32-for-vscode/@xpack-dev-tools/arm-none-eabi-gcc/14.2.1-1.1.1/.content/bin/../lib/gcc/arm-none-eabi/14.2.1/thumb/v7e-m+fp/hard/crtbegin.o
 .bss.lastDirection.0
                0x2000008c        0x1 build/debug/SimonGame.o
 *fill*         0x2000008d        0x3 
 .bss.directionDelay.1
                0x20000090        0x4 build/debug/SimonGame.o
 .bss.direction.2
                0x20000094        0x1 build/debug/SimonGame.o
 *fill*         0x20000095        0x3 
 .bss.lineTwo   0x20000098       0x11 build/debug/SimonGame.o
 *fill*         0x200000a9        0x3 
 .bss.lineOne   0x200000ac       0x11 build/debug/SimonGame.o
 *fill*         0x200000bd        0x3 
 .bss.buttonPressed
                0x200000c0        0x4 build/debug/SimonGame.o
 .bss.buttonTimer
                0x200000c4        0x4 build/debug/SimonGame.o
 .bss.hadc1     0x200000c8       0x64 build/debug/adc.o
                0x200000c8                hadc1
 .bss.centerX   0x2000012c        0x2 build/debug/joystick.o
 *fill*         0x2000012e        0x2 
 .bss.joystick  0x20000130       0x14 build/debug/main.o
                0x20000130                joystick
 .bss.uwTick    0x20000144        0x4 build/debug/stm32wbxx_hal.o
                0x20000144                uwTick
 .bss.__sbrk_heap_end
                0x20000148        0x4 build/debug/sysmem.o
 .bss.htim2     0x2000014c       0x4c build/debug/tim.o
                0x2000014c                htim2
 .bss.huart1    0x20000198       0x94 build/debug/usart.o
                0x20000198                huart1
 .bss.__sf      0x2000022c      0x138 c:/Users/elhyd/AppData/Roaming/Code/User/globalStorage/bmd.stm32-for-vscode/@xpack-dev-tools/arm-none-eabi-gcc/14.2.1-1.1.1/.content/bin/../lib/gcc/arm-none-eabi/14.2.1/../../../../arm-none-eabi/lib/thumb/v7e-m+fp/hard\libc_nano.a(libc_a-findfp.o)
                0x2000022c                __sf
 .bss.__stdio_exit_handler
                0x20000364        0x4 c:/Users/elhyd/AppData/Roaming/Code/User/globalStorage/bmd.stm32-for-vscode/@xpack-dev-tools/arm-none-eabi-gcc/14.2.1-1.1.1/.content/bin/../lib/gcc/arm-none-eabi/14.2.1/../../../../arm-none-eabi/lib/thumb/v7e-m+fp/hard\libc_nano.a(libc_a-findfp.o)
                0x20000364                __stdio_exit_handler
 .bss.errno     0x20000368        0x4 c:/Users/elhyd/AppData/Roaming/Code/User/globalStorage/bmd.stm32-for-vscode/@xpack-dev-tools/arm-none-eabi-gcc/14.2.1-1.1.1/.content/bin/../lib/gcc/arm-none-eabi/14.2.1/../../../../arm-none-eabi/lib/thumb/v7e-m+fp/hard\libc_nano.a(libc_a-reent.o)
                0x20000368                errno
 .bss.__lock___malloc_recursive_mutex
                0x2000036c        0x1 c:/Users/elhyd/AppData/Roaming/Code/User/globalStorage/bmd.stm32-for-vscode/@xpack-dev-tools/arm-none-eabi-gcc/14.2.1-1.1.1/.content/bin/../lib/gcc/arm-none-eabi/14.2.1/../../../../arm-none-eabi/lib/thumb/v7e-m+fp/hard\libc_nano.a(libc_a-lock.o)
                0x2000036c                __lock___malloc_recursive_mutex
 .bss.__lock___sfp_recursive_mutex
                0x2000036d        0x1 c:/Users/elhyd/AppData/Roaming/Code/User/globalStorage/bmd.stm32-for-vscode/@xpack-dev-tools/arm-none-eabi-gcc/14.2.1-1.1.1/.content/bin/../lib/gcc/arm-none-eabi/14.2.1/../../../../arm-none-eabi/lib/thumb/v7e-m+fp/hard\libc_nano.a(libc_a-lock.o)
                0x2000036d                __lock___sfp_recursive_mutex
 *fill*         0x2000036e        0x2 
 .bss.__malloc_sbrk_start
                0x20000370        0x4 c:/Users/elhyd/AppData/Roaming/Code/User/globalStorage/bmd.stm32-for-vscode/@xpack-dev-tools/arm-none-eabi-gcc/14.2.1-1.1.1/.content/bin/../lib/gcc/arm-none-eabi/14.2.1/../../../../arm-none-eabi/lib/thumb/v7e-m+fp/hard\libc_nano.a(libc_a-mallocr.o)
                0x20000370                __malloc_sbrk_start
 .bss.__malloc_free_list
                0x20000374        0x4 c:/Users/elhyd/AppData/Roaming/Code/User/globalStorage/bmd.stm32-for-vscode/@xpack-dev-tools/arm-none-eabi-gcc/14.2.1-1.1.1/.content/bin/../lib/gcc/arm-none-eabi/14.2.1/../../../../arm-none-eabi/lib/thumb/v7e-m+fp/hard\libc_nano.a(libc_a-mallocr.o)
                0x20000374                __malloc_free_list
 *(COMMON)
                0x20000378                        . = ALIGN (0x4)
                0x20000378                        _ebss = .
                0x20000378                        __bss_end__ = _ebss
                [!provide]                        PROVIDE (__bss_end = .)
                [!provide]                        PROVIDE (__non_tls_bss_start = ADDR (.bss))
                [!provide]                        PROVIDE (__bss_start = __tbss_start)
                [!provide]                        PROVIDE (__bss_size = (__bss_end - __bss_start))

._user_heap_stack
                0x20000378      0x600 load address 0x080057f4
                0x20000378                        . = ALIGN (0x8)
                [!provide]                        PROVIDE (end = .)
                0x20000378                        PROVIDE (_end = .)
                0x20000578                        . = (. + _Min_Heap_Size)
 *fill*         0x20000378      0x200 
                0x20000978                        . = (. + _Min_Stack_Size)
 *fill*         0x20000578      0x400 
                0x20000978                        . = ALIGN (0x8)

/DISCARD/
 libc.a:*(*)
 libm.a:*(*)
 libgcc.a:*(*)

.ARM.attributes
                0x00000000       0x30
 *(.ARM.attributes)
 .ARM.attributes
                0x00000000       0x22 c:/Users/elhyd/AppData/Roaming/Code/User/globalStorage/bmd.stm32-for-vscode/@xpack-dev-tools/arm-none-eabi-gcc/14.2.1-1.1.1/.content/bin/../lib/gcc/arm-none-eabi/14.2.1/thumb/v7e-m+fp/hard/crti.o
 .ARM.attributes
                0x00000022       0x34 c:/Users/elhyd/AppData/Roaming/Code/User/globalStorage/bmd.stm32-for-vscode/@xpack-dev-tools/arm-none-eabi-gcc/14.2.1-1.1.1/.content/bin/../lib/gcc/arm-none-eabi/14.2.1/thumb/v7e-m+fp/hard/crtbegin.o
 .ARM.attributes
                0x00000056       0x34 build/debug/SimonGame.o
 .ARM.attributes
                0x0000008a       0x34 build/debug/adc.o
 .ARM.attributes
                0x000000be       0x34 build/debug/gpio.o
 .ARM.attributes
                0x000000f2       0x34 build/debug/joystick.o
 .ARM.attributes
                0x00000126       0x34 build/debug/lcd1602.o
 .ARM.attributes
                0x0000015a       0x34 build/debug/main.o
 .ARM.attributes
                0x0000018e       0x34 build/debug/stm32wbxx_hal.o
 .ARM.attributes
                0x000001c2       0x34 build/debug/stm32wbxx_hal_adc.o
 .ARM.attributes
                0x000001f6       0x34 build/debug/stm32wbxx_hal_cortex.o
 .ARM.attributes
                0x0000022a       0x34 build/debug/stm32wbxx_hal_gpio.o
 .ARM.attributes
                0x0000025e       0x34 build/debug/stm32wbxx_hal_msp.o
 .ARM.attributes
                0x00000292       0x34 build/debug/stm32wbxx_hal_pwr.o
 .ARM.attributes
                0x000002c6       0x34 build/debug/stm32wbxx_hal_pwr_ex.o
 .ARM.attributes
                0x000002fa       0x34 build/debug/stm32wbxx_hal_rcc.o
 .ARM.attributes
                0x0000032e       0x34 build/debug/stm32wbxx_hal_rcc_ex.o
 .ARM.attributes
                0x00000362       0x34 build/debug/stm32wbxx_hal_tim.o
 .ARM.attributes
                0x00000396       0x34 build/debug/stm32wbxx_hal_tim_ex.o
 .ARM.attributes
                0x000003ca       0x34 build/debug/stm32wbxx_hal_uart.o
 .ARM.attributes
                0x000003fe       0x34 build/debug/stm32wbxx_hal_uart_ex.o
 .ARM.attributes
                0x00000432       0x34 build/debug/stm32wbxx_it.o
 .ARM.attributes
                0x00000466       0x34 build/debug/syscalls.o
 .ARM.attributes
                0x0000049a       0x34 build/debug/sysmem.o
 .ARM.attributes
                0x000004ce       0x34 build/debug/system_stm32wbxx.o
 .ARM.attributes
                0x00000502       0x34 build/debug/tim.o
 .ARM.attributes
                0x00000536       0x34 build/debug/usart.o
 .ARM.attributes
                0x0000056a       0x21 build/debug/startup_stm32wb55xx_cm4.o
 .ARM.attributes
                0x0000058b       0x34 c:/Users/elhyd/AppData/Roaming/Code/User/globalStorage/bmd.stm32-for-vscode/@xpack-dev-tools/arm-none-eabi-gcc/14.2.1-1.1.1/.content/bin/../lib/gcc/arm-none-eabi/14.2.1/../../../../arm-none-eabi/lib/thumb/v7e-m+fp/hard\libc_nano.a(libc_a-rand.o)
 .ARM.attributes
                0x000005bf       0x34 c:/Users/elhyd/AppData/Roaming/Code/User/globalStorage/bmd.stm32-for-vscode/@xpack-dev-tools/arm-none-eabi-gcc/14.2.1-1.1.1/.content/bin/../lib/gcc/arm-none-eabi/14.2.1/../../../../arm-none-eabi/lib/thumb/v7e-m+fp/hard\libc_nano.a(libc_a-findfp.o)
 .ARM.attributes
                0x000005f3       0x34 c:/Users/elhyd/AppData/Roaming/Code/User/globalStorage/bmd.stm32-for-vscode/@xpack-dev-tools/arm-none-eabi-gcc/14.2.1-1.1.1/.content/bin/../lib/gcc/arm-none-eabi/14.2.1/../../../../arm-none-eabi/lib/thumb/v7e-m+fp/hard\libc_nano.a(libc_a-fwalk.o)
 .ARM.attributes
                0x00000627       0x34 c:/Users/elhyd/AppData/Roaming/Code/User/globalStorage/bmd.stm32-for-vscode/@xpack-dev-tools/arm-none-eabi-gcc/14.2.1-1.1.1/.content/bin/../lib/gcc/arm-none-eabi/14.2.1/../../../../arm-none-eabi/lib/thumb/v7e-m+fp/hard\libc_nano.a(libc_a-snprintf.o)
 .ARM.attributes
                0x0000065b       0x34 c:/Users/elhyd/AppData/Roaming/Code/User/globalStorage/bmd.stm32-for-vscode/@xpack-dev-tools/arm-none-eabi-gcc/14.2.1-1.1.1/.content/bin/../lib/gcc/arm-none-eabi/14.2.1/../../../../arm-none-eabi/lib/thumb/v7e-m+fp/hard\libc_nano.a(libc_a-stdio.o)
 .ARM.attributes
                0x0000068f       0x34 c:/Users/elhyd/AppData/Roaming/Code/User/globalStorage/bmd.stm32-for-vscode/@xpack-dev-tools/arm-none-eabi-gcc/14.2.1-1.1.1/.content/bin/../lib/gcc/arm-none-eabi/14.2.1/../../../../arm-none-eabi/lib/thumb/v7e-m+fp/hard\libc_nano.a(libc_a-memset.o)
 .ARM.attributes
                0x000006c3       0x34 c:/Users/elhyd/AppData/Roaming/Code/User/globalStorage/bmd.stm32-for-vscode/@xpack-dev-tools/arm-none-eabi-gcc/14.2.1-1.1.1/.content/bin/../lib/gcc/arm-none-eabi/14.2.1/../../../../arm-none-eabi/lib/thumb/v7e-m+fp/hard\libc_nano.a(libc_a-closer.o)
 .ARM.attributes
                0x000006f7       0x34 c:/Users/elhyd/AppData/Roaming/Code/User/globalStorage/bmd.stm32-for-vscode/@xpack-dev-tools/arm-none-eabi-gcc/14.2.1-1.1.1/.content/bin/../lib/gcc/arm-none-eabi/14.2.1/../../../../arm-none-eabi/lib/thumb/v7e-m+fp/hard\libc_nano.a(libc_a-reent.o)
 .ARM.attributes
                0x0000072b       0x34 c:/Users/elhyd/AppData/Roaming/Code/User/globalStorage/bmd.stm32-for-vscode/@xpack-dev-tools/arm-none-eabi-gcc/14.2.1-1.1.1/.content/bin/../lib/gcc/arm-none-eabi/14.2.1/../../../../arm-none-eabi/lib/thumb/v7e-m+fp/hard\libc_nano.a(libc_a-impure.o)
 .ARM.attributes
                0x0000075f       0x34 c:/Users/elhyd/AppData/Roaming/Code/User/globalStorage/bmd.stm32-for-vscode/@xpack-dev-tools/arm-none-eabi-gcc/14.2.1-1.1.1/.content/bin/../lib/gcc/arm-none-eabi/14.2.1/../../../../arm-none-eabi/lib/thumb/v7e-m+fp/hard\libc_nano.a(libc_a-lseekr.o)
 .ARM.attributes
                0x00000793       0x34 c:/Users/elhyd/AppData/Roaming/Code/User/globalStorage/bmd.stm32-for-vscode/@xpack-dev-tools/arm-none-eabi-gcc/14.2.1-1.1.1/.content/bin/../lib/gcc/arm-none-eabi/14.2.1/../../../../arm-none-eabi/lib/thumb/v7e-m+fp/hard\libc_nano.a(libc_a-readr.o)
 .ARM.attributes
                0x000007c7       0x34 c:/Users/elhyd/AppData/Roaming/Code/User/globalStorage/bmd.stm32-for-vscode/@xpack-dev-tools/arm-none-eabi-gcc/14.2.1-1.1.1/.content/bin/../lib/gcc/arm-none-eabi/14.2.1/../../../../arm-none-eabi/lib/thumb/v7e-m+fp/hard\libc_nano.a(libc_a-writer.o)
 .ARM.attributes
                0x000007fb       0x34 c:/Users/elhyd/AppData/Roaming/Code/User/globalStorage/bmd.stm32-for-vscode/@xpack-dev-tools/arm-none-eabi-gcc/14.2.1-1.1.1/.content/bin/../lib/gcc/arm-none-eabi/14.2.1/../../../../arm-none-eabi/lib/thumb/v7e-m+fp/hard\libc_nano.a(libc_a-errno.o)
 .ARM.attributes
                0x0000082f       0x34 c:/Users/elhyd/AppData/Roaming/Code/User/globalStorage/bmd.stm32-for-vscode/@xpack-dev-tools/arm-none-eabi-gcc/14.2.1-1.1.1/.content/bin/../lib/gcc/arm-none-eabi/14.2.1/../../../../arm-none-eabi/lib/thumb/v7e-m+fp/hard\libc_nano.a(libc_a-init.o)
 .ARM.attributes
                0x00000863       0x34 c:/Users/elhyd/AppData/Roaming/Code/User/globalStorage/bmd.stm32-for-vscode/@xpack-dev-tools/arm-none-eabi-gcc/14.2.1-1.1.1/.content/bin/../lib/gcc/arm-none-eabi/14.2.1/../../../../arm-none-eabi/lib/thumb/v7e-m+fp/hard\libc_nano.a(libc_a-lock.o)
 .ARM.attributes
                0x00000897       0x34 c:/Users/elhyd/AppData/Roaming/Code/User/globalStorage/bmd.stm32-for-vscode/@xpack-dev-tools/arm-none-eabi-gcc/14.2.1-1.1.1/.content/bin/../lib/gcc/arm-none-eabi/14.2.1/../../../../arm-none-eabi/lib/thumb/v7e-m+fp/hard\libc_nano.a(libc_a-assert.o)
 .ARM.attributes
                0x000008cb       0x34 c:/Users/elhyd/AppData/Roaming/Code/User/globalStorage/bmd.stm32-for-vscode/@xpack-dev-tools/arm-none-eabi-gcc/14.2.1-1.1.1/.content/bin/../lib/gcc/arm-none-eabi/14.2.1/../../../../arm-none-eabi/lib/thumb/v7e-m+fp/hard\libc_nano.a(libc_a-freer.o)
 .ARM.attributes
                0x000008ff       0x34 c:/Users/elhyd/AppData/Roaming/Code/User/globalStorage/bmd.stm32-for-vscode/@xpack-dev-tools/arm-none-eabi-gcc/14.2.1-1.1.1/.content/bin/../lib/gcc/arm-none-eabi/14.2.1/../../../../arm-none-eabi/lib/thumb/v7e-m+fp/hard\libc_nano.a(libc_a-malloc.o)
 .ARM.attributes
                0x00000933       0x34 c:/Users/elhyd/AppData/Roaming/Code/User/globalStorage/bmd.stm32-for-vscode/@xpack-dev-tools/arm-none-eabi-gcc/14.2.1-1.1.1/.content/bin/../lib/gcc/arm-none-eabi/14.2.1/../../../../arm-none-eabi/lib/thumb/v7e-m+fp/hard\libc_nano.a(libc_a-mallocr.o)
 .ARM.attributes
                0x00000967       0x34 c:/Users/elhyd/AppData/Roaming/Code/User/globalStorage/bmd.stm32-for-vscode/@xpack-dev-tools/arm-none-eabi-gcc/14.2.1-1.1.1/.content/bin/../lib/gcc/arm-none-eabi/14.2.1/../../../../arm-none-eabi/lib/thumb/v7e-m+fp/hard\libc_nano.a(libc_a-mlock.o)
 .ARM.attributes
                0x0000099b       0x34 c:/Users/elhyd/AppData/Roaming/Code/User/globalStorage/bmd.stm32-for-vscode/@xpack-dev-tools/arm-none-eabi-gcc/14.2.1-1.1.1/.content/bin/../lib/gcc/arm-none-eabi/14.2.1/../../../../arm-none-eabi/lib/thumb/v7e-m+fp/hard\libc_nano.a(libc_a-nano-svfprintf.o)
 .ARM.attributes
                0x000009cf       0x34 c:/Users/elhyd/AppData/Roaming/Code/User/globalStorage/bmd.stm32-for-vscode/@xpack-dev-tools/arm-none-eabi-gcc/14.2.1-1.1.1/.content/bin/../lib/gcc/arm-none-eabi/14.2.1/../../../../arm-none-eabi/lib/thumb/v7e-m+fp/hard\libc_nano.a(libc_a-nano-vfprintf_i.o)
 .ARM.attributes
                0x00000a03       0x34 c:/Users/elhyd/AppData/Roaming/Code/User/globalStorage/bmd.stm32-for-vscode/@xpack-dev-tools/arm-none-eabi-gcc/14.2.1-1.1.1/.content/bin/../lib/gcc/arm-none-eabi/14.2.1/../../../../arm-none-eabi/lib/thumb/v7e-m+fp/hard\libc_nano.a(libc_a-fflush.o)
 .ARM.attributes
                0x00000a37       0x34 c:/Users/elhyd/AppData/Roaming/Code/User/globalStorage/bmd.stm32-for-vscode/@xpack-dev-tools/arm-none-eabi-gcc/14.2.1-1.1.1/.content/bin/../lib/gcc/arm-none-eabi/14.2.1/../../../../arm-none-eabi/lib/thumb/v7e-m+fp/hard\libc_nano.a(libc_a-fprintf.o)
 .ARM.attributes
                0x00000a6b       0x34 c:/Users/elhyd/AppData/Roaming/Code/User/globalStorage/bmd.stm32-for-vscode/@xpack-dev-tools/arm-none-eabi-gcc/14.2.1-1.1.1/.content/bin/../lib/gcc/arm-none-eabi/14.2.1/../../../../arm-none-eabi/lib/thumb/v7e-m+fp/hard\libc_nano.a(libc_a-memmove.o)
 .ARM.attributes
                0x00000a9f       0x34 c:/Users/elhyd/AppData/Roaming/Code/User/globalStorage/bmd.stm32-for-vscode/@xpack-dev-tools/arm-none-eabi-gcc/14.2.1-1.1.1/.content/bin/../lib/gcc/arm-none-eabi/14.2.1/../../../../arm-none-eabi/lib/thumb/v7e-m+fp/hard\libc_nano.a(libc_a-sbrkr.o)
 .ARM.attributes
                0x00000ad3       0x1c c:/Users/elhyd/AppData/Roaming/Code/User/globalStorage/bmd.stm32-for-vscode/@xpack-dev-tools/arm-none-eabi-gcc/14.2.1-1.1.1/.content/bin/../lib/gcc/arm-none-eabi/14.2.1/../../../../arm-none-eabi/lib/thumb/v7e-m+fp/hard\libc_nano.a(libc_a-memchr.o)
 .ARM.attributes
                0x00000aef       0x34 c:/Users/elhyd/AppData/Roaming/Code/User/globalStorage/bmd.stm32-for-vscode/@xpack-dev-tools/arm-none-eabi-gcc/14.2.1-1.1.1/.content/bin/../lib/gcc/arm-none-eabi/14.2.1/../../../../arm-none-eabi/lib/thumb/v7e-m+fp/hard\libc_nano.a(libc_a-memcpy-stub.o)
 .ARM.attributes
                0x00000b23       0x34 c:/Users/elhyd/AppData/Roaming/Code/User/globalStorage/bmd.stm32-for-vscode/@xpack-dev-tools/arm-none-eabi-gcc/14.2.1-1.1.1/.content/bin/../lib/gcc/arm-none-eabi/14.2.1/../../../../arm-none-eabi/lib/thumb/v7e-m+fp/hard\libc_nano.a(libc_a-abort.o)
 .ARM.attributes
                0x00000b57       0x34 c:/Users/elhyd/AppData/Roaming/Code/User/globalStorage/bmd.stm32-for-vscode/@xpack-dev-tools/arm-none-eabi-gcc/14.2.1-1.1.1/.content/bin/../lib/gcc/arm-none-eabi/14.2.1/../../../../arm-none-eabi/lib/thumb/v7e-m+fp/hard\libc_nano.a(libc_a-reallocr.o)
 .ARM.attributes
                0x00000b8b       0x34 c:/Users/elhyd/AppData/Roaming/Code/User/globalStorage/bmd.stm32-for-vscode/@xpack-dev-tools/arm-none-eabi-gcc/14.2.1-1.1.1/.content/bin/../lib/gcc/arm-none-eabi/14.2.1/../../../../arm-none-eabi/lib/thumb/v7e-m+fp/hard\libc_nano.a(libc_a-nano-vfprintf.o)
 .ARM.attributes
                0x00000bbf       0x34 c:/Users/elhyd/AppData/Roaming/Code/User/globalStorage/bmd.stm32-for-vscode/@xpack-dev-tools/arm-none-eabi-gcc/14.2.1-1.1.1/.content/bin/../lib/gcc/arm-none-eabi/14.2.1/../../../../arm-none-eabi/lib/thumb/v7e-m+fp/hard\libc_nano.a(libc_a-wbuf.o)
 .ARM.attributes
                0x00000bf3       0x34 c:/Users/elhyd/AppData/Roaming/Code/User/globalStorage/bmd.stm32-for-vscode/@xpack-dev-tools/arm-none-eabi-gcc/14.2.1-1.1.1/.content/bin/../lib/gcc/arm-none-eabi/14.2.1/../../../../arm-none-eabi/lib/thumb/v7e-m+fp/hard\libc_nano.a(libc_a-wsetup.o)
 .ARM.attributes
                0x00000c27       0x34 c:/Users/elhyd/AppData/Roaming/Code/User/globalStorage/bmd.stm32-for-vscode/@xpack-dev-tools/arm-none-eabi-gcc/14.2.1-1.1.1/.content/bin/../lib/gcc/arm-none-eabi/14.2.1/../../../../arm-none-eabi/lib/thumb/v7e-m+fp/hard\libc_nano.a(libc_a-signal.o)
 .ARM.attributes
                0x00000c5b       0x34 c:/Users/elhyd/AppData/Roaming/Code/User/globalStorage/bmd.stm32-for-vscode/@xpack-dev-tools/arm-none-eabi-gcc/14.2.1-1.1.1/.content/bin/../lib/gcc/arm-none-eabi/14.2.1/../../../../arm-none-eabi/lib/thumb/v7e-m+fp/hard\libc_nano.a(libc_a-signalr.o)
 .ARM.attributes
                0x00000c8f       0x34 c:/Users/elhyd/AppData/Roaming/Code/User/globalStorage/bmd.stm32-for-vscode/@xpack-dev-tools/arm-none-eabi-gcc/14.2.1-1.1.1/.content/bin/../lib/gcc/arm-none-eabi/14.2.1/../../../../arm-none-eabi/lib/thumb/v7e-m+fp/hard\libc_nano.a(libc_a-msizer.o)
 .ARM.attributes
                0x00000cc3       0x34 c:/Users/elhyd/AppData/Roaming/Code/User/globalStorage/bmd.stm32-for-vscode/@xpack-dev-tools/arm-none-eabi-gcc/14.2.1-1.1.1/.content/bin/../lib/gcc/arm-none-eabi/14.2.1/../../../../arm-none-eabi/lib/thumb/v7e-m+fp/hard\libc_nano.a(libc_a-makebuf.o)
 .ARM.attributes
                0x00000cf7       0x34 c:/Users/elhyd/AppData/Roaming/Code/User/globalStorage/bmd.stm32-for-vscode/@xpack-dev-tools/arm-none-eabi-gcc/14.2.1-1.1.1/.content/bin/../lib/gcc/arm-none-eabi/14.2.1/../../../../arm-none-eabi/lib/thumb/v7e-m+fp/hard\libc_nano.a(libc_a-fstatr.o)
 .ARM.attributes
                0x00000d2b       0x34 c:/Users/elhyd/AppData/Roaming/Code/User/globalStorage/bmd.stm32-for-vscode/@xpack-dev-tools/arm-none-eabi-gcc/14.2.1-1.1.1/.content/bin/../lib/gcc/arm-none-eabi/14.2.1/../../../../arm-none-eabi/lib/thumb/v7e-m+fp/hard\libc_nano.a(libc_a-isattyr.o)
 .ARM.attributes
                0x00000d5f       0x22 c:/Users/elhyd/AppData/Roaming/Code/User/globalStorage/bmd.stm32-for-vscode/@xpack-dev-tools/arm-none-eabi-gcc/14.2.1-1.1.1/.content/bin/../lib/gcc/arm-none-eabi/14.2.1/thumb/v7e-m+fp/hard\libgcc.a(_aeabi_uldivmod.o)
 .ARM.attributes
                0x00000d81       0x34 c:/Users/elhyd/AppData/Roaming/Code/User/globalStorage/bmd.stm32-for-vscode/@xpack-dev-tools/arm-none-eabi-gcc/14.2.1-1.1.1/.content/bin/../lib/gcc/arm-none-eabi/14.2.1/thumb/v7e-m+fp/hard\libgcc.a(_udivmoddi4.o)
 .ARM.attributes
                0x00000db5       0x22 c:/Users/elhyd/AppData/Roaming/Code/User/globalStorage/bmd.stm32-for-vscode/@xpack-dev-tools/arm-none-eabi-gcc/14.2.1-1.1.1/.content/bin/../lib/gcc/arm-none-eabi/14.2.1/thumb/v7e-m+fp/hard\libgcc.a(_dvmd_tls.o)
 .ARM.attributes
                0x00000dd7       0x22 c:/Users/elhyd/AppData/Roaming/Code/User/globalStorage/bmd.stm32-for-vscode/@xpack-dev-tools/arm-none-eabi-gcc/14.2.1-1.1.1/.content/bin/../lib/gcc/arm-none-eabi/14.2.1/thumb/v7e-m+fp/hard/crtn.o

MAPPING_TABLE
 *(MAPPING_TABLE)

MB_MEM1
 *(MB_MEM1)
                0x080057f4                        _siMB_MEM2 = LOADADDR (.MB_MEM2)

.MB_MEM2        0x20030000        0x0 load address 0x080057f4
                0x20030000                        _sMB_MEM2 = .
 *(MB_MEM2)
                0x20030000                        _eMB_MEM2 = .
OUTPUT(build/debug/lcd+joystick.elf elf32-littlearm)
LOAD linker stubs

.comment        0x00000000       0x39
 .comment       0x00000000       0x39 c:/Users/elhyd/AppData/Roaming/Code/User/globalStorage/bmd.stm32-for-vscode/@xpack-dev-tools/arm-none-eabi-gcc/14.2.1-1.1.1/.content/bin/../lib/gcc/arm-none-eabi/14.2.1/thumb/v7e-m+fp/hard/crtbegin.o
                                 0x3a (size before relaxing)
 .comment       0x00000039       0x3a build/debug/SimonGame.o
 .comment       0x00000039       0x3a build/debug/adc.o
 .comment       0x00000039       0x3a build/debug/gpio.o
 .comment       0x00000039       0x3a build/debug/joystick.o
 .comment       0x00000039       0x3a build/debug/lcd1602.o
 .comment       0x00000039       0x3a build/debug/main.o
 .comment       0x00000039       0x3a build/debug/stm32wbxx_hal.o
 .comment       0x00000039       0x3a build/debug/stm32wbxx_hal_adc.o
 .comment       0x00000039       0x3a build/debug/stm32wbxx_hal_cortex.o
 .comment       0x00000039       0x3a build/debug/stm32wbxx_hal_gpio.o
 .comment       0x00000039       0x3a build/debug/stm32wbxx_hal_msp.o
 .comment       0x00000039       0x3a build/debug/stm32wbxx_hal_pwr.o
 .comment       0x00000039       0x3a build/debug/stm32wbxx_hal_pwr_ex.o
 .comment       0x00000039       0x3a build/debug/stm32wbxx_hal_rcc.o
 .comment       0x00000039       0x3a build/debug/stm32wbxx_hal_rcc_ex.o
 .comment       0x00000039       0x3a build/debug/stm32wbxx_hal_tim.o
 .comment       0x00000039       0x3a build/debug/stm32wbxx_hal_tim_ex.o
 .comment       0x00000039       0x3a build/debug/stm32wbxx_hal_uart.o
 .comment       0x00000039       0x3a build/debug/stm32wbxx_hal_uart_ex.o
 .comment       0x00000039       0x3a build/debug/stm32wbxx_it.o
 .comment       0x00000039       0x3a build/debug/syscalls.o
 .comment       0x00000039       0x3a build/debug/sysmem.o
 .comment       0x00000039       0x3a build/debug/system_stm32wbxx.o
 .comment       0x00000039       0x3a build/debug/tim.o
 .comment       0x00000039       0x3a build/debug/usart.o
 .comment       0x00000039       0x3a c:/Users/elhyd/AppData/Roaming/Code/User/globalStorage/bmd.stm32-for-vscode/@xpack-dev-tools/arm-none-eabi-gcc/14.2.1-1.1.1/.content/bin/../lib/gcc/arm-none-eabi/14.2.1/../../../../arm-none-eabi/lib/thumb/v7e-m+fp/hard\libc_nano.a(libc_a-rand.o)
 .comment       0x00000039       0x3a c:/Users/elhyd/AppData/Roaming/Code/User/globalStorage/bmd.stm32-for-vscode/@xpack-dev-tools/arm-none-eabi-gcc/14.2.1-1.1.1/.content/bin/../lib/gcc/arm-none-eabi/14.2.1/../../../../arm-none-eabi/lib/thumb/v7e-m+fp/hard\libc_nano.a(libc_a-findfp.o)
 .comment       0x00000039       0x3a c:/Users/elhyd/AppData/Roaming/Code/User/globalStorage/bmd.stm32-for-vscode/@xpack-dev-tools/arm-none-eabi-gcc/14.2.1-1.1.1/.content/bin/../lib/gcc/arm-none-eabi/14.2.1/../../../../arm-none-eabi/lib/thumb/v7e-m+fp/hard\libc_nano.a(libc_a-fwalk.o)
 .comment       0x00000039       0x3a c:/Users/elhyd/AppData/Roaming/Code/User/globalStorage/bmd.stm32-for-vscode/@xpack-dev-tools/arm-none-eabi-gcc/14.2.1-1.1.1/.content/bin/../lib/gcc/arm-none-eabi/14.2.1/../../../../arm-none-eabi/lib/thumb/v7e-m+fp/hard\libc_nano.a(libc_a-snprintf.o)
 .comment       0x00000039       0x3a c:/Users/elhyd/AppData/Roaming/Code/User/globalStorage/bmd.stm32-for-vscode/@xpack-dev-tools/arm-none-eabi-gcc/14.2.1-1.1.1/.content/bin/../lib/gcc/arm-none-eabi/14.2.1/../../../../arm-none-eabi/lib/thumb/v7e-m+fp/hard\libc_nano.a(libc_a-stdio.o)
 .comment       0x00000039       0x3a c:/Users/elhyd/AppData/Roaming/Code/User/globalStorage/bmd.stm32-for-vscode/@xpack-dev-tools/arm-none-eabi-gcc/14.2.1-1.1.1/.content/bin/../lib/gcc/arm-none-eabi/14.2.1/../../../../arm-none-eabi/lib/thumb/v7e-m+fp/hard\libc_nano.a(libc_a-memset.o)
 .comment       0x00000039       0x3a c:/Users/elhyd/AppData/Roaming/Code/User/globalStorage/bmd.stm32-for-vscode/@xpack-dev-tools/arm-none-eabi-gcc/14.2.1-1.1.1/.content/bin/../lib/gcc/arm-none-eabi/14.2.1/../../../../arm-none-eabi/lib/thumb/v7e-m+fp/hard\libc_nano.a(libc_a-closer.o)
 .comment       0x00000039       0x3a c:/Users/elhyd/AppData/Roaming/Code/User/globalStorage/bmd.stm32-for-vscode/@xpack-dev-tools/arm-none-eabi-gcc/14.2.1-1.1.1/.content/bin/../lib/gcc/arm-none-eabi/14.2.1/../../../../arm-none-eabi/lib/thumb/v7e-m+fp/hard\libc_nano.a(libc_a-reent.o)
 .comment       0x00000039       0x3a c:/Users/elhyd/AppData/Roaming/Code/User/globalStorage/bmd.stm32-for-vscode/@xpack-dev-tools/arm-none-eabi-gcc/14.2.1-1.1.1/.content/bin/../lib/gcc/arm-none-eabi/14.2.1/../../../../arm-none-eabi/lib/thumb/v7e-m+fp/hard\libc_nano.a(libc_a-impure.o)
 .comment       0x00000039       0x3a c:/Users/elhyd/AppData/Roaming/Code/User/globalStorage/bmd.stm32-for-vscode/@xpack-dev-tools/arm-none-eabi-gcc/14.2.1-1.1.1/.content/bin/../lib/gcc/arm-none-eabi/14.2.1/../../../../arm-none-eabi/lib/thumb/v7e-m+fp/hard\libc_nano.a(libc_a-lseekr.o)
 .comment       0x00000039       0x3a c:/Users/elhyd/AppData/Roaming/Code/User/globalStorage/bmd.stm32-for-vscode/@xpack-dev-tools/arm-none-eabi-gcc/14.2.1-1.1.1/.content/bin/../lib/gcc/arm-none-eabi/14.2.1/../../../../arm-none-eabi/lib/thumb/v7e-m+fp/hard\libc_nano.a(libc_a-readr.o)
 .comment       0x00000039       0x3a c:/Users/elhyd/AppData/Roaming/Code/User/globalStorage/bmd.stm32-for-vscode/@xpack-dev-tools/arm-none-eabi-gcc/14.2.1-1.1.1/.content/bin/../lib/gcc/arm-none-eabi/14.2.1/../../../../arm-none-eabi/lib/thumb/v7e-m+fp/hard\libc_nano.a(libc_a-writer.o)
 .comment       0x00000039       0x3a c:/Users/elhyd/AppData/Roaming/Code/User/globalStorage/bmd.stm32-for-vscode/@xpack-dev-tools/arm-none-eabi-gcc/14.2.1-1.1.1/.content/bin/../lib/gcc/arm-none-eabi/14.2.1/../../../../arm-none-eabi/lib/thumb/v7e-m+fp/hard\libc_nano.a(libc_a-errno.o)
 .comment       0x00000039       0x3a c:/Users/elhyd/AppData/Roaming/Code/User/globalStorage/bmd.stm32-for-vscode/@xpack-dev-tools/arm-none-eabi-gcc/14.2.1-1.1.1/.content/bin/../lib/gcc/arm-none-eabi/14.2.1/../../../../arm-none-eabi/lib/thumb/v7e-m+fp/hard\libc_nano.a(libc_a-init.o)
 .comment       0x00000039       0x3a c:/Users/elhyd/AppData/Roaming/Code/User/globalStorage/bmd.stm32-for-vscode/@xpack-dev-tools/arm-none-eabi-gcc/14.2.1-1.1.1/.content/bin/../lib/gcc/arm-none-eabi/14.2.1/../../../../arm-none-eabi/lib/thumb/v7e-m+fp/hard\libc_nano.a(libc_a-lock.o)
 .comment       0x00000039       0x3a c:/Users/elhyd/AppData/Roaming/Code/User/globalStorage/bmd.stm32-for-vscode/@xpack-dev-tools/arm-none-eabi-gcc/14.2.1-1.1.1/.content/bin/../lib/gcc/arm-none-eabi/14.2.1/../../../../arm-none-eabi/lib/thumb/v7e-m+fp/hard\libc_nano.a(libc_a-assert.o)
 .comment       0x00000039       0x3a c:/Users/elhyd/AppData/Roaming/Code/User/globalStorage/bmd.stm32-for-vscode/@xpack-dev-tools/arm-none-eabi-gcc/14.2.1-1.1.1/.content/bin/../lib/gcc/arm-none-eabi/14.2.1/../../../../arm-none-eabi/lib/thumb/v7e-m+fp/hard\libc_nano.a(libc_a-freer.o)
 .comment       0x00000039       0x3a c:/Users/elhyd/AppData/Roaming/Code/User/globalStorage/bmd.stm32-for-vscode/@xpack-dev-tools/arm-none-eabi-gcc/14.2.1-1.1.1/.content/bin/../lib/gcc/arm-none-eabi/14.2.1/../../../../arm-none-eabi/lib/thumb/v7e-m+fp/hard\libc_nano.a(libc_a-malloc.o)
 .comment       0x00000039       0x3a c:/Users/elhyd/AppData/Roaming/Code/User/globalStorage/bmd.stm32-for-vscode/@xpack-dev-tools/arm-none-eabi-gcc/14.2.1-1.1.1/.content/bin/../lib/gcc/arm-none-eabi/14.2.1/../../../../arm-none-eabi/lib/thumb/v7e-m+fp/hard\libc_nano.a(libc_a-mallocr.o)
 .comment       0x00000039       0x3a c:/Users/elhyd/AppData/Roaming/Code/User/globalStorage/bmd.stm32-for-vscode/@xpack-dev-tools/arm-none-eabi-gcc/14.2.1-1.1.1/.content/bin/../lib/gcc/arm-none-eabi/14.2.1/../../../../arm-none-eabi/lib/thumb/v7e-m+fp/hard\libc_nano.a(libc_a-mlock.o)
 .comment       0x00000039       0x3a c:/Users/elhyd/AppData/Roaming/Code/User/globalStorage/bmd.stm32-for-vscode/@xpack-dev-tools/arm-none-eabi-gcc/14.2.1-1.1.1/.content/bin/../lib/gcc/arm-none-eabi/14.2.1/../../../../arm-none-eabi/lib/thumb/v7e-m+fp/hard\libc_nano.a(libc_a-nano-svfprintf.o)
 .comment       0x00000039       0x3a c:/Users/elhyd/AppData/Roaming/Code/User/globalStorage/bmd.stm32-for-vscode/@xpack-dev-tools/arm-none-eabi-gcc/14.2.1-1.1.1/.content/bin/../lib/gcc/arm-none-eabi/14.2.1/../../../../arm-none-eabi/lib/thumb/v7e-m+fp/hard\libc_nano.a(libc_a-nano-vfprintf_i.o)
 .comment       0x00000039       0x3a c:/Users/elhyd/AppData/Roaming/Code/User/globalStorage/bmd.stm32-for-vscode/@xpack-dev-tools/arm-none-eabi-gcc/14.2.1-1.1.1/.content/bin/../lib/gcc/arm-none-eabi/14.2.1/../../../../arm-none-eabi/lib/thumb/v7e-m+fp/hard\libc_nano.a(libc_a-fflush.o)
 .comment       0x00000039       0x3a c:/Users/elhyd/AppData/Roaming/Code/User/globalStorage/bmd.stm32-for-vscode/@xpack-dev-tools/arm-none-eabi-gcc/14.2.1-1.1.1/.content/bin/../lib/gcc/arm-none-eabi/14.2.1/../../../../arm-none-eabi/lib/thumb/v7e-m+fp/hard\libc_nano.a(libc_a-fprintf.o)
 .comment       0x00000039       0x3a c:/Users/elhyd/AppData/Roaming/Code/User/globalStorage/bmd.stm32-for-vscode/@xpack-dev-tools/arm-none-eabi-gcc/14.2.1-1.1.1/.content/bin/../lib/gcc/arm-none-eabi/14.2.1/../../../../arm-none-eabi/lib/thumb/v7e-m+fp/hard\libc_nano.a(libc_a-memmove.o)
 .comment       0x00000039       0x3a c:/Users/elhyd/AppData/Roaming/Code/User/globalStorage/bmd.stm32-for-vscode/@xpack-dev-tools/arm-none-eabi-gcc/14.2.1-1.1.1/.content/bin/../lib/gcc/arm-none-eabi/14.2.1/../../../../arm-none-eabi/lib/thumb/v7e-m+fp/hard\libc_nano.a(libc_a-sbrkr.o)
 .comment       0x00000039       0x3a c:/Users/elhyd/AppData/Roaming/Code/User/globalStorage/bmd.stm32-for-vscode/@xpack-dev-tools/arm-none-eabi-gcc/14.2.1-1.1.1/.content/bin/../lib/gcc/arm-none-eabi/14.2.1/../../../../arm-none-eabi/lib/thumb/v7e-m+fp/hard\libc_nano.a(libc_a-memcpy-stub.o)
 .comment       0x00000039       0x3a c:/Users/elhyd/AppData/Roaming/Code/User/globalStorage/bmd.stm32-for-vscode/@xpack-dev-tools/arm-none-eabi-gcc/14.2.1-1.1.1/.content/bin/../lib/gcc/arm-none-eabi/14.2.1/../../../../arm-none-eabi/lib/thumb/v7e-m+fp/hard\libc_nano.a(libc_a-abort.o)
 .comment       0x00000039       0x3a c:/Users/elhyd/AppData/Roaming/Code/User/globalStorage/bmd.stm32-for-vscode/@xpack-dev-tools/arm-none-eabi-gcc/14.2.1-1.1.1/.content/bin/../lib/gcc/arm-none-eabi/14.2.1/../../../../arm-none-eabi/lib/thumb/v7e-m+fp/hard\libc_nano.a(libc_a-reallocr.o)
 .comment       0x00000039       0x3a c:/Users/elhyd/AppData/Roaming/Code/User/globalStorage/bmd.stm32-for-vscode/@xpack-dev-tools/arm-none-eabi-gcc/14.2.1-1.1.1/.content/bin/../lib/gcc/arm-none-eabi/14.2.1/../../../../arm-none-eabi/lib/thumb/v7e-m+fp/hard\libc_nano.a(libc_a-nano-vfprintf.o)